../Core/Src/level_2/task_manager.c:11:6:activate_HSEM_Notifications	8	static
../Core/Src/level_2/task_manager.c:23:6:HAL_HSEM_FreeCallback	16	static
../Core/Src/level_2/task_manager.c:61:6:gameplay_loop_CM4	16	static
../Core/Src/level_2/task_manager.c:100:6:exec_state_init	8	static
../Core/Src/level_2/task_manager.c:110:6:exec_state_idle	8	static
../Core/Src/level_2/task_manager.c:119:6:exec_state_robot_move	8	static
../Core/Src/level_2/task_manager.c:170:6:exec_state_user_move	8	static
../Core/Src/level_2/task_manager.c:185:6:exec_state_clean_up	8	static
../Core/Src/level_2/task_manager.c:194:6:exec_state_cheat_detected	8	static
../Core/Src/level_2/task_manager.c:204:6:exec_state_game_end	8	static
../Core/Src/level_2/task_manager.c:221:5:check_state	4	static
