../Core/Src/peripheral_devices/gpio.c:37:6:MX_GPIO_Init	56	static
../Core/Src/peripheral_devices/gpio.c:174:6:set_Debug_1	8	static
../Core/Src/peripheral_devices/gpio.c:177:6:reset_Debug_1	8	static
../Core/Src/peripheral_devices/gpio.c:181:6:set_Debug_2	8	static
../Core/Src/peripheral_devices/gpio.c:184:6:reset_Debug_2	8	static
../Core/Src/peripheral_devices/gpio.c:188:6:set_Debug_3	8	static
../Core/Src/peripheral_devices/gpio.c:191:6:reset_Debug_3	8	static
../Core/Src/peripheral_devices/gpio.c:195:6:set_Debug_4	8	static
../Core/Src/peripheral_devices/gpio.c:198:6:reset_Debug_4	8	static
../Core/Src/peripheral_devices/gpio.c:204:6:set_LD1	8	static
../Core/Src/peripheral_devices/gpio.c:207:6:reset_LD1	8	static
../Core/Src/peripheral_devices/gpio.c:212:6:set_LD2	8	static
../Core/Src/peripheral_devices/gpio.c:215:6:reset_LD2	8	static
../Core/Src/peripheral_devices/gpio.c:219:6:set_LD3	8	static
../Core/Src/peripheral_devices/gpio.c:222:6:reset_LD3	8	static
../Core/Src/peripheral_devices/gpio.c:228:6:set_Valve	8	static
../Core/Src/peripheral_devices/gpio.c:231:6:reset_Valve	8	static
../Core/Src/peripheral_devices/gpio.c:235:6:set_Pump	8	static
../Core/Src/peripheral_devices/gpio.c:238:6:reset_Pump	8	static
../Core/Src/peripheral_devices/gpio.c:242:6:set_Flipper	8	static
../Core/Src/peripheral_devices/gpio.c:245:6:reset_Flipper	8	static
../Core/Src/peripheral_devices/gpio.c:251:6:set_Direction_X	8	static
../Core/Src/peripheral_devices/gpio.c:254:6:reset_Direction_X	8	static
../Core/Src/peripheral_devices/gpio.c:258:6:set_Ready_X	8	static
../Core/Src/peripheral_devices/gpio.c:261:6:reset_Ready_X	8	static
../Core/Src/peripheral_devices/gpio.c:265:6:set_Digout_X	8	static
../Core/Src/peripheral_devices/gpio.c:268:6:reset_Digout_X	8	static
../Core/Src/peripheral_devices/gpio.c:274:6:set_Direction_Z	8	static
../Core/Src/peripheral_devices/gpio.c:277:6:reset_Direction_Z	8	static
../Core/Src/peripheral_devices/gpio.c:281:6:set_Ready_Z	8	static
../Core/Src/peripheral_devices/gpio.c:284:6:reset_Ready_Z	8	static
../Core/Src/peripheral_devices/gpio.c:288:6:set_Digout_Z	8	static
../Core/Src/peripheral_devices/gpio.c:291:6:reset_Digout_Z	8	static
../Core/Src/peripheral_devices/gpio.c:297:6:set_Enable_Power	8	static
../Core/Src/peripheral_devices/gpio.c:300:6:reset_Enable_Power	8	static
../Core/Src/peripheral_devices/gpio.c:304:5:get_Homing_X	8	static
../Core/Src/peripheral_devices/gpio.c:307:5:get_Homing_Z	8	static
../Core/Src/peripheral_devices/gpio.c:310:5:get_Endstop_X	8	static
../Core/Src/peripheral_devices/gpio.c:313:5:get_Endstop_Z	8	static
../Core/Src/peripheral_devices/gpio.c:317:5:get_Rotary_C1	8	static
../Core/Src/peripheral_devices/gpio.c:320:5:get_Rotary_C2	8	static
../Core/Src/peripheral_devices/gpio.c:323:5:get_Rotary_C4	8	static
../Core/Src/peripheral_devices/gpio.c:326:5:get_Rotary_C8	8	static
../Core/Src/peripheral_devices/gpio.c:330:5:get_Start_Selector	8	static
