../Core/Src/peripheral_devices/gpio.c:37:6:MX_GPIO_Init	56	static
../Core/Src/peripheral_devices/gpio.c:179:6:set_Debug_1	8	static
../Core/Src/peripheral_devices/gpio.c:183:6:reset_Debug_1	8	static
../Core/Src/peripheral_devices/gpio.c:188:6:set_Debug_2	8	static
../Core/Src/peripheral_devices/gpio.c:192:6:reset_Debug_2	8	static
../Core/Src/peripheral_devices/gpio.c:197:6:set_Debug_3	8	static
../Core/Src/peripheral_devices/gpio.c:201:6:reset_Debug_3	8	static
../Core/Src/peripheral_devices/gpio.c:206:6:set_Debug_4	8	static
../Core/Src/peripheral_devices/gpio.c:210:6:reset_Debug_4	8	static
../Core/Src/peripheral_devices/gpio.c:215:6:set_LD1	8	static
../Core/Src/peripheral_devices/gpio.c:219:6:reset_LD1	8	static
../Core/Src/peripheral_devices/gpio.c:225:6:set_LD2	8	static
../Core/Src/peripheral_devices/gpio.c:229:6:reset_LD2	8	static
../Core/Src/peripheral_devices/gpio.c:234:6:set_LD3	8	static
../Core/Src/peripheral_devices/gpio.c:238:6:reset_LD3	8	static
../Core/Src/peripheral_devices/gpio.c:243:6:set_Valve	8	static
../Core/Src/peripheral_devices/gpio.c:248:6:reset_Valve	8	static
../Core/Src/peripheral_devices/gpio.c:253:6:set_Pump	8	static
../Core/Src/peripheral_devices/gpio.c:257:6:reset_Pump	8	static
../Core/Src/peripheral_devices/gpio.c:262:6:set_Flipper	8	static
../Core/Src/peripheral_devices/gpio.c:266:6:reset_Flipper	8	static
../Core/Src/peripheral_devices/gpio.c:271:6:set_Direction_X	8	static
../Core/Src/peripheral_devices/gpio.c:275:6:reset_Direction_X	8	static
../Core/Src/peripheral_devices/gpio.c:280:6:set_Ready_X	8	static
../Core/Src/peripheral_devices/gpio.c:284:6:reset_Ready_X	8	static
../Core/Src/peripheral_devices/gpio.c:289:6:set_Digout_X	8	static
../Core/Src/peripheral_devices/gpio.c:293:6:reset_Digout_X	8	static
../Core/Src/peripheral_devices/gpio.c:298:6:set_Direction_Z	8	static
../Core/Src/peripheral_devices/gpio.c:302:6:reset_Direction_Z	8	static
../Core/Src/peripheral_devices/gpio.c:307:6:set_Ready_Z	8	static
../Core/Src/peripheral_devices/gpio.c:311:6:reset_Ready_Z	8	static
../Core/Src/peripheral_devices/gpio.c:316:6:set_Digout_Z	8	static
../Core/Src/peripheral_devices/gpio.c:320:6:reset_Digout_Z	8	static
../Core/Src/peripheral_devices/gpio.c:325:6:set_Enable_Power	8	static
../Core/Src/peripheral_devices/gpio.c:329:6:reset_Enable_Power	8	static
../Core/Src/peripheral_devices/gpio.c:334:5:get_Homing_X	8	static
../Core/Src/peripheral_devices/gpio.c:338:5:get_Homing_Z	8	static
../Core/Src/peripheral_devices/gpio.c:342:5:get_Endstop_X	8	static
../Core/Src/peripheral_devices/gpio.c:347:5:get_Endstop_Z	8	static
../Core/Src/peripheral_devices/gpio.c:353:5:get_Rotary_C1	8	static
../Core/Src/peripheral_devices/gpio.c:358:5:get_Rotary_C2	8	static
../Core/Src/peripheral_devices/gpio.c:363:5:get_Rotary_C4	8	static
../Core/Src/peripheral_devices/gpio.c:368:5:get_Rotary_C8	8	static
../Core/Src/peripheral_devices/gpio.c:374:5:get_Start_Selector	8	static
