../Core/Src/peripheral_devices/tim.c:40:6:MX_TIM2_Init	48	static
../Core/Src/peripheral_devices/tim.c:88:6:MX_TIM3_Init	56	static
../Core/Src/peripheral_devices/tim.c:132:6:MX_TIM4_Init	56	static
../Core/Src/peripheral_devices/tim.c:176:6:MX_TIM7_Init	24	static
../Core/Src/peripheral_devices/tim.c:209:6:MX_TIM13_Init	40	static
../Core/Src/peripheral_devices/tim.c:250:6:MX_TIM14_Init	40	static
../Core/Src/peripheral_devices/tim.c:291:6:HAL_TIM_PWM_MspInit	24	static
../Core/Src/peripheral_devices/tim.c:307:6:HAL_TIM_Encoder_MspInit	56	static
../Core/Src/peripheral_devices/tim.c:369:6:HAL_TIM_Base_MspInit	24	static
../Core/Src/peripheral_devices/tim.c:395:6:HAL_TIM_MspPostInit	48	static
../Core/Src/peripheral_devices/tim.c:465:6:HAL_TIM_PWM_MspDeInit	16	static
../Core/Src/peripheral_devices/tim.c:481:6:HAL_TIM_Encoder_MspDeInit	16	static
../Core/Src/peripheral_devices/tim.c:524:6:HAL_TIM_Base_MspDeInit	16	static
../Core/Src/peripheral_devices/tim.c:552:6:set_Motor_X_PWM	16	static
../Core/Src/peripheral_devices/tim.c:556:6:set_Motor_Z_PWM	16	static
