../Core/Src/peripheral_devices/tim.c:35:6:MX_TIM2_Init	48	static
../Core/Src/peripheral_devices/tim.c:83:6:MX_TIM3_Init	56	static
../Core/Src/peripheral_devices/tim.c:127:6:MX_TIM4_Init	56	static
../Core/Src/peripheral_devices/tim.c:171:6:MX_TIM7_Init	24	static
../Core/Src/peripheral_devices/tim.c:204:6:MX_TIM13_Init	40	static
../Core/Src/peripheral_devices/tim.c:245:6:MX_TIM14_Init	40	static
../Core/Src/peripheral_devices/tim.c:286:6:HAL_TIM_PWM_MspInit	24	static
../Core/Src/peripheral_devices/tim.c:302:6:HAL_TIM_Encoder_MspInit	56	static
../Core/Src/peripheral_devices/tim.c:364:6:HAL_TIM_Base_MspInit	32	static
../Core/Src/peripheral_devices/tim.c:405:6:HAL_TIM_MspPostInit	48	static
../Core/Src/peripheral_devices/tim.c:475:6:HAL_TIM_PWM_MspDeInit	16	static
../Core/Src/peripheral_devices/tim.c:491:6:HAL_TIM_Encoder_MspDeInit	16	static
../Core/Src/peripheral_devices/tim.c:534:6:HAL_TIM_Base_MspDeInit	16	static
../Core/Src/peripheral_devices/tim.c:577:6:HAL_TIM_PeriodElapsedCallback	16	static
