../Core/Src/peripheral_devices/usart.c:31:6:MX_UART5_Init	8	static
../Core/Src/peripheral_devices/usart.c:75:6:MX_USART3_UART_Init	8	static
../Core/Src/peripheral_devices/usart.c:118:6:HAL_UART_MspInit	248	static
../Core/Src/peripheral_devices/usart.c:201:6:HAL_UART_MspDeInit	16	static
../Core/Src/peripheral_devices/usart.c:245:6:ST_LINK_WRITE	16	static
../Core/Src/peripheral_devices/usart.c:250:6:send_msg	72	static
../Core/Src/peripheral_devices/usart.c:260:6:send_msg_data	56	static
../Core/Src/peripheral_devices/usart.c:269:6:send_msg_2data	64	static
