Archive member included to satisfy reference by file (symbol)

c:/st/stm32cubeide_1.11.2/stm32cubeide/plugins/com.st.stm32cube.ide.mcu.externaltools.gnu-tools-for-stm32.10.3-2021.10.win32_1.0.200.202301161003/tools/bin/../lib/gcc/arm-none-eabi/10.3.1/../../../../arm-none-eabi/lib/thumb/v7e-m+fp/hard\libc_nano.a(lib_a-exit.o)
                              c:/st/stm32cubeide_1.11.2/stm32cubeide/plugins/com.st.stm32cube.ide.mcu.externaltools.gnu-tools-for-stm32.10.3-2021.10.win32_1.0.200.202301161003/tools/bin/../lib/gcc/arm-none-eabi/10.3.1/../../../../arm-none-eabi/lib/thumb/v7e-m+fp/hard/crt0.o (exit)
c:/st/stm32cubeide_1.11.2/stm32cubeide/plugins/com.st.stm32cube.ide.mcu.externaltools.gnu-tools-for-stm32.10.3-2021.10.win32_1.0.200.202301161003/tools/bin/../lib/gcc/arm-none-eabi/10.3.1/../../../../arm-none-eabi/lib/thumb/v7e-m+fp/hard\libc_nano.a(lib_a-impure.o)
                              c:/st/stm32cubeide_1.11.2/stm32cubeide/plugins/com.st.stm32cube.ide.mcu.externaltools.gnu-tools-for-stm32.10.3-2021.10.win32_1.0.200.202301161003/tools/bin/../lib/gcc/arm-none-eabi/10.3.1/../../../../arm-none-eabi/lib/thumb/v7e-m+fp/hard\libc_nano.a(lib_a-exit.o) (_global_impure_ptr)
c:/st/stm32cubeide_1.11.2/stm32cubeide/plugins/com.st.stm32cube.ide.mcu.externaltools.gnu-tools-for-stm32.10.3-2021.10.win32_1.0.200.202301161003/tools/bin/../lib/gcc/arm-none-eabi/10.3.1/../../../../arm-none-eabi/lib/thumb/v7e-m+fp/hard\libc_nano.a(lib_a-init.o)
                              c:/st/stm32cubeide_1.11.2/stm32cubeide/plugins/com.st.stm32cube.ide.mcu.externaltools.gnu-tools-for-stm32.10.3-2021.10.win32_1.0.200.202301161003/tools/bin/../lib/gcc/arm-none-eabi/10.3.1/../../../../arm-none-eabi/lib/thumb/v7e-m+fp/hard/crt0.o (__libc_init_array)
c:/st/stm32cubeide_1.11.2/stm32cubeide/plugins/com.st.stm32cube.ide.mcu.externaltools.gnu-tools-for-stm32.10.3-2021.10.win32_1.0.200.202301161003/tools/bin/../lib/gcc/arm-none-eabi/10.3.1/../../../../arm-none-eabi/lib/thumb/v7e-m+fp/hard\libc_nano.a(lib_a-memset.o)
                              c:/st/stm32cubeide_1.11.2/stm32cubeide/plugins/com.st.stm32cube.ide.mcu.externaltools.gnu-tools-for-stm32.10.3-2021.10.win32_1.0.200.202301161003/tools/bin/../lib/gcc/arm-none-eabi/10.3.1/../../../../arm-none-eabi/lib/thumb/v7e-m+fp/hard/crt0.o (memset)
c:/st/stm32cubeide_1.11.2/stm32cubeide/plugins/com.st.stm32cube.ide.mcu.externaltools.gnu-tools-for-stm32.10.3-2021.10.win32_1.0.200.202301161003/tools/bin/../lib/gcc/arm-none-eabi/10.3.1/../../../../arm-none-eabi/lib/thumb/v7e-m+fp/hard\libc_nano.a(lib_a-sprintf.o)
                              ./Core/Src/peripheral_devices/usart.o (sprintf)
c:/st/stm32cubeide_1.11.2/stm32cubeide/plugins/com.st.stm32cube.ide.mcu.externaltools.gnu-tools-for-stm32.10.3-2021.10.win32_1.0.200.202301161003/tools/bin/../lib/gcc/arm-none-eabi/10.3.1/../../../../arm-none-eabi/lib/thumb/v7e-m+fp/hard\libc_nano.a(lib_a-nano-svfprintf.o)
                              c:/st/stm32cubeide_1.11.2/stm32cubeide/plugins/com.st.stm32cube.ide.mcu.externaltools.gnu-tools-for-stm32.10.3-2021.10.win32_1.0.200.202301161003/tools/bin/../lib/gcc/arm-none-eabi/10.3.1/../../../../arm-none-eabi/lib/thumb/v7e-m+fp/hard\libc_nano.a(lib_a-sprintf.o) (_svfprintf_r)
c:/st/stm32cubeide_1.11.2/stm32cubeide/plugins/com.st.stm32cube.ide.mcu.externaltools.gnu-tools-for-stm32.10.3-2021.10.win32_1.0.200.202301161003/tools/bin/../lib/gcc/arm-none-eabi/10.3.1/../../../../arm-none-eabi/lib/thumb/v7e-m+fp/hard\libc_nano.a(lib_a-nano-vfprintf_i.o)
                              c:/st/stm32cubeide_1.11.2/stm32cubeide/plugins/com.st.stm32cube.ide.mcu.externaltools.gnu-tools-for-stm32.10.3-2021.10.win32_1.0.200.202301161003/tools/bin/../lib/gcc/arm-none-eabi/10.3.1/../../../../arm-none-eabi/lib/thumb/v7e-m+fp/hard\libc_nano.a(lib_a-nano-svfprintf.o) (_printf_i)
c:/st/stm32cubeide_1.11.2/stm32cubeide/plugins/com.st.stm32cube.ide.mcu.externaltools.gnu-tools-for-stm32.10.3-2021.10.win32_1.0.200.202301161003/tools/bin/../lib/gcc/arm-none-eabi/10.3.1/../../../../arm-none-eabi/lib/thumb/v7e-m+fp/hard\libc_nano.a(lib_a-memchr.o)
                              c:/st/stm32cubeide_1.11.2/stm32cubeide/plugins/com.st.stm32cube.ide.mcu.externaltools.gnu-tools-for-stm32.10.3-2021.10.win32_1.0.200.202301161003/tools/bin/../lib/gcc/arm-none-eabi/10.3.1/../../../../arm-none-eabi/lib/thumb/v7e-m+fp/hard\libc_nano.a(lib_a-nano-svfprintf.o) (memchr)
c:/st/stm32cubeide_1.11.2/stm32cubeide/plugins/com.st.stm32cube.ide.mcu.externaltools.gnu-tools-for-stm32.10.3-2021.10.win32_1.0.200.202301161003/tools/bin/../lib/gcc/arm-none-eabi/10.3.1/../../../../arm-none-eabi/lib/thumb/v7e-m+fp/hard\libc_nano.a(lib_a-memcpy-stub.o)
                              c:/st/stm32cubeide_1.11.2/stm32cubeide/plugins/com.st.stm32cube.ide.mcu.externaltools.gnu-tools-for-stm32.10.3-2021.10.win32_1.0.200.202301161003/tools/bin/../lib/gcc/arm-none-eabi/10.3.1/../../../../arm-none-eabi/lib/thumb/v7e-m+fp/hard\libc_nano.a(lib_a-nano-svfprintf.o) (memcpy)
[...]
Memory Configuration

Name             Origin             Length             Attributes
FLASH            0x0000000008100000 0x0000000000100000 xr
RAM              0x0000000010000000 0x0000000000048000 xrw
*default*        0x0000000000000000 0xffffffffffffffff

Linker script and memory map

LOAD c:/st/stm32cubeide_1.11.2/stm32cubeide/plugins/com.st.stm32cube.ide.mcu.externaltools.gnu-tools-for-stm32.10.3-2021.10.win32_1.0.200.202301161003/tools/bin/../lib/gcc/arm-none-eabi/10.3.1/thumb/v7e-m+fp/hard/crti.o
LOAD c:/st/stm32cubeide_1.11.2/stm32cubeide/plugins/com.st.stm32cube.ide.mcu.externaltools.gnu-tools-for-stm32.10.3-2021.10.win32_1.0.200.202301161003/tools/bin/../lib/gcc/arm-none-eabi/10.3.1/thumb/v7e-m+fp/hard/crtbegin.o
LOAD c:/st/stm32cubeide_1.11.2/stm32cubeide/plugins/com.st.stm32cube.ide.mcu.externaltools.gnu-tools-for-stm32.10.3-2021.10.win32_1.0.200.202301161003/tools/bin/../lib/gcc/arm-none-eabi/10.3.1/../../../../arm-none-eabi/lib/thumb/v7e-m+fp/hard/crt0.o
LOAD ./Common/Src/system_stm32h7xx_dualcore_boot_cm4_cm7.o
LOAD ./Core/Src/level_2/board_opener.o
LOAD ./Core/Src/level_2/init_CM4.o
LOAD ./Core/Src/level_2/motor_controller.o
LOAD ./Core/Src/level_2/task_manager.o
LOAD ./Core/Src/level_2/token_colour_separator.o
LOAD ./Core/Src/level_2/token_picker_controller.o
LOAD ./Core/Src/level_2/user_detector.o
LOAD ./Core/Src/level_3/colour_sensor.o
LOAD ./Core/Src/level_3/motor_master.o
LOAD ./Core/Src/level_3/motor_x.o
LOAD ./Core/Src/level_3/motor_z.o
LOAD ./Core/Src/level_3/proximity_sensor.o
LOAD ./Core/Src/level_3/servo_controller.o
LOAD ./Core/Src/level_3/solenoid.o
LOAD ./Core/Src/level_3/token_picker_master.o
LOAD ./Core/Src/level_3/token_separator_master.o
LOAD ./Core/Src/level_3/vac_pump.o
LOAD ./Core/Src/main.o
LOAD ./Core/Src/stm32h7xx_hal_msp.o
LOAD ./Core/Src/stm32h7xx_it.o
LOAD ./Core/Src/vars.o
LOAD ./Core/Src/peripheral_devices/adc.o
LOAD ./Core/Src/peripheral_devices/eth.o
LOAD ./Core/Src/peripheral_devices/gpio.o
LOAD ./Core/Src/peripheral_devices/i2c.o
LOAD ./Core/Src/peripheral_devices/tim.o
LOAD ./Core/Src/peripheral_devices/usart.o
LOAD ./Core/Startup/startup_stm32h755zitx.o
LOAD ./Drivers/STM32H7xx_HAL_Driver/stm32h7xx_hal.o
LOAD ./Drivers/STM32H7xx_HAL_Driver/stm32h7xx_hal_adc.o
LOAD ./Drivers/STM32H7xx_HAL_Driver/stm32h7xx_hal_adc_ex.o
LOAD ./Drivers/STM32H7xx_HAL_Driver/stm32h7xx_hal_cortex.o
LOAD ./Drivers/STM32H7xx_HAL_Driver/stm32h7xx_hal_dma.o
LOAD ./Drivers/STM32H7xx_HAL_Driver/stm32h7xx_hal_dma_ex.o
LOAD ./Drivers/STM32H7xx_HAL_Driver/stm32h7xx_hal_eth.o
LOAD ./Drivers/STM32H7xx_HAL_Driver/stm32h7xx_hal_eth_ex.o
LOAD ./Drivers/STM32H7xx_HAL_Driver/stm32h7xx_hal_exti.o
LOAD ./Drivers/STM32H7xx_HAL_Driver/stm32h7xx_hal_flash.o
LOAD ./Drivers/STM32H7xx_HAL_Driver/stm32h7xx_hal_flash_ex.o
LOAD ./Drivers/STM32H7xx_HAL_Driver/stm32h7xx_hal_gpio.o
LOAD ./Drivers/STM32H7xx_HAL_Driver/stm32h7xx_hal_hsem.o
LOAD ./Drivers/STM32H7xx_HAL_Driver/stm32h7xx_hal_i2c.o
LOAD ./Drivers/STM32H7xx_HAL_Driver/stm32h7xx_hal_i2c_ex.o
LOAD ./Drivers/STM32H7xx_HAL_Driver/stm32h7xx_hal_mdma.o
LOAD ./Drivers/STM32H7xx_HAL_Driver/stm32h7xx_hal_pwr.o
LOAD ./Drivers/STM32H7xx_HAL_Driver/stm32h7xx_hal_pwr_ex.o
LOAD ./Drivers/STM32H7xx_HAL_Driver/stm32h7xx_hal_rcc.o
LOAD ./Drivers/STM32H7xx_HAL_Driver/stm32h7xx_hal_rcc_ex.o
LOAD ./Drivers/STM32H7xx_HAL_Driver/stm32h7xx_hal_tim.o
LOAD ./Drivers/STM32H7xx_HAL_Driver/stm32h7xx_hal_tim_ex.o
LOAD ./Drivers/STM32H7xx_HAL_Driver/stm32h7xx_hal_uart.o
LOAD ./Drivers/STM32H7xx_HAL_Driver/stm32h7xx_hal_uart_ex.o
START GROUP
LOAD c:/st/stm32cubeide_1.11.2/stm32cubeide/plugins/com.st.stm32cube.ide.mcu.externaltools.gnu-tools-for-stm32.10.3-2021.10.win32_1.0.200.202301161003/tools/bin/../lib/gcc/arm-none-eabi/10.3.1/../../../../arm-none-eabi/lib/thumb/v7e-m+fp/hard\libc_nano.a
LOAD c:/st/stm32cubeide_1.11.2/stm32cubeide/plugins/com.st.stm32cube.ide.mcu.externaltools.gnu-tools-for-stm32.10.3-2021.10.win32_1.0.200.202301161003/tools/bin/../lib/gcc/arm-none-eabi/10.3.1/../../../../arm-none-eabi/lib/thumb/v7e-m+fp/hard\libm.a
END GROUP
START GROUP
LOAD c:/st/stm32cubeide_1.11.2/stm32cubeide/plugins/com.st.stm32cube.ide.mcu.externaltools.gnu-tools-for-stm32.10.3-2021.10.win32_1.0.200.202301161003/tools/bin/../lib/gcc/arm-none-eabi/10.3.1/thumb/v7e-m+fp/hard\libgcc.a
LOAD c:/st/stm32cubeide_1.11.2/stm32cubeide/plugins/com.st.stm32cube.ide.mcu.externaltools.gnu-tools-for-stm32.10.3-2021.10.win32_1.0.200.202301161003/tools/bin/../lib/gcc/arm-none-eabi/10.3.1/../../../../arm-none-eabi/lib/thumb/v7e-m+fp/hard\libc_nano.a
END GROUP
START GROUP
LOAD c:/st/stm32cubeide_1.11.2/stm32cubeide/plugins/com.st.stm32cube.ide.mcu.externaltools.gnu-tools-for-stm32.10.3-2021.10.win32_1.0.200.202301161003/tools/bin/../lib/gcc/arm-none-eabi/10.3.1/thumb/v7e-m+fp/hard\libgcc.a
LOAD c:/st/stm32cubeide_1.11.2/stm32cubeide/plugins/com.st.stm32cube.ide.mcu.externaltools.gnu-tools-for-stm32.10.3-2021.10.win32_1.0.200.202301161003/tools/bin/../lib/gcc/arm-none-eabi/10.3.1/../../../../arm-none-eabi/lib/thumb/v7e-m+fp/hard\libc_nano.a
LOAD c:/st/stm32cubeide_1.11.2/stm32cubeide/plugins/com.st.stm32cube.ide.mcu.externaltools.gnu-tools-for-stm32.10.3-2021.10.win32_1.0.200.202301161003/tools/bin/../lib/gcc/arm-none-eabi/10.3.1/../../../../arm-none-eabi/lib/thumb/v7e-m+fp/hard\libnosys.a
END GROUP
START GROUP
LOAD c:/st/stm32cubeide_1.11.2/stm32cubeide/plugins/com.st.stm32cube.ide.mcu.externaltools.gnu-tools-for-stm32.10.3-2021.10.win32_1.0.200.202301161003/tools/bin/../lib/gcc/arm-none-eabi/10.3.1/thumb/v7e-m+fp/hard\libgcc.a
LOAD c:/st/stm32cubeide_1.11.2/stm32cubeide/plugins/com.st.stm32cube.ide.mcu.externaltools.gnu-tools-for-stm32.10.3-2021.10.win32_1.0.200.202301161003/tools/bin/../lib/gcc/arm-none-eabi/10.3.1/../../../../arm-none-eabi/lib/thumb/v7e-m+fp/hard\libc_nano.a
LOAD c:/st/stm32cubeide_1.11.2/stm32cubeide/plugins/com.st.stm32cube.ide.mcu.externaltools.gnu-tools-for-stm32.10.3-2021.10.win32_1.0.200.202301161003/tools/bin/../lib/gcc/arm-none-eabi/10.3.1/../../../../arm-none-eabi/lib/thumb/v7e-m+fp/hard\libnosys.a
END GROUP
LOAD c:/st/stm32cubeide_1.11.2/stm32cubeide/plugins/com.st.stm32cube.ide.mcu.externaltools.gnu-tools-for-stm32.10.3-2021.10.win32_1.0.200.202301161003/tools/bin/../lib/gcc/arm-none-eabi/10.3.1/thumb/v7e-m+fp/hard/crtend.o
LOAD c:/st/stm32cubeide_1.11.2/stm32cubeide/plugins/com.st.stm32cube.ide.mcu.externaltools.gnu-tools-for-stm32.10.3-2021.10.win32_1.0.200.202301161003/tools/bin/../lib/gcc/arm-none-eabi/10.3.1/thumb/v7e-m+fp/hard/crtn.o
                0x0000000010048000                _estack = (ORIGIN (RAM) + LENGTH (RAM))
                0x0000000000000200                _Min_Heap_Size = 0x200
                0x0000000000000400                _Min_Stack_Size = 0x400

.isr_vector     0x0000000008100000      0x298
                0x0000000008100000                . = ALIGN (0x4)
 *(.isr_vector)
 .isr_vector    0x0000000008100000      0x298 ./Core/Startup/startup_stm32h755zitx.o
                0x0000000008100000                g_pfnVectors
                0x0000000008100298                . = ALIGN (0x4)

.text           0x00000000081002a0     0xa408
                0x00000000081002a0                . = ALIGN (0x4)
 *(.text)
 .text          0x00000000081002a0       0x40 c:/st/stm32cubeide_1.11.2/stm32cubeide/plugins/com.st.stm32cube.ide.mcu.externaltools.gnu-tools-for-stm32.10.3-2021.10.win32_1.0.200.202301161003/tools/bin/../lib/gcc/arm-none-eabi/10.3.1/thumb/v7e-m+fp/hard/crtbegin.o
 .text          0x00000000081002e0       0xa0 c:/st/stm32cubeide_1.11.2/stm32cubeide/plugins/com.st.stm32cube.ide.mcu.externaltools.gnu-tools-for-stm32.10.3-2021.10.win32_1.0.200.202301161003/tools/bin/../lib/gcc/arm-none-eabi/10.3.1/../../../../arm-none-eabi/lib/thumb/v7e-m+fp/hard\libc_nano.a(lib_a-memchr.o)
                0x00000000081002e0                memchr
 .text          0x0000000008100380       0x30 c:/st/stm32cubeide_1.11.2/stm32cubeide/plugins/com.st.stm32cube.ide.mcu.externaltools.gnu-tools-for-stm32.10.3-2021.10.win32_1.0.200.202301161003/tools/bin/../lib/gcc/arm-none-eabi/10.3.1/thumb/v7e-m+fp/hard\libgcc.a(_aeabi_uldivmod.o)
                0x0000000008100380                __aeabi_uldivmod
 .text          0x00000000081003b0      0x2d0 c:/st/stm32cubeide_1.11.2/stm32cubeide/plugins/com.st.stm32cube.ide.mcu.externaltools.gnu-tools-for-stm32.10.3-2021.10.win32_1.0.200.202301161003/tools/bin/../lib/gcc/arm-none-eabi/10.3.1/thumb/v7e-m+fp/hard\libgcc.a(_udivmoddi4.o)
                0x00000000081003b0                __udivmoddi4
 .text          0x0000000008100680        0x4 c:/st/stm32cubeide_1.11.2/stm32cubeide/plugins/com.st.stm32cube.ide.mcu.externaltools.gnu-tools-for-stm32.10.3-2021.10.win32_1.0.200.202301161003/tools/bin/../lib/gcc/arm-none-eabi/10.3.1/thumb/v7e-m+fp/hard\libgcc.a(_dvmd_tls.o)
                0x0000000008100680                __aeabi_idiv0
                0x0000000008100680                __aeabi_ldiv0
 *(.text*)
 .text.SystemInit
                0x0000000008100684       0x30 ./Common/Src/system_stm32h7xx_dualcore_boot_cm4_cm7.o
                0x0000000008100684                SystemInit
 .text.open_all_columns
                0x00000000081006b4       0x2c ./Core/Src/level_2/board_opener.o
                0x00000000081006b4                open_all_columns
 .text.open_column_1
                0x00000000081006e0       0x24 ./Core/Src/level_2/board_opener.o
                0x00000000081006e0                open_column_1
 .text.open_column_2
                0x0000000008100704       0x24 ./Core/Src/level_2/board_opener.o
                0x0000000008100704                open_column_2
 .text.open_column_3
                0x0000000008100728       0x24 ./Core/Src/level_2/board_opener.o
                0x0000000008100728                open_column_3
 .text.open_column_4
                0x000000000810074c       0x24 ./Core/Src/level_2/board_opener.o
                0x000000000810074c                open_column_4
 .text.open_column_5
                0x0000000008100770       0x24 ./Core/Src/level_2/board_opener.o
                0x0000000008100770                open_column_5
 .text.open_column_6
                0x0000000008100794       0x24 ./Core/Src/level_2/board_opener.o
                0x0000000008100794                open_column_6
 .text.open_column_7
                0x00000000081007b8       0x24 ./Core/Src/level_2/board_opener.o
                0x00000000081007b8                open_column_7
 .text.open_fully
                0x00000000081007dc       0x24 ./Core/Src/level_2/board_opener.o
                0x00000000081007dc                open_fully
 .text.close    0x0000000008100800       0x24 ./Core/Src/level_2/board_opener.o
                0x0000000008100800                close
 .text.start_PWM
                0x0000000008100824       0x34 ./Core/Src/level_2/init_CM4.o
                0x0000000008100824                start_PWM
 .text.init_Movement
                0x0000000008100858       0x14 ./Core/Src/level_2/init_CM4.o
                0x0000000008100858                init_Movement
 .text.init_MX_init
                0x000000000810086c       0x34 ./Core/Src/level_2/init_CM4.o
                0x000000000810086c                init_MX_init
 .text.init_Start_Up
                0x00000000081008a0       0x94 ./Core/Src/level_2/init_CM4.o
                0x00000000081008a0                init_Start_Up
 .text.activate_HSEM_Notifications
                0x0000000008100934       0x2e ./Core/Src/level_2/task_manager.o
                0x0000000008100934                activate_HSEM_Notifications
 *fill*         0x0000000008100962        0x2 
 .text.HAL_HSEM_FreeCallback
                0x0000000008100964       0xf4 ./Core/Src/level_2/task_manager.o
                0x0000000008100964                HAL_HSEM_FreeCallback
 .text.gameplay_loop_CM4
                0x0000000008100a58       0x64 ./Core/Src/level_2/task_manager.o
                0x0000000008100a58                gameplay_loop_CM4
 .text.exec_state_init
                0x0000000008100abc       0x1a ./Core/Src/level_2/task_manager.o
                0x0000000008100abc                exec_state_init
 .text.exec_state_idle
                0x0000000008100ad6        0xe ./Core/Src/level_2/task_manager.o
                0x0000000008100ad6                exec_state_idle
 .text.exec_state_robot_move
                0x0000000008100ae4       0x16 ./Core/Src/level_2/task_manager.o
                0x0000000008100ae4                exec_state_robot_move
 .text.exec_state_user_move
                0x0000000008100afa       0x16 ./Core/Src/level_2/task_manager.o
                0x0000000008100afa                exec_state_user_move
 .text.exec_state_clean_up
                0x0000000008100b10       0x1a ./Core/Src/level_2/task_manager.o
                0x0000000008100b10                exec_state_clean_up
 .text.exec_state_cheat_detected
                0x0000000008100b2a        0xe ./Core/Src/level_2/task_manager.o
                0x0000000008100b2a                exec_state_cheat_detected
 .text.exec_state_game_end
                0x0000000008100b38       0x16 ./Core/Src/level_2/task_manager.o
                0x0000000008100b38                exec_state_game_end
 *fill*         0x0000000008100b4e        0x2 
 .text.check_state
                0x0000000008100b50       0x18 ./Core/Src/level_2/task_manager.o
                0x0000000008100b50                check_state
 .text.separate_tokens
                0x0000000008100b68       0x68 ./Core/Src/level_2/token_colour_separator.o
                0x0000000008100b68                separate_tokens
 .text.coinInsertDetection
                0x0000000008100bd0       0x5c ./Core/Src/level_2/user_detector.o
                0x0000000008100bd0                coinInsertDetection
 .text.init_coinDetector
                0x0000000008100c2c       0x48 ./Core/Src/level_2/user_detector.o
                0x0000000008100c2c                init_coinDetector
 .text.queryLightGate
                0x0000000008100c74      0x14c ./Core/Src/level_2/user_detector.o
                0x0000000008100c74                queryLightGate
 .text.checkcoin
                0x0000000008100dc0       0x70 ./Core/Src/level_2/user_detector.o
                0x0000000008100dc0                checkcoin
 .text.update_board_mem
                0x0000000008100e30       0x40 ./Core/Src/level_2/user_detector.o
                0x0000000008100e30                update_board_mem
 .text.TCS3472_Create
                0x0000000008100e70       0x32 ./Core/Src/level_3/colour_sensor.o
                0x0000000008100e70                TCS3472_Create
 *fill*         0x0000000008100ea2        0x2 
 .text.rgb_init
                0x0000000008100ea4       0x3c ./Core/Src/level_3/colour_sensor.o
                0x0000000008100ea4                rgb_init
 .text.rgb_read_sensor
                0x0000000008100ee0       0xac ./Core/Src/level_3/colour_sensor.o
                0x0000000008100ee0                rgb_read_sensor
 .text.rgb_send
                0x0000000008100f8c       0x30 ./Core/Src/level_3/colour_sensor.o
                0x0000000008100f8c                rgb_send
 .text.queryRGBSensor
                0x0000000008100fbc      0x138 ./Core/Src/level_3/colour_sensor.o
                0x0000000008100fbc                queryRGBSensor
 .text.getHue   0x00000000081010f4      0x154 ./Core/Src/level_3/colour_sensor.o
                0x00000000081010f4                getHue
 .text.initMotors
                0x0000000008101248       0x10 ./Core/Src/level_3/motor_master.o
                0x0000000008101248                initMotors
 .text.HomeMotors
                0x0000000008101258       0x5c ./Core/Src/level_3/motor_master.o
                0x0000000008101258                HomeMotors
 .text.initMotorX
                0x00000000081012b4       0x20 ./Core/Src/level_3/motor_x.o
                0x00000000081012b4                initMotorX
 .text.homeMotorX
                0x00000000081012d4       0x70 ./Core/Src/level_3/motor_x.o
                0x00000000081012d4                homeMotorX
 .text.initMotorZ
                0x0000000008101344       0x20 ./Core/Src/level_3/motor_z.o
                0x0000000008101344                initMotorZ
 .text.homeMotorZ
                0x0000000008101364       0x70 ./Core/Src/level_3/motor_z.o
                0x0000000008101364                homeMotorZ
 .text.set_Rotate_Servo
                0x00000000081013d4       0x6c ./Core/Src/level_3/servo_controller.o
                0x00000000081013d4                set_Rotate_Servo
 .text.set_Slide_Servo
                0x0000000008101440       0x6c ./Core/Src/level_3/servo_controller.o
                0x0000000008101440                set_Slide_Servo
 .text.__NVIC_SystemReset
                0x00000000081014ac       0x2c ./Core/Src/main.o
 .text.main     0x00000000081014d8      0x164 ./Core/Src/main.o
                0x00000000081014d8                main
 .text.Error_Handler
                0x000000000810163c       0x1c ./Core/Src/main.o
                0x000000000810163c                Error_Handler
 .text.HAL_MspInit
                0x0000000008101658       0x40 ./Core/Src/stm32h7xx_hal_msp.o
                0x0000000008101658                HAL_MspInit
 .text.NMI_Handler
                0x0000000008101698        0x6 ./Core/Src/stm32h7xx_it.o
                0x0000000008101698                NMI_Handler
 .text.HardFault_Handler
                0x000000000810169e        0x6 ./Core/Src/stm32h7xx_it.o
                0x000000000810169e                HardFault_Handler
 .text.MemManage_Handler
                0x00000000081016a4        0x6 ./Core/Src/stm32h7xx_it.o
                0x00000000081016a4                MemManage_Handler
 .text.BusFault_Handler
                0x00000000081016aa        0x6 ./Core/Src/stm32h7xx_it.o
                0x00000000081016aa                BusFault_Handler
 .text.UsageFault_Handler
                0x00000000081016b0        0x6 ./Core/Src/stm32h7xx_it.o
                0x00000000081016b0                UsageFault_Handler
 .text.SVC_Handler
                0x00000000081016b6        0xe ./Core/Src/stm32h7xx_it.o
                0x00000000081016b6                SVC_Handler
 .text.DebugMon_Handler
                0x00000000081016c4        0xe ./Core/Src/stm32h7xx_it.o
                0x00000000081016c4                DebugMon_Handler
 .text.PendSV_Handler
                0x00000000081016d2        0xe ./Core/Src/stm32h7xx_it.o
                0x00000000081016d2                PendSV_Handler
 .text.SysTick_Handler
                0x00000000081016e0        0xc ./Core/Src/stm32h7xx_it.o
                0x00000000081016e0                SysTick_Handler
 .text.TIM7_IRQHandler
                0x00000000081016ec       0x14 ./Core/Src/stm32h7xx_it.o
                0x00000000081016ec                TIM7_IRQHandler
 .text.HSEM2_IRQHandler
                0x0000000008101700        0xc ./Core/Src/stm32h7xx_it.o
                0x0000000008101700                HSEM2_IRQHandler
 .text.MX_ADC1_Init
                0x000000000810170c       0xf0 ./Core/Src/peripheral_devices/adc.o
                0x000000000810170c                MX_ADC1_Init
 .text.HAL_ADC_MspInit
                0x00000000081017fc       0xe0 ./Core/Src/peripheral_devices/adc.o
                0x00000000081017fc                HAL_ADC_MspInit
 .text.MX_GPIO_Init
                0x00000000081018dc      0x2f8 ./Core/Src/peripheral_devices/gpio.o
                0x00000000081018dc                MX_GPIO_Init
 .text.set_Direction_X
                0x0000000008101bd4       0x18 ./Core/Src/peripheral_devices/gpio.o
                0x0000000008101bd4                set_Direction_X
 .text.set_Ready_X
                0x0000000008101bec       0x18 ./Core/Src/peripheral_devices/gpio.o
                0x0000000008101bec                set_Ready_X
 .text.reset_Ready_X
                0x0000000008101c04       0x18 ./Core/Src/peripheral_devices/gpio.o
                0x0000000008101c04                reset_Ready_X
 .text.set_Direction_Z
                0x0000000008101c1c       0x18 ./Core/Src/peripheral_devices/gpio.o
                0x0000000008101c1c                set_Direction_Z
 .text.set_Ready_Z
                0x0000000008101c34       0x18 ./Core/Src/peripheral_devices/gpio.o
                0x0000000008101c34                set_Ready_Z
 .text.reset_Ready_Z
                0x0000000008101c4c       0x18 ./Core/Src/peripheral_devices/gpio.o
                0x0000000008101c4c                reset_Ready_Z
 .text.set_Enable_Power
                0x0000000008101c64       0x18 ./Core/Src/peripheral_devices/gpio.o
                0x0000000008101c64                set_Enable_Power
 .text.reset_Enable_Power
                0x0000000008101c7c       0x18 ./Core/Src/peripheral_devices/gpio.o
                0x0000000008101c7c                reset_Enable_Power
 .text.get_Homing_X
                0x0000000008101c94       0x24 ./Core/Src/peripheral_devices/gpio.o
                0x0000000008101c94                get_Homing_X
 .text.get_Homing_Z
                0x0000000008101cb8       0x20 ./Core/Src/peripheral_devices/gpio.o
                0x0000000008101cb8                get_Homing_Z
 .text.MX_I2C1_Init
                0x0000000008101cd8       0x80 ./Core/Src/peripheral_devices/i2c.o
                0x0000000008101cd8                MX_I2C1_Init
 .text.HAL_I2C_MspInit
                0x0000000008101d58       0xcc ./Core/Src/peripheral_devices/i2c.o
                0x0000000008101d58                HAL_I2C_MspInit
 .text.i2c_Transmit
                0x0000000008101e24       0x52 ./Core/Src/peripheral_devices/i2c.o
                0x0000000008101e24                i2c_Transmit
 .text.i2c_Receive
                0x0000000008101e76       0x5a ./Core/Src/peripheral_devices/i2c.o
                0x0000000008101e76                i2c_Receive
 .text.MX_TIM2_Init
                0x0000000008101ed0       0xc8 ./Core/Src/peripheral_devices/tim.o
                0x0000000008101ed0                MX_TIM2_Init
 .text.MX_TIM3_Init
                0x0000000008101f98       0xac ./Core/Src/peripheral_devices/tim.o
                0x0000000008101f98                MX_TIM3_Init
 .text.MX_TIM4_Init
                0x0000000008102044       0xac ./Core/Src/peripheral_devices/tim.o
                0x0000000008102044                MX_TIM4_Init
 .text.MX_TIM7_Init
                0x00000000081020f0       0x6c ./Core/Src/peripheral_devices/tim.o
                0x00000000081020f0                MX_TIM7_Init
 .text.MX_TIM13_Init
                0x000000000810215c       0x9c ./Core/Src/peripheral_devices/tim.o
                0x000000000810215c                MX_TIM13_Init
 .text.MX_TIM14_Init
                0x00000000081021f8       0x9c ./Core/Src/peripheral_devices/tim.o
                0x00000000081021f8                MX_TIM14_Init
 .text.HAL_TIM_PWM_MspInit
                0x0000000008102294       0x40 ./Core/Src/peripheral_devices/tim.o
                0x0000000008102294                HAL_TIM_PWM_MspInit
 .text.HAL_TIM_Encoder_MspInit
                0x00000000081022d4      0x148 ./Core/Src/peripheral_devices/tim.o
                0x00000000081022d4                HAL_TIM_Encoder_MspInit
 .text.HAL_TIM_Base_MspInit
                0x000000000810241c       0xac ./Core/Src/peripheral_devices/tim.o
                0x000000000810241c                HAL_TIM_Base_MspInit
 .text.HAL_TIM_MspPostInit
                0x00000000081024c8      0x118 ./Core/Src/peripheral_devices/tim.o
                0x00000000081024c8                HAL_TIM_MspPostInit
 .text.HAL_TIM_PeriodElapsedCallback
                0x00000000081025e0       0x54 ./Core/Src/peripheral_devices/tim.o
                0x00000000081025e0                HAL_TIM_PeriodElapsedCallback
 .text.MX_USART3_UART_Init
                0x0000000008102634       0x98 ./Core/Src/peripheral_devices/usart.o
                0x0000000008102634                MX_USART3_UART_Init
 .text.HAL_UART_MspInit
                0x00000000081026cc      0x1b4 ./Core/Src/peripheral_devices/usart.o
                0x00000000081026cc                HAL_UART_MspInit
 .text.ST_LINK_WRITE
                0x0000000008102880       0x28 ./Core/Src/peripheral_devices/usart.o
                0x0000000008102880                ST_LINK_WRITE
 .text.send_msg
                0x00000000081028a8       0x28 ./Core/Src/peripheral_devices/usart.o
                0x00000000081028a8                send_msg
 .text.Reset_Handler
                0x00000000081028d0       0x50 ./Core/Startup/startup_stm32h755zitx.o
                0x00000000081028d0                Reset_Handler
 .text.Default_Handler
                0x0000000008102920        0x2 ./Core/Startup/startup_stm32h755zitx.o
                0x0000000008102920                RTC_Alarm_IRQHandler
                0x0000000008102920                HASH_RNG_IRQHandler
                0x0000000008102920                EXTI2_IRQHandler
                0x0000000008102920                TIM8_CC_IRQHandler
                0x0000000008102920                HRTIM1_Master_IRQHandler
                0x0000000008102920                UART8_IRQHandler
                0x0000000008102920                SPI4_IRQHandler
                0x0000000008102920                TIM1_CC_IRQHandler
                0x0000000008102920                BDMA_Channel6_IRQHandler
                0x0000000008102920                DMA2_Stream5_IRQHandler
                0x0000000008102920                HRTIM1_FLT_IRQHandler
                0x0000000008102920                JPEG_IRQHandler
                0x0000000008102920                DMA1_Stream5_IRQHandler
                0x0000000008102920                BDMA_Channel1_IRQHandler
                0x0000000008102920                HRTIM1_TIMD_IRQHandler
                0x0000000008102920                TAMP_STAMP_IRQHandler
                0x0000000008102920                EXTI3_IRQHandler
                0x0000000008102920                LPTIM4_IRQHandler
                0x0000000008102920                TIM8_TRG_COM_TIM14_IRQHandler
                0x0000000008102920                LPTIM2_IRQHandler
                0x0000000008102920                DFSDM1_FLT1_IRQHandler
                0x0000000008102920                DMAMUX2_OVR_IRQHandler
                0x0000000008102920                TIM8_UP_TIM13_IRQHandler
                0x0000000008102920                I2C3_ER_IRQHandler
                0x0000000008102920                DFSDM1_FLT2_IRQHandler
                0x0000000008102920                MDMA_IRQHandler
                0x0000000008102920                LPTIM3_IRQHandler
                0x0000000008102920                HSEM1_IRQHandler
                0x0000000008102920                EXTI0_IRQHandler
                0x0000000008102920                I2C2_EV_IRQHandler
                0x0000000008102920                DMA1_Stream2_IRQHandler
                0x0000000008102920                FPU_IRQHandler
                0x0000000008102920                OTG_HS_WKUP_IRQHandler
                0x0000000008102920                FDCAN1_IT1_IRQHandler
                0x0000000008102920                LTDC_ER_IRQHandler
                0x0000000008102920                DMA2_Stream2_IRQHandler
                0x0000000008102920                HRTIM1_TIME_IRQHandler
                0x0000000008102920                SPI1_IRQHandler
                0x0000000008102920                TIM6_DAC_IRQHandler
                0x0000000008102920                DCMI_IRQHandler
                0x0000000008102920                HRTIM1_TIMC_IRQHandler
                0x0000000008102920                DMA2_Stream3_IRQHandler
                0x0000000008102920                SAI2_IRQHandler
                0x0000000008102920                DFSDM1_FLT3_IRQHandler
                0x0000000008102920                USART6_IRQHandler
                0x0000000008102920                TIM17_IRQHandler
                0x0000000008102920                USART3_IRQHandler
                0x0000000008102920                BDMA_Channel7_IRQHandler
                0x0000000008102920                CRYP_IRQHandler
                0x0000000008102920                LPTIM5_IRQHandler
                0x0000000008102920                UART5_IRQHandler
                0x0000000008102920                ADC3_IRQHandler
                0x0000000008102920                DMA2_Stream0_IRQHandler
                0x0000000008102920                TIM4_IRQHandler
                0x0000000008102920                BDMA_Channel2_IRQHandler
                0x0000000008102920                QUADSPI_IRQHandler
                0x0000000008102920                I2C1_EV_IRQHandler
                0x0000000008102920                DMA1_Stream6_IRQHandler
                0x0000000008102920                DMAMUX1_OVR_IRQHandler
                0x0000000008102920                DMA1_Stream1_IRQHandler
                0x0000000008102920                TIM16_IRQHandler
                0x0000000008102920                UART4_IRQHandler
                0x0000000008102920                BDMA_Channel5_IRQHandler
                0x0000000008102920                TIM3_IRQHandler
                0x0000000008102920                RCC_IRQHandler
                0x0000000008102920                TIM8_BRK_TIM12_IRQHandler
                0x0000000008102920                TIM1_TRG_COM_IRQHandler
                0x0000000008102920                Default_Handler
                0x0000000008102920                ECC_IRQHandler
                0x0000000008102920                CEC_IRQHandler
                0x0000000008102920                EXTI15_10_IRQHandler
                0x0000000008102920                BDMA_Channel0_IRQHandler
                0x0000000008102920                ADC_IRQHandler
                0x0000000008102920                DMA1_Stream7_IRQHandler
                0x0000000008102920                HRTIM1_TIMA_IRQHandler
                0x0000000008102920                SPI5_IRQHandler
                0x0000000008102920                SDMMC1_IRQHandler
                0x0000000008102920                TIM5_IRQHandler
                0x0000000008102920                DMA2_Stream7_IRQHandler
                0x0000000008102920                TIM15_IRQHandler
                0x0000000008102920                PVD_AVD_IRQHandler
                0x0000000008102920                I2C3_EV_IRQHandler
                0x0000000008102920                EXTI9_5_IRQHandler
                0x0000000008102920                RTC_WKUP_IRQHandler
                0x0000000008102920                LTDC_IRQHandler
                0x0000000008102920                SAI3_IRQHandler
                0x0000000008102920                ETH_WKUP_IRQHandler
                0x0000000008102920                SPDIF_RX_IRQHandler
                0x0000000008102920                SPI2_IRQHandler
                0x0000000008102920                OTG_HS_EP1_IN_IRQHandler
                0x0000000008102920                DMA1_Stream0_IRQHandler
                0x0000000008102920                CRS_IRQHandler
                0x0000000008102920                CM7_SEV_IRQHandler
                0x0000000008102920                EXTI4_IRQHandler
                0x0000000008102920                CM4_SEV_IRQHandler
                0x0000000008102920                HRTIM1_TIMB_IRQHandler
                0x0000000008102920                FDCAN2_IT1_IRQHandler
                0x0000000008102920                ETH_IRQHandler
                0x0000000008102920                TIM1_UP_IRQHandler
                0x0000000008102920                WWDG_RST_IRQHandler
                0x0000000008102920                BDMA_Channel4_IRQHandler
                0x0000000008102920                OTG_HS_EP1_OUT_IRQHandler
                0x0000000008102920                WWDG_IRQHandler
                0x0000000008102920                SPI6_IRQHandler
                0x0000000008102920                MDIOS_IRQHandler
                0x0000000008102920                I2C4_EV_IRQHandler
                0x0000000008102920                FDCAN2_IT0_IRQHandler
                0x0000000008102920                LPUART1_IRQHandler
                0x0000000008102920                FDCAN1_IT0_IRQHandler
                0x0000000008102920                TIM2_IRQHandler
                0x0000000008102920                OTG_FS_WKUP_IRQHandler
                0x0000000008102920                OTG_HS_IRQHandler
                0x0000000008102920                DMA2D_IRQHandler
                0x0000000008102920                TIM1_BRK_IRQHandler
                0x0000000008102920                EXTI1_IRQHandler
                0x0000000008102920                SDMMC2_IRQHandler
                0x0000000008102920                OTG_FS_EP1_OUT_IRQHandler
                0x0000000008102920                BDMA_Channel3_IRQHandler
                0x0000000008102920                HOLD_CORE_IRQHandler
                0x0000000008102920                UART7_IRQHandler
                0x0000000008102920                MDIOS_WKUP_IRQHandler
                0x0000000008102920                USART2_IRQHandler
                0x0000000008102920                DFSDM1_FLT0_IRQHandler
                0x0000000008102920                SAI4_IRQHandler
                0x0000000008102920                I2C2_ER_IRQHandler
                0x0000000008102920                DMA2_Stream1_IRQHandler
                0x0000000008102920                FLASH_IRQHandler
                0x0000000008102920                DMA2_Stream4_IRQHandler
                0x0000000008102920                USART1_IRQHandler
                0x0000000008102920                OTG_FS_IRQHandler
                0x0000000008102920                SPI3_IRQHandler
                0x0000000008102920                WAKEUP_PIN_IRQHandler
                0x0000000008102920                DMA1_Stream4_IRQHandler
                0x0000000008102920                OTG_FS_EP1_IN_IRQHandler
                0x0000000008102920                I2C1_ER_IRQHandler
                0x0000000008102920                FMC_IRQHandler
                0x0000000008102920                FDCAN_CAL_IRQHandler
                0x0000000008102920                SWPMI1_IRQHandler
                0x0000000008102920                COMP1_IRQHandler
                0x0000000008102920                LPTIM1_IRQHandler
                0x0000000008102920                I2C4_ER_IRQHandler
                0x0000000008102920                DMA2_Stream6_IRQHandler
                0x0000000008102920                SAI1_IRQHandler
                0x0000000008102920                DMA1_Stream3_IRQHandler
 *fill*         0x0000000008102922        0x2 
 .text.HAL_Init
                0x0000000008102924       0xbc ./Drivers/STM32H7xx_HAL_Driver/stm32h7xx_hal.o
                0x0000000008102924                HAL_Init
 .text.HAL_InitTick
                0x00000000081029e0       0x6c ./Drivers/STM32H7xx_HAL_Driver/stm32h7xx_hal.o
                0x00000000081029e0                HAL_InitTick
 .text.HAL_IncTick
                0x0000000008102a4c       0x28 ./Drivers/STM32H7xx_HAL_Driver/stm32h7xx_hal.o
                0x0000000008102a4c                HAL_IncTick
 .text.HAL_GetTick
                0x0000000008102a74       0x18 ./Drivers/STM32H7xx_HAL_Driver/stm32h7xx_hal.o
                0x0000000008102a74                HAL_GetTick
 .text.HAL_Delay
                0x0000000008102a8c       0x48 ./Drivers/STM32H7xx_HAL_Driver/stm32h7xx_hal.o
                0x0000000008102a8c                HAL_Delay
 .text.HAL_GetREVID
                0x0000000008102ad4       0x18 ./Drivers/STM32H7xx_HAL_Driver/stm32h7xx_hal.o
                0x0000000008102ad4                HAL_GetREVID
 .text.LL_ADC_SetCommonClock
                0x0000000008102aec       0x26 ./Drivers/STM32H7xx_HAL_Driver/stm32h7xx_hal_adc.o
 .text.LL_ADC_SetCommonPathInternalCh
                0x0000000008102b12       0x26 ./Drivers/STM32H7xx_HAL_Driver/stm32h7xx_hal_adc.o
 .text.LL_ADC_GetCommonPathInternalCh
                0x0000000008102b38       0x1c ./Drivers/STM32H7xx_HAL_Driver/stm32h7xx_hal_adc.o
 .text.LL_ADC_SetOffset
                0x0000000008102b54       0x40 ./Drivers/STM32H7xx_HAL_Driver/stm32h7xx_hal_adc.o
 .text.LL_ADC_SetDataRightShift
                0x0000000008102b94       0x32 ./Drivers/STM32H7xx_HAL_Driver/stm32h7xx_hal_adc.o
 .text.LL_ADC_SetOffsetSignedSaturation
                0x0000000008102bc6       0x36 ./Drivers/STM32H7xx_HAL_Driver/stm32h7xx_hal_adc.o
 .text.LL_ADC_REG_SetSequencerRanks
                0x0000000008102bfc       0x58 ./Drivers/STM32H7xx_HAL_Driver/stm32h7xx_hal_adc.o
 .text.LL_ADC_SetChannelSamplingTime
                0x0000000008102c54       0x56 ./Drivers/STM32H7xx_HAL_Driver/stm32h7xx_hal_adc.o
 *fill*         0x0000000008102caa        0x2 
 .text.LL_ADC_SetChannelSingleDiff
                0x0000000008102cac       0x48 ./Drivers/STM32H7xx_HAL_Driver/stm32h7xx_hal_adc.o
 .text.LL_ADC_DisableDeepPowerDown
                0x0000000008102cf4       0x24 ./Drivers/STM32H7xx_HAL_Driver/stm32h7xx_hal_adc.o
 .text.LL_ADC_IsDeepPowerDownEnabled
                0x0000000008102d18       0x28 ./Drivers/STM32H7xx_HAL_Driver/stm32h7xx_hal_adc.o
 .text.LL_ADC_EnableInternalRegulator
                0x0000000008102d40       0x28 ./Drivers/STM32H7xx_HAL_Driver/stm32h7xx_hal_adc.o
 .text.LL_ADC_IsInternalRegulatorEnabled
                0x0000000008102d68       0x28 ./Drivers/STM32H7xx_HAL_Driver/stm32h7xx_hal_adc.o
 .text.LL_ADC_IsEnabled
                0x0000000008102d90       0x26 ./Drivers/STM32H7xx_HAL_Driver/stm32h7xx_hal_adc.o
 .text.LL_ADC_REG_IsConversionOngoing
                0x0000000008102db6       0x26 ./Drivers/STM32H7xx_HAL_Driver/stm32h7xx_hal_adc.o
 .text.LL_ADC_INJ_IsConversionOngoing
                0x0000000008102ddc       0x26 ./Drivers/STM32H7xx_HAL_Driver/stm32h7xx_hal_adc.o
 *fill*         0x0000000008102e02        0x2 
 .text.HAL_ADC_Init
                0x0000000008102e04      0x344 ./Drivers/STM32H7xx_HAL_Driver/stm32h7xx_hal_adc.o
                0x0000000008102e04                HAL_ADC_Init
 .text.HAL_ADC_ConfigChannel
                0x0000000008103148      0x6a0 ./Drivers/STM32H7xx_HAL_Driver/stm32h7xx_hal_adc.o
                0x0000000008103148                HAL_ADC_ConfigChannel
 .text.ADC_ConfigureBoostMode
                0x00000000081037e8      0x214 ./Drivers/STM32H7xx_HAL_Driver/stm32h7xx_hal_adc.o
                0x00000000081037e8                ADC_ConfigureBoostMode
 .text.LL_ADC_IsEnabled
                0x00000000081039fc       0x26 ./Drivers/STM32H7xx_HAL_Driver/stm32h7xx_hal_adc_ex.o
 .text.LL_ADC_REG_IsConversionOngoing
                0x0000000008103a22       0x26 ./Drivers/STM32H7xx_HAL_Driver/stm32h7xx_hal_adc_ex.o
 .text.HAL_ADCEx_MultiModeConfigChannel
                0x0000000008103a48      0x1c4 ./Drivers/STM32H7xx_HAL_Driver/stm32h7xx_hal_adc_ex.o
                0x0000000008103a48                HAL_ADCEx_MultiModeConfigChannel
 .text.__NVIC_SetPriorityGrouping
                0x0000000008103c0c       0x48 ./Drivers/STM32H7xx_HAL_Driver/stm32h7xx_hal_cortex.o
 .text.__NVIC_GetPriorityGrouping
                0x0000000008103c54       0x1c ./Drivers/STM32H7xx_HAL_Driver/stm32h7xx_hal_cortex.o
 .text.__NVIC_EnableIRQ
                0x0000000008103c70       0x3c ./Drivers/STM32H7xx_HAL_Driver/stm32h7xx_hal_cortex.o
 .text.__NVIC_SetPriority
                0x0000000008103cac       0x54 ./Drivers/STM32H7xx_HAL_Driver/stm32h7xx_hal_cortex.o
 .text.NVIC_EncodePriority
                0x0000000008103d00       0x66 ./Drivers/STM32H7xx_HAL_Driver/stm32h7xx_hal_cortex.o
 *fill*         0x0000000008103d66        0x2 
 .text.SysTick_Config
                0x0000000008103d68       0x44 ./Drivers/STM32H7xx_HAL_Driver/stm32h7xx_hal_cortex.o
 .text.HAL_NVIC_SetPriorityGrouping
                0x0000000008103dac       0x16 ./Drivers/STM32H7xx_HAL_Driver/stm32h7xx_hal_cortex.o
                0x0000000008103dac                HAL_NVIC_SetPriorityGrouping
 .text.HAL_NVIC_SetPriority
                0x0000000008103dc2       0x34 ./Drivers/STM32H7xx_HAL_Driver/stm32h7xx_hal_cortex.o
                0x0000000008103dc2                HAL_NVIC_SetPriority
 .text.HAL_NVIC_EnableIRQ
                0x0000000008103df6       0x1c ./Drivers/STM32H7xx_HAL_Driver/stm32h7xx_hal_cortex.o
                0x0000000008103df6                HAL_NVIC_EnableIRQ
 .text.HAL_SYSTICK_Config
                0x0000000008103e12       0x18 ./Drivers/STM32H7xx_HAL_Driver/stm32h7xx_hal_cortex.o
                0x0000000008103e12                HAL_SYSTICK_Config
 *fill*         0x0000000008103e2a        0x2 
 .text.HAL_GetCurrentCPUID
                0x0000000008103e2c       0x28 ./Drivers/STM32H7xx_HAL_Driver/stm32h7xx_hal_cortex.o
                0x0000000008103e2c                HAL_GetCurrentCPUID
 .text.HAL_GPIO_Init
                0x0000000008103e54      0x360 ./Drivers/STM32H7xx_HAL_Driver/stm32h7xx_hal_gpio.o
                0x0000000008103e54                HAL_GPIO_Init
 .text.HAL_GPIO_ReadPin
                0x00000000081041b4       0x30 ./Drivers/STM32H7xx_HAL_Driver/stm32h7xx_hal_gpio.o
                0x00000000081041b4                HAL_GPIO_ReadPin
 .text.HAL_GPIO_WritePin
                0x00000000081041e4       0x32 ./Drivers/STM32H7xx_HAL_Driver/stm32h7xx_hal_gpio.o
                0x00000000081041e4                HAL_GPIO_WritePin
 *fill*         0x0000000008104216        0x2 
 .text.HAL_HSEM_FastTake
                0x0000000008104218       0x34 ./Drivers/STM32H7xx_HAL_Driver/stm32h7xx_hal_hsem.o
                0x0000000008104218                HAL_HSEM_FastTake
 .text.HAL_HSEM_Release
                0x000000000810424c       0x28 ./Drivers/STM32H7xx_HAL_Driver/stm32h7xx_hal_hsem.o
                0x000000000810424c                HAL_HSEM_Release
 .text.HAL_HSEM_ActivateNotification
                0x0000000008104274       0x24 ./Drivers/STM32H7xx_HAL_Driver/stm32h7xx_hal_hsem.o
                0x0000000008104274                HAL_HSEM_ActivateNotification
 .text.HAL_HSEM_IRQHandler
                0x0000000008104298       0x34 ./Drivers/STM32H7xx_HAL_Driver/stm32h7xx_hal_hsem.o
                0x0000000008104298                HAL_HSEM_IRQHandler
 .text.HAL_I2C_Init
                0x00000000081042cc      0x11e ./Drivers/STM32H7xx_HAL_Driver/stm32h7xx_hal_i2c.o
                0x00000000081042cc                HAL_I2C_Init
 *fill*         0x00000000081043ea        0x2 
 .text.HAL_I2C_Mem_Write
                0x00000000081043ec      0x228 ./Drivers/STM32H7xx_HAL_Driver/stm32h7xx_hal_i2c.o
                0x00000000081043ec                HAL_I2C_Mem_Write
 .text.HAL_I2C_Mem_Read
                0x0000000008104614      0x234 ./Drivers/STM32H7xx_HAL_Driver/stm32h7xx_hal_i2c.o
                0x0000000008104614                HAL_I2C_Mem_Read
 .text.I2C_RequestMemoryWrite
                0x0000000008104848       0xa8 ./Drivers/STM32H7xx_HAL_Driver/stm32h7xx_hal_i2c.o
 .text.I2C_RequestMemoryRead
                0x00000000081048f0       0xa8 ./Drivers/STM32H7xx_HAL_Driver/stm32h7xx_hal_i2c.o
 .text.I2C_Flush_TXDR
                0x0000000008104998       0x48 ./Drivers/STM32H7xx_HAL_Driver/stm32h7xx_hal_i2c.o
 .text.I2C_WaitOnFlagUntilTimeout
                0x00000000081049e0       0x80 ./Drivers/STM32H7xx_HAL_Driver/stm32h7xx_hal_i2c.o
 .text.I2C_WaitOnTXISFlagUntilTimeout
                0x0000000008104a60       0x80 ./Drivers/STM32H7xx_HAL_Driver/stm32h7xx_hal_i2c.o
 .text.I2C_WaitOnSTOPFlagUntilTimeout
                0x0000000008104ae0       0x78 ./Drivers/STM32H7xx_HAL_Driver/stm32h7xx_hal_i2c.o
 .text.I2C_IsErrorOccurred
                0x0000000008104b58      0x1d8 ./Drivers/STM32H7xx_HAL_Driver/stm32h7xx_hal_i2c.o
 .text.I2C_TransferConfig
                0x0000000008104d30       0x64 ./Drivers/STM32H7xx_HAL_Driver/stm32h7xx_hal_i2c.o
 .text.HAL_I2CEx_ConfigAnalogFilter
                0x0000000008104d94       0x96 ./Drivers/STM32H7xx_HAL_Driver/stm32h7xx_hal_i2c_ex.o
                0x0000000008104d94                HAL_I2CEx_ConfigAnalogFilter
 .text.HAL_I2CEx_ConfigDigitalFilter
                0x0000000008104e2a       0x98 ./Drivers/STM32H7xx_HAL_Driver/stm32h7xx_hal_i2c_ex.o
                0x0000000008104e2a                HAL_I2CEx_ConfigDigitalFilter
 *fill*         0x0000000008104ec2        0x2 
 .text.HAL_PWREx_EnterSTOPMode
                0x0000000008104ec4       0xf4 ./Drivers/STM32H7xx_HAL_Driver/stm32h7xx_hal_pwr_ex.o
                0x0000000008104ec4                HAL_PWREx_EnterSTOPMode
 .text.HAL_PWREx_ClearPendingEvent
                0x0000000008104fb8       0x1a ./Drivers/STM32H7xx_HAL_Driver/stm32h7xx_hal_pwr_ex.o
                0x0000000008104fb8                HAL_PWREx_ClearPendingEvent
 *fill*         0x0000000008104fd2        0x2 
 .text.HAL_RCC_GetSysClockFreq
                0x0000000008104fd4      0x2f4 ./Drivers/STM32H7xx_HAL_Driver/stm32h7xx_hal_rcc.o
                0x0000000008104fd4                HAL_RCC_GetSysClockFreq
 .text.HAL_RCC_GetHCLKFreq
                0x00000000081052c8       0x64 ./Drivers/STM32H7xx_HAL_Driver/stm32h7xx_hal_rcc.o
                0x00000000081052c8                HAL_RCC_GetHCLKFreq
 .text.HAL_RCC_GetPCLK1Freq
                0x000000000810532c       0x2c ./Drivers/STM32H7xx_HAL_Driver/stm32h7xx_hal_rcc.o
                0x000000000810532c                HAL_RCC_GetPCLK1Freq
 .text.HAL_RCC_GetPCLK2Freq
                0x0000000008105358       0x2c ./Drivers/STM32H7xx_HAL_Driver/stm32h7xx_hal_rcc.o
                0x0000000008105358                HAL_RCC_GetPCLK2Freq
 .text.HAL_RCCEx_PeriphCLKConfig
                0x0000000008105384      0xe8c ./Drivers/STM32H7xx_HAL_Driver/stm32h7xx_hal_rcc_ex.o
                0x0000000008105384                HAL_RCCEx_PeriphCLKConfig
 .text.HAL_RCCEx_GetPeriphCLKFreq
                0x0000000008106210      0x9a4 ./Drivers/STM32H7xx_HAL_Driver/stm32h7xx_hal_rcc_ex.o
                0x0000000008106210                HAL_RCCEx_GetPeriphCLKFreq
 .text.HAL_RCCEx_GetD3PCLK1Freq
                0x0000000008106bb4       0x2c ./Drivers/STM32H7xx_HAL_Driver/stm32h7xx_hal_rcc_ex.o
                0x0000000008106bb4                HAL_RCCEx_GetD3PCLK1Freq
 .text.HAL_RCCEx_GetPLL2ClockFreq
                0x0000000008106be0      0x2a8 ./Drivers/STM32H7xx_HAL_Driver/stm32h7xx_hal_rcc_ex.o
                0x0000000008106be0                HAL_RCCEx_GetPLL2ClockFreq
 .text.HAL_RCCEx_GetPLL3ClockFreq
                0x0000000008106e88      0x2a8 ./Drivers/STM32H7xx_HAL_Driver/stm32h7xx_hal_rcc_ex.o
                0x0000000008106e88                HAL_RCCEx_GetPLL3ClockFreq
 .text.HAL_RCCEx_GetPLL1ClockFreq
                0x0000000008107130      0x2a4 ./Drivers/STM32H7xx_HAL_Driver/stm32h7xx_hal_rcc_ex.o
                0x0000000008107130                HAL_RCCEx_GetPLL1ClockFreq
 .text.RCCEx_PLL2_Config
                0x00000000081073d4      0x164 ./Drivers/STM32H7xx_HAL_Driver/stm32h7xx_hal_rcc_ex.o
 .text.RCCEx_PLL3_Config
                0x0000000008107538      0x164 ./Drivers/STM32H7xx_HAL_Driver/stm32h7xx_hal_rcc_ex.o
 .text.HAL_TIM_Base_Init
                0x000000000810769c       0xae ./Drivers/STM32H7xx_HAL_Driver/stm32h7xx_hal_tim.o
                0x000000000810769c                HAL_TIM_Base_Init
 *fill*         0x000000000810774a        0x2 
 .text.HAL_TIM_Base_Start_IT
                0x000000000810774c       0xf0 ./Drivers/STM32H7xx_HAL_Driver/stm32h7xx_hal_tim.o
                0x000000000810774c                HAL_TIM_Base_Start_IT
 .text.HAL_TIM_PWM_Init
                0x000000000810783c       0xae ./Drivers/STM32H7xx_HAL_Driver/stm32h7xx_hal_tim.o
                0x000000000810783c                HAL_TIM_PWM_Init
 *fill*         0x00000000081078ea        0x2 
 .text.HAL_TIM_PWM_Start
                0x00000000081078ec      0x21c ./Drivers/STM32H7xx_HAL_Driver/stm32h7xx_hal_tim.o
                0x00000000081078ec                HAL_TIM_PWM_Start
 .text.HAL_TIM_Encoder_Init
                0x0000000008107b08      0x14c ./Drivers/STM32H7xx_HAL_Driver/stm32h7xx_hal_tim.o
                0x0000000008107b08                HAL_TIM_Encoder_Init
 .text.HAL_TIM_Encoder_Start_IT
                0x0000000008107c54      0x15c ./Drivers/STM32H7xx_HAL_Driver/stm32h7xx_hal_tim.o
                0x0000000008107c54                HAL_TIM_Encoder_Start_IT
 .text.HAL_TIM_IRQHandler
                0x0000000008107db0      0x23e ./Drivers/STM32H7xx_HAL_Driver/stm32h7xx_hal_tim.o
                0x0000000008107db0                HAL_TIM_IRQHandler
 *fill*         0x0000000008107fee        0x2 
 .text.HAL_TIM_PWM_ConfigChannel
                0x0000000008107ff0      0x228 ./Drivers/STM32H7xx_HAL_Driver/stm32h7xx_hal_tim.o
                0x0000000008107ff0                HAL_TIM_PWM_ConfigChannel
 .text.HAL_TIM_OC_DelayElapsedCallback
                0x0000000008108218       0x14 ./Drivers/STM32H7xx_HAL_Driver/stm32h7xx_hal_tim.o
                0x0000000008108218                HAL_TIM_OC_DelayElapsedCallback
 .text.HAL_TIM_IC_CaptureCallback
                0x000000000810822c       0x14 ./Drivers/STM32H7xx_HAL_Driver/stm32h7xx_hal_tim.o
                0x000000000810822c                HAL_TIM_IC_CaptureCallback
 .text.HAL_TIM_PWM_PulseFinishedCallback
                0x0000000008108240       0x14 ./Drivers/STM32H7xx_HAL_Driver/stm32h7xx_hal_tim.o
                0x0000000008108240                HAL_TIM_PWM_PulseFinishedCallback
 .text.HAL_TIM_TriggerCallback
                0x0000000008108254       0x14 ./Drivers/STM32H7xx_HAL_Driver/stm32h7xx_hal_tim.o
                0x0000000008108254                HAL_TIM_TriggerCallback
 .text.TIM_Base_SetConfig
                0x0000000008108268      0x134 ./Drivers/STM32H7xx_HAL_Driver/stm32h7xx_hal_tim.o
                0x0000000008108268                TIM_Base_SetConfig
 .text.TIM_OC1_SetConfig
                0x000000000810839c      0x120 ./Drivers/STM32H7xx_HAL_Driver/stm32h7xx_hal_tim.o
 .text.TIM_OC2_SetConfig
                0x00000000081084bc      0x114 ./Drivers/STM32H7xx_HAL_Driver/stm32h7xx_hal_tim.o
                0x00000000081084bc                TIM_OC2_SetConfig
 .text.TIM_OC3_SetConfig
                0x00000000081085d0      0x110 ./Drivers/STM32H7xx_HAL_Driver/stm32h7xx_hal_tim.o
 .text.TIM_OC4_SetConfig
                0x00000000081086e0       0xd4 ./Drivers/STM32H7xx_HAL_Driver/stm32h7xx_hal_tim.o
 .text.TIM_OC5_SetConfig
                0x00000000081087b4       0xc8 ./Drivers/STM32H7xx_HAL_Driver/stm32h7xx_hal_tim.o
 .text.TIM_OC6_SetConfig
                0x000000000810887c       0xcc ./Drivers/STM32H7xx_HAL_Driver/stm32h7xx_hal_tim.o
 .text.TIM_CCxChannelCmd
                0x0000000008108948       0x4a ./Drivers/STM32H7xx_HAL_Driver/stm32h7xx_hal_tim.o
                0x0000000008108948                TIM_CCxChannelCmd
 *fill*         0x0000000008108992        0x2 
 .text.HAL_TIMEx_MasterConfigSynchronization
                0x0000000008108994      0x11c ./Drivers/STM32H7xx_HAL_Driver/stm32h7xx_hal_tim_ex.o
                0x0000000008108994                HAL_TIMEx_MasterConfigSynchronization
 .text.HAL_TIMEx_CommutCallback
                0x0000000008108ab0       0x14 ./Drivers/STM32H7xx_HAL_Driver/stm32h7xx_hal_tim_ex.o
                0x0000000008108ab0                HAL_TIMEx_CommutCallback
 .text.HAL_TIMEx_BreakCallback
                0x0000000008108ac4       0x14 ./Drivers/STM32H7xx_HAL_Driver/stm32h7xx_hal_tim_ex.o
                0x0000000008108ac4                HAL_TIMEx_BreakCallback
 .text.HAL_TIMEx_Break2Callback
                0x0000000008108ad8       0x14 ./Drivers/STM32H7xx_HAL_Driver/stm32h7xx_hal_tim_ex.o
                0x0000000008108ad8                HAL_TIMEx_Break2Callback
 .text.HAL_UART_Init
                0x0000000008108aec       0xa0 ./Drivers/STM32H7xx_HAL_Driver/stm32h7xx_hal_uart.o
                0x0000000008108aec                HAL_UART_Init
 .text.HAL_UART_Transmit
                0x0000000008108b8c      0x12c ./Drivers/STM32H7xx_HAL_Driver/stm32h7xx_hal_uart.o
                0x0000000008108b8c                HAL_UART_Transmit
 .text.UART_SetConfig
                0x0000000008108cb8      0xad0 ./Drivers/STM32H7xx_HAL_Driver/stm32h7xx_hal_uart.o
                0x0000000008108cb8                UART_SetConfig
 .text.UART_AdvFeatureConfig
                0x0000000008109788      0x144 ./Drivers/STM32H7xx_HAL_Driver/stm32h7xx_hal_uart.o
                0x0000000008109788                UART_AdvFeatureConfig
 .text.UART_CheckIdleState
                0x00000000081098cc       0x96 ./Drivers/STM32H7xx_HAL_Driver/stm32h7xx_hal_uart.o
                0x00000000081098cc                UART_CheckIdleState
 .text.UART_WaitOnFlagUntilTimeout
                0x0000000008109962      0x190 ./Drivers/STM32H7xx_HAL_Driver/stm32h7xx_hal_uart.o
                0x0000000008109962                UART_WaitOnFlagUntilTimeout
 .text.HAL_UARTEx_DisableFifoMode
                0x0000000008109af2       0x72 ./Drivers/STM32H7xx_HAL_Driver/stm32h7xx_hal_uart_ex.o
                0x0000000008109af2                HAL_UARTEx_DisableFifoMode
 .text.HAL_UARTEx_SetTxFifoThreshold
                0x0000000008109b64       0x7c ./Drivers/STM32H7xx_HAL_Driver/stm32h7xx_hal_uart_ex.o
                0x0000000008109b64                HAL_UARTEx_SetTxFifoThreshold
 .text.HAL_UARTEx_SetRxFifoThreshold
                0x0000000008109be0       0x7c ./Drivers/STM32H7xx_HAL_Driver/stm32h7xx_hal_uart_ex.o
                0x0000000008109be0                HAL_UARTEx_SetRxFifoThreshold
 .text.UARTEx_SetNbDataToProcess
                0x0000000008109c5c       0x9c ./Drivers/STM32H7xx_HAL_Driver/stm32h7xx_hal_uart_ex.o
 .text.__libc_init_array
                0x0000000008109cf8       0x48 c:/st/stm32cubeide_1.11.2/stm32cubeide/plugins/com.st.stm32cube.ide.mcu.externaltools.gnu-tools-for-stm32.10.3-2021.10.win32_1.0.200.202301161003/tools/bin/../lib/gcc/arm-none-eabi/10.3.1/../../../../arm-none-eabi/lib/thumb/v7e-m+fp/hard\libc_nano.a(lib_a-init.o)
                0x0000000008109cf8                __libc_init_array
 .text.memset   0x0000000008109d40       0x10 c:/st/stm32cubeide_1.11.2/stm32cubeide/plugins/com.st.stm32cube.ide.mcu.externaltools.gnu-tools-for-stm32.10.3-2021.10.win32_1.0.200.202301161003/tools/bin/../lib/gcc/arm-none-eabi/10.3.1/../../../../arm-none-eabi/lib/thumb/v7e-m+fp/hard\libc_nano.a(lib_a-memset.o)
                0x0000000008109d40                memset
 .text.sprintf  0x0000000008109d50       0x40 c:/st/stm32cubeide_1.11.2/stm32cubeide/plugins/com.st.stm32cube.ide.mcu.externaltools.gnu-tools-for-stm32.10.3-2021.10.win32_1.0.200.202301161003/tools/bin/../lib/gcc/arm-none-eabi/10.3.1/../../../../arm-none-eabi/lib/thumb/v7e-m+fp/hard\libc_nano.a(lib_a-sprintf.o)
                0x0000000008109d50                siprintf
                0x0000000008109d50                sprintf
 .text.__ssputs_r
                0x0000000008109d90       0xb6 c:/st/stm32cubeide_1.11.2/stm32cubeide/plugins/com.st.stm32cube.ide.mcu.externaltools.gnu-tools-for-stm32.10.3-2021.10.win32_1.0.200.202301161003/tools/bin/../lib/gcc/arm-none-eabi/10.3.1/../../../../arm-none-eabi/lib/thumb/v7e-m+fp/hard\libc_nano.a(lib_a-nano-svfprintf.o)
                0x0000000008109d90                __ssputs_r
 *fill*         0x0000000008109e46        0x2 
 .text._svfprintf_r
                0x0000000008109e48      0x200 c:/st/stm32cubeide_1.11.2/stm32cubeide/plugins/com.st.stm32cube.ide.mcu.externaltools.gnu-tools-for-stm32.10.3-2021.10.win32_1.0.200.202301161003/tools/bin/../lib/gcc/arm-none-eabi/10.3.1/../../../../arm-none-eabi/lib/thumb/v7e-m+fp/hard\libc_nano.a(lib_a-nano-svfprintf.o)
                0x0000000008109e48                _svfiprintf_r
                0x0000000008109e48                _svfprintf_r
 .text._printf_common
                0x000000000810a048       0xda c:/st/stm32cubeide_1.11.2/stm32cubeide/plugins/com.st.stm32cube.ide.mcu.externaltools.gnu-tools-for-stm32.10.3-2021.10.win32_1.0.200.202301161003/tools/bin/../lib/gcc/arm-none-eabi/10.3.1/../../../../arm-none-eabi/lib/thumb/v7e-m+fp/hard\libc_nano.a(lib_a-nano-vfprintf_i.o)
                0x000000000810a048                _printf_common
 *fill*         0x000000000810a122        0x2 
 .text._printf_i
                0x000000000810a124      0x24c c:/st/stm32cubeide_1.11.2/stm32cubeide/plugins/com.st.stm32cube.ide.mcu.externaltools.gnu-tools-for-stm32.10.3-2021.10.win32_1.0.200.202301161003/tools/bin/../lib/gcc/arm-none-eabi/10.3.1/../../../../arm-none-eabi/lib/thumb/v7e-m+fp/hard\libc_nano.a(lib_a-nano-vfprintf_i.o)
                0x000000000810a124                _printf_i
 .text.memcpy   0x000000000810a370       0x1c c:/st/stm32cubeide_1.11.2/stm32cubeide/plugins/com.st.stm32cube.ide.mcu.externaltools.gnu-tools-for-stm32.10.3-2021.10.win32_1.0.200.202301161003/tools/bin/../lib/gcc/arm-none-eabi/10.3.1/../../../../arm-none-eabi/lib/thumb/v7e-m+fp/hard\libc_nano.a(lib_a-memcpy-stub.o)
                0x000000000810a370                memcpy
 .text.memmove  0x000000000810a38c       0x34 c:/st/stm32cubeide_1.11.2/stm32cubeide/plugins/com.st.stm32cube.ide.mcu.externaltools.gnu-tools-for-stm32.10.3-2021.10.win32_1.0.200.202301161003/tools/bin/../lib/gcc/arm-none-eabi/10.3.1/../../../../arm-none-eabi/lib/thumb/v7e-m+fp/hard\libc_nano.a(lib_a-memmove.o)
                0x000000000810a38c                memmove
 .text._free_r  0x000000000810a3c0       0x98 c:/st/stm32cubeide_1.11.2/stm32cubeide/plugins/com.st.stm32cube.ide.mcu.externaltools.gnu-tools-for-stm32.10.3-2021.10.win32_1.0.200.202301161003/tools/bin/../lib/gcc/arm-none-eabi/10.3.1/../../../../arm-none-eabi/lib/thumb/v7e-m+fp/hard\libc_nano.a(lib_a-nano-freer.o)
                0x000000000810a3c0                _free_r
 .text.sbrk_aligned
                0x000000000810a458       0x40 c:/st/stm32cubeide_1.11.2/stm32cubeide/plugins/com.st.stm32cube.ide.mcu.externaltools.gnu-tools-for-stm32.10.3-2021.10.win32_1.0.200.202301161003/tools/bin/../lib/gcc/arm-none-eabi/10.3.1/../../../../arm-none-eabi/lib/thumb/v7e-m+fp/hard\libc_nano.a(lib_a-nano-mallocr.o)
 .text._malloc_r
                0x000000000810a498       0xe8 c:/st/stm32cubeide_1.11.2/stm32cubeide/plugins/com.st.stm32cube.ide.mcu.externaltools.gnu-tools-for-stm32.10.3-2021.10.win32_1.0.200.202301161003/tools/bin/../lib/gcc/arm-none-eabi/10.3.1/../../../../arm-none-eabi/lib/thumb/v7e-m+fp/hard\libc_nano.a(lib_a-nano-mallocr.o)
                0x000000000810a498                _malloc_r
 .text._realloc_r
                0x000000000810a580       0x5e c:/st/stm32cubeide_1.11.2/stm32cubeide/plugins/com.st.stm32cube.ide.mcu.externaltools.gnu-tools-for-stm32.10.3-2021.10.win32_1.0.200.202301161003/tools/bin/../lib/gcc/arm-none-eabi/10.3.1/../../../../arm-none-eabi/lib/thumb/v7e-m+fp/hard\libc_nano.a(lib_a-nano-reallocr.o)
                0x000000000810a580                _realloc_r
 *fill*         0x000000000810a5de        0x2 
 .text._sbrk_r  0x000000000810a5e0       0x20 c:/st/stm32cubeide_1.11.2/stm32cubeide/plugins/com.st.stm32cube.ide.mcu.externaltools.gnu-tools-for-stm32.10.3-2021.10.win32_1.0.200.202301161003/tools/bin/../lib/gcc/arm-none-eabi/10.3.1/../../../../arm-none-eabi/lib/thumb/v7e-m+fp/hard\libc_nano.a(lib_a-sbrkr.o)
                0x000000000810a5e0                _sbrk_r
 .text.__malloc_lock
                0x000000000810a600        0xc c:/st/stm32cubeide_1.11.2/stm32cubeide/plugins/com.st.stm32cube.ide.mcu.externaltools.gnu-tools-for-stm32.10.3-2021.10.win32_1.0.200.202301161003/tools/bin/../lib/gcc/arm-none-eabi/10.3.1/../../../../arm-none-eabi/lib/thumb/v7e-m+fp/hard\libc_nano.a(lib_a-mlock.o)
                0x000000000810a600                __malloc_lock
 .text.__malloc_unlock
                0x000000000810a60c        0xc c:/st/stm32cubeide_1.11.2/stm32cubeide/plugins/com.st.stm32cube.ide.mcu.externaltools.gnu-tools-for-stm32.10.3-2021.10.win32_1.0.200.202301161003/tools/bin/../lib/gcc/arm-none-eabi/10.3.1/../../../../arm-none-eabi/lib/thumb/v7e-m+fp/hard\libc_nano.a(lib_a-mlock.o)
                0x000000000810a60c                __malloc_unlock
 .text._malloc_usable_size_r
                0x000000000810a618       0x10 c:/st/stm32cubeide_1.11.2/stm32cubeide/plugins/com.st.stm32cube.ide.mcu.externaltools.gnu-tools-for-stm32.10.3-2021.10.win32_1.0.200.202301161003/tools/bin/../lib/gcc/arm-none-eabi/10.3.1/../../../../arm-none-eabi/lib/thumb/v7e-m+fp/hard\libc_nano.a(lib_a-nano-msizer.o)
                0x000000000810a618                _malloc_usable_size_r
 .text.__retarget_lock_acquire_recursive
                0x000000000810a628        0x2 c:/st/stm32cubeide_1.11.2/stm32cubeide/plugins/com.st.stm32cube.ide.mcu.externaltools.gnu-tools-for-stm32.10.3-2021.10.win32_1.0.200.202301161003/tools/bin/../lib/gcc/arm-none-eabi/10.3.1/../../../../arm-none-eabi/lib/thumb/v7e-m+fp/hard\libc_nano.a(lib_a-lock.o)
                0x000000000810a628                __retarget_lock_acquire_recursive
 .text.__retarget_lock_release_recursive
                0x000000000810a62a        0x2 c:/st/stm32cubeide_1.11.2/stm32cubeide/plugins/com.st.stm32cube.ide.mcu.externaltools.gnu-tools-for-stm32.10.3-2021.10.win32_1.0.200.202301161003/tools/bin/../lib/gcc/arm-none-eabi/10.3.1/../../../../arm-none-eabi/lib/thumb/v7e-m+fp/hard\libc_nano.a(lib_a-lock.o)
                0x000000000810a62a                __retarget_lock_release_recursive
 .text.roundf   0x000000000810a62c       0x48 c:/st/stm32cubeide_1.11.2/stm32cubeide/plugins/com.st.stm32cube.ide.mcu.externaltools.gnu-tools-for-stm32.10.3-2021.10.win32_1.0.200.202301161003/tools/bin/../lib/gcc/arm-none-eabi/10.3.1/../../../../arm-none-eabi/lib/thumb/v7e-m+fp/hard\libm.a(lib_a-sf_round.o)
                0x000000000810a62c                roundf
 .text._sbrk    0x000000000810a674       0x1c c:/st/stm32cubeide_1.11.2/stm32cubeide/plugins/com.st.stm32cube.ide.mcu.externaltools.gnu-tools-for-stm32.10.3-2021.10.win32_1.0.200.202301161003/tools/bin/../lib/gcc/arm-none-eabi/10.3.1/../../../../arm-none-eabi/lib/thumb/v7e-m+fp/hard\libnosys.a(sbrk.o)
                0x000000000810a674                _sbrk
 *(.glue_7)
 .glue_7        0x000000000810a690        0x0 linker stubs
 *(.glue_7t)
 .glue_7t       0x000000000810a690        0x0 linker stubs
 *(.eh_frame)
 .eh_frame      0x000000000810a690        0x0 c:/st/stm32cubeide_1.11.2/stm32cubeide/plugins/com.st.stm32cube.ide.mcu.externaltools.gnu-tools-for-stm32.10.3-2021.10.win32_1.0.200.202301161003/tools/bin/../lib/gcc/arm-none-eabi/10.3.1/thumb/v7e-m+fp/hard/crtbegin.o
 *(.init)
 .init          0x000000000810a690        0x4 c:/st/stm32cubeide_1.11.2/stm32cubeide/plugins/com.st.stm32cube.ide.mcu.externaltools.gnu-tools-for-stm32.10.3-2021.10.win32_1.0.200.202301161003/tools/bin/../lib/gcc/arm-none-eabi/10.3.1/thumb/v7e-m+fp/hard/crti.o
                0x000000000810a690                _init
 .init          0x000000000810a694        0x8 c:/st/stm32cubeide_1.11.2/stm32cubeide/plugins/com.st.stm32cube.ide.mcu.externaltools.gnu-tools-for-stm32.10.3-2021.10.win32_1.0.200.202301161003/tools/bin/../lib/gcc/arm-none-eabi/10.3.1/thumb/v7e-m+fp/hard/crtn.o
 *(.fini)
 .fini          0x000000000810a69c        0x4 c:/st/stm32cubeide_1.11.2/stm32cubeide/plugins/com.st.stm32cube.ide.mcu.externaltools.gnu-tools-for-stm32.10.3-2021.10.win32_1.0.200.202301161003/tools/bin/../lib/gcc/arm-none-eabi/10.3.1/thumb/v7e-m+fp/hard/crti.o
                0x000000000810a69c                _fini
 .fini          0x000000000810a6a0        0x8 c:/st/stm32cubeide_1.11.2/stm32cubeide/plugins/com.st.stm32cube.ide.mcu.externaltools.gnu-tools-for-stm32.10.3-2021.10.win32_1.0.200.202301161003/tools/bin/../lib/gcc/arm-none-eabi/10.3.1/thumb/v7e-m+fp/hard/crtn.o
                0x000000000810a6a8                . = ALIGN (0x4)
                0x000000000810a6a8                _etext = .

.vfp11_veneer   0x000000000810a6a8        0x0
 .vfp11_veneer  0x000000000810a6a8        0x0 linker stubs

.v4_bx          0x000000000810a6a8        0x0
 .v4_bx         0x000000000810a6a8        0x0 linker stubs

.iplt           0x000000000810a6a8        0x0
 .iplt          0x000000000810a6a8        0x0 c:/st/stm32cubeide_1.11.2/stm32cubeide/plugins/com.st.stm32cube.ide.mcu.externaltools.gnu-tools-for-stm32.10.3-2021.10.win32_1.0.200.202301161003/tools/bin/../lib/gcc/arm-none-eabi/10.3.1/thumb/v7e-m+fp/hard/crtbegin.o

.rodata         0x000000000810a6a8      0x3c8
                0x000000000810a6a8                . = ALIGN (0x4)
 *(.rodata)
 .rodata        0x000000000810a6a8       0xbb ./Core/Src/level_2/board_opener.o
 *fill*         0x000000000810a763        0x1 
 .rodata        0x000000000810a764       0xb8 ./Core/Src/level_2/init_CM4.o
 .rodata        0x000000000810a81c       0x80 ./Core/Src/level_2/token_colour_separator.o
 .rodata        0x000000000810a89c       0x4b ./Core/Src/level_2/user_detector.o
 *fill*         0x000000000810a8e7        0x1 
 .rodata        0x000000000810a8e8       0x1c ./Core/Src/level_3/colour_sensor.o
 .rodata        0x000000000810a904       0xec ./Core/Src/level_3/motor_master.o
 .rodata        0x000000000810a9f0       0x14 ./Core/Src/main.o
 *(.rodata*)
 .rodata.D1CorePrescTable
                0x000000000810aa04       0x10 ./Common/Src/system_stm32h7xx_dualcore_boot_cm4_cm7.o
                0x000000000810aa04                D1CorePrescTable
 .rodata.UARTPrescTable
                0x000000000810aa14       0x18 ./Drivers/STM32H7xx_HAL_Driver/stm32h7xx_hal_uart.o
                0x000000000810aa14                UARTPrescTable
 .rodata.numerator.1
                0x000000000810aa2c        0x8 ./Drivers/STM32H7xx_HAL_Driver/stm32h7xx_hal_uart_ex.o
 .rodata.denominator.0
                0x000000000810aa34        0x8 ./Drivers/STM32H7xx_HAL_Driver/stm32h7xx_hal_uart_ex.o
 .rodata._svfprintf_r.str1.1
                0x000000000810aa3c       0x11 c:/st/stm32cubeide_1.11.2/stm32cubeide/plugins/com.st.stm32cube.ide.mcu.externaltools.gnu-tools-for-stm32.10.3-2021.10.win32_1.0.200.202301161003/tools/bin/../lib/gcc/arm-none-eabi/10.3.1/../../../../arm-none-eabi/lib/thumb/v7e-m+fp/hard\libc_nano.a(lib_a-nano-svfprintf.o)
 .rodata._printf_i.str1.1
                0x000000000810aa4d       0x22 c:/st/stm32cubeide_1.11.2/stm32cubeide/plugins/com.st.stm32cube.ide.mcu.externaltools.gnu-tools-for-stm32.10.3-2021.10.win32_1.0.200.202301161003/tools/bin/../lib/gcc/arm-none-eabi/10.3.1/../../../../arm-none-eabi/lib/thumb/v7e-m+fp/hard\libc_nano.a(lib_a-nano-vfprintf_i.o)
                0x000000000810aa70                . = ALIGN (0x4)
 *fill*         0x000000000810aa6f        0x1 

.ARM.extab
 *(.ARM.extab* .gnu.linkonce.armextab.*)

.ARM            0x000000000810aa70        0x8
                0x000000000810aa70                __exidx_start = .
 *(.ARM.exidx*)
 .ARM.exidx     0x000000000810aa70        0x8 c:/st/stm32cubeide_1.11.2/stm32cubeide/plugins/com.st.stm32cube.ide.mcu.externaltools.gnu-tools-for-stm32.10.3-2021.10.win32_1.0.200.202301161003/tools/bin/../lib/gcc/arm-none-eabi/10.3.1/thumb/v7e-m+fp/hard\libgcc.a(_udivmoddi4.o)
                0x000000000810aa78                __exidx_end = .

.rel.dyn        0x000000000810aa78        0x0
 .rel.iplt      0x000000000810aa78        0x0 c:/st/stm32cubeide_1.11.2/stm32cubeide/plugins/com.st.stm32cube.ide.mcu.externaltools.gnu-tools-for-stm32.10.3-2021.10.win32_1.0.200.202301161003/tools/bin/../lib/gcc/arm-none-eabi/10.3.1/thumb/v7e-m+fp/hard/crtbegin.o

.preinit_array  0x000000000810aa78        0x0
                0x000000000810aa78                PROVIDE (__preinit_array_start = .)
 *(.preinit_array*)
                0x000000000810aa78                PROVIDE (__preinit_array_end = .)

.init_array     0x000000000810aa78        0x4
                0x000000000810aa78                PROVIDE (__init_array_start = .)
 *(SORT_BY_NAME(.init_array.*))
 *(.init_array*)
 .init_array    0x000000000810aa78        0x4 c:/st/stm32cubeide_1.11.2/stm32cubeide/plugins/com.st.stm32cube.ide.mcu.externaltools.gnu-tools-for-stm32.10.3-2021.10.win32_1.0.200.202301161003/tools/bin/../lib/gcc/arm-none-eabi/10.3.1/thumb/v7e-m+fp/hard/crtbegin.o
                0x000000000810aa7c                PROVIDE (__init_array_end = .)

.fini_array     0x000000000810aa7c        0x4
                [!provide]                        PROVIDE (__fini_array_start = .)
 *(SORT_BY_NAME(.fini_array.*))
 *(.fini_array*)
 .fini_array    0x000000000810aa7c        0x4 c:/st/stm32cubeide_1.11.2/stm32cubeide/plugins/com.st.stm32cube.ide.mcu.externaltools.gnu-tools-for-stm32.10.3-2021.10.win32_1.0.200.202301161003/tools/bin/../lib/gcc/arm-none-eabi/10.3.1/thumb/v7e-m+fp/hard/crtbegin.o
                [!provide]                        PROVIDE (__fini_array_end = .)
                0x000000000810aa80                _sidata = LOADADDR (.data)

.data           0x0000000010000000       0x80 load address 0x000000000810aa80
                0x0000000010000000                . = ALIGN (0x4)
                0x0000000010000000                _sdata = .
 *(.data)
 *(.data*)
 .data.SystemCoreClock
                0x0000000010000000        0x4 ./Common/Src/system_stm32h7xx_dualcore_boot_cm4_cm7.o
                0x0000000010000000                SystemCoreClock
 .data.SystemD2Clock
                0x0000000010000004        0x4 ./Common/Src/system_stm32h7xx_dualcore_boot_cm4_cm7.o
                0x0000000010000004                SystemD2Clock
 .data.gateOld  0x0000000010000008        0x4 ./Core/Src/vars.o
                0x0000000010000008                gateOld
 .data.state_flag
                0x000000001000000c        0x4 ./Core/Src/vars.o
                0x000000001000000c                state_flag
 .data.current_state
                0x0000000010000010        0x4 ./Core/Src/vars.o
                0x0000000010000010                current_state
 .data.uwTickPrio
                0x0000000010000014        0x4 ./Drivers/STM32H7xx_HAL_Driver/stm32h7xx_hal.o
                0x0000000010000014                uwTickPrio
 .data.uwTickFreq
                0x0000000010000018        0x1 ./Drivers/STM32H7xx_HAL_Driver/stm32h7xx_hal.o
                0x0000000010000018                uwTickFreq
 *fill*         0x0000000010000019        0x3 
 .data._impure_ptr
                0x000000001000001c        0x4 c:/st/stm32cubeide_1.11.2/stm32cubeide/plugins/com.st.stm32cube.ide.mcu.externaltools.gnu-tools-for-stm32.10.3-2021.10.win32_1.0.200.202301161003/tools/bin/../lib/gcc/arm-none-eabi/10.3.1/../../../../arm-none-eabi/lib/thumb/v7e-m+fp/hard\libc_nano.a(lib_a-impure.o)
                0x000000001000001c                _impure_ptr
 .data.impure_data
                0x0000000010000020       0x60 c:/st/stm32cubeide_1.11.2/stm32cubeide/plugins/com.st.stm32cube.ide.mcu.externaltools.gnu-tools-for-stm32.10.3-2021.10.win32_1.0.200.202301161003/tools/bin/../lib/gcc/arm-none-eabi/10.3.1/../../../../arm-none-eabi/lib/thumb/v7e-m+fp/hard\libc_nano.a(lib_a-impure.o)
 *(.RamFunc)
 *(.RamFunc*)
                0x0000000010000080                . = ALIGN (0x4)
                0x0000000010000080                _edata = .

.igot.plt       0x0000000010000080        0x0 load address 0x000000000810ab00
 .igot.plt      0x0000000010000080        0x0 c:/st/stm32cubeide_1.11.2/stm32cubeide/plugins/com.st.stm32cube.ide.mcu.externaltools.gnu-tools-for-stm32.10.3-2021.10.win32_1.0.200.202301161003/tools/bin/../lib/gcc/arm-none-eabi/10.3.1/thumb/v7e-m+fp/hard/crtbegin.o
                0x0000000010000080                . = ALIGN (0x4)

.bss            0x0000000010000080      0x3c0 load address 0x000000000810ab00
                0x0000000010000080                _sbss = .
                0x0000000010000080                __bss_start__ = _sbss
 *(.bss)
 .bss           0x0000000010000080       0x1c c:/st/stm32cubeide_1.11.2/stm32cubeide/plugins/com.st.stm32cube.ide.mcu.externaltools.gnu-tools-for-stm32.10.3-2021.10.win32_1.0.200.202301161003/tools/bin/../lib/gcc/arm-none-eabi/10.3.1/thumb/v7e-m+fp/hard/crtbegin.o
 *(.bss*)
 .bss.red       0x000000001000009c        0x4 ./Core/Src/level_3/colour_sensor.o
                0x000000001000009c                red
 .bss.yellow    0x00000000100000a0        0x4 ./Core/Src/level_3/colour_sensor.o
                0x00000000100000a0                yellow
 .bss.rgb_error
                0x00000000100000a4        0x4 ./Core/Src/level_3/colour_sensor.o
                0x00000000100000a4                rgb_error
 .bss.counterX  0x00000000100000a8        0x4 ./Core/Src/level_3/motor_x.o
                0x00000000100000a8                counterX
 *fill*         0x00000000100000ac        0x4 
 .bss.position_mm_X
                0x00000000100000b0        0x8 ./Core/Src/level_3/motor_x.o
                0x00000000100000b0                position_mm_X
 .bss.i_X       0x00000000100000b8        0x1 ./Core/Src/level_3/motor_x.o
                0x00000000100000b8                i_X
 *fill*         0x00000000100000b9        0x3 
 .bss.counterZ  0x00000000100000bc        0x4 ./Core/Src/level_3/motor_z.o
                0x00000000100000bc                counterZ
 .bss.position_mm_Z
                0x00000000100000c0        0x8 ./Core/Src/level_3/motor_z.o
                0x00000000100000c0                position_mm_Z
 .bss.i_Z       0x00000000100000c8        0x1 ./Core/Src/level_3/motor_z.o
                0x00000000100000c8                i_Z
 *fill*         0x00000000100000c9        0x3 
 .bss.t_pulse_rotate
                0x00000000100000cc        0x4 ./Core/Src/level_3/servo_controller.o
                0x00000000100000cc                t_pulse_rotate
 .bss.t_pulse_slide
                0x00000000100000d0        0x4 ./Core/Src/level_3/servo_controller.o
                0x00000000100000d0                t_pulse_slide
 .bss.CCR_value_rotate
                0x00000000100000d4        0x4 ./Core/Src/level_3/servo_controller.o
                0x00000000100000d4                CCR_value_rotate
 .bss.CCR_value_slide
                0x00000000100000d8        0x4 ./Core/Src/level_3/servo_controller.o
                0x00000000100000d8                CCR_value_slide
 .bss.mem_Board
                0x00000000100000dc       0x1c ./Core/Src/vars.o
                0x00000000100000dc                mem_Board
 .bss.mem_Board_old
                0x00000000100000f8       0x1c ./Core/Src/vars.o
                0x00000000100000f8                mem_Board_old
 .bss.sens      0x0000000010000114        0x4 ./Core/Src/vars.o
                0x0000000010000114                sens
 .bss.Sens_CoinEntry
                0x0000000010000118        0x4 ./Core/Src/vars.o
                0x0000000010000118                Sens_CoinEntry
 .bss.detect_error
                0x000000001000011c        0x4 ./Core/Src/vars.o
                0x000000001000011c                detect_error
 .bss.hadc1     0x0000000010000120       0x64 ./Core/Src/peripheral_devices/adc.o
                0x0000000010000120                hadc1
 .bss.hi2c1     0x0000000010000184       0x4c ./Core/Src/peripheral_devices/i2c.o
                0x0000000010000184                hi2c1
 .bss.htim2     0x00000000100001d0       0x4c ./Core/Src/peripheral_devices/tim.o
                0x00000000100001d0                htim2
 .bss.htim3     0x000000001000021c       0x4c ./Core/Src/peripheral_devices/tim.o
                0x000000001000021c                htim3
 .bss.htim4     0x0000000010000268       0x4c ./Core/Src/peripheral_devices/tim.o
                0x0000000010000268                htim4
 .bss.htim7     0x00000000100002b4       0x4c ./Core/Src/peripheral_devices/tim.o
                0x00000000100002b4                htim7
 .bss.htim13    0x0000000010000300       0x4c ./Core/Src/peripheral_devices/tim.o
                0x0000000010000300                htim13
 .bss.htim14    0x000000001000034c       0x4c ./Core/Src/peripheral_devices/tim.o
                0x000000001000034c                htim14
 .bss.huart3    0x0000000010000398       0x90 ./Core/Src/peripheral_devices/usart.o
                0x0000000010000398                huart3
 .bss.uwTick    0x0000000010000428        0x4 ./Drivers/STM32H7xx_HAL_Driver/stm32h7xx_hal.o
                0x0000000010000428                uwTick
 .bss.__malloc_free_list
                0x000000001000042c        0x4 c:/st/stm32cubeide_1.11.2/stm32cubeide/plugins/com.st.stm32cube.ide.mcu.externaltools.gnu-tools-for-stm32.10.3-2021.10.win32_1.0.200.202301161003/tools/bin/../lib/gcc/arm-none-eabi/10.3.1/../../../../arm-none-eabi/lib/thumb/v7e-m+fp/hard\libc_nano.a(lib_a-nano-mallocr.o)
                0x000000001000042c                __malloc_free_list
 .bss.__malloc_sbrk_start
                0x0000000010000430        0x4 c:/st/stm32cubeide_1.11.2/stm32cubeide/plugins/com.st.stm32cube.ide.mcu.externaltools.gnu-tools-for-stm32.10.3-2021.10.win32_1.0.200.202301161003/tools/bin/../lib/gcc/arm-none-eabi/10.3.1/../../../../arm-none-eabi/lib/thumb/v7e-m+fp/hard\libc_nano.a(lib_a-nano-mallocr.o)
                0x0000000010000430                __malloc_sbrk_start
 .bss.errno     0x0000000010000434        0x4 c:/st/stm32cubeide_1.11.2/stm32cubeide/plugins/com.st.stm32cube.ide.mcu.externaltools.gnu-tools-for-stm32.10.3-2021.10.win32_1.0.200.202301161003/tools/bin/../lib/gcc/arm-none-eabi/10.3.1/../../../../arm-none-eabi/lib/thumb/v7e-m+fp/hard\libc_nano.a(lib_a-reent.o)
                0x0000000010000434                errno
 .bss.__lock___malloc_recursive_mutex
                0x0000000010000438        0x1 c:/st/stm32cubeide_1.11.2/stm32cubeide/plugins/com.st.stm32cube.ide.mcu.externaltools.gnu-tools-for-stm32.10.3-2021.10.win32_1.0.200.202301161003/tools/bin/../lib/gcc/arm-none-eabi/10.3.1/../../../../arm-none-eabi/lib/thumb/v7e-m+fp/hard\libc_nano.a(lib_a-lock.o)
                0x0000000010000438                __lock___malloc_recursive_mutex
 *fill*         0x0000000010000439        0x3 
 .bss.heap_end.0
                0x000000001000043c        0x4 c:/st/stm32cubeide_1.11.2/stm32cubeide/plugins/com.st.stm32cube.ide.mcu.externaltools.gnu-tools-for-stm32.10.3-2021.10.win32_1.0.200.202301161003/tools/bin/../lib/gcc/arm-none-eabi/10.3.1/../../../../arm-none-eabi/lib/thumb/v7e-m+fp/hard\libnosys.a(sbrk.o)
 *(COMMON)
                0x0000000010000440                . = ALIGN (0x4)
                0x0000000010000440                _ebss = .
                0x0000000010000440                __bss_end__ = _ebss

._user_heap_stack
                0x0000000010000440      0x600 load address 0x000000000810ab00
                0x0000000010000440                . = ALIGN (0x8)
                0x0000000010000440                PROVIDE (end = .)
                [!provide]                        PROVIDE (_end = .)
                0x0000000010000640                . = (. + _Min_Heap_Size)
 *fill*         0x0000000010000440      0x200 
                0x0000000010000a40                . = (. + _Min_Stack_Size)
 *fill*         0x0000000010000640      0x400 
                0x0000000010000a40                . = ALIGN (0x8)

/DISCARD/
 libc.a(*)
 libm.a(*)
 libgcc.a(*)

.ARM.attributes
                0x0000000000000000       0x30
 *(.ARM.attributes)
 .ARM.attributes
                0x0000000000000000       0x1e c:/st/stm32cubeide_1.11.2/stm32cubeide/plugins/com.st.stm32cube.ide.mcu.externaltools.gnu-tools-for-stm32.10.3-2021.10.win32_1.0.200.202301161003/tools/bin/../lib/gcc/arm-none-eabi/10.3.1/thumb/v7e-m+fp/hard/crti.o
 .ARM.attributes
                0x000000000000001e       0x34 c:/st/stm32cubeide_1.11.2/stm32cubeide/plugins/com.st.stm32cube.ide.mcu.externaltools.gnu-tools-for-stm32.10.3-2021.10.win32_1.0.200.202301161003/tools/bin/../lib/gcc/arm-none-eabi/10.3.1/thumb/v7e-m+fp/hard/crtbegin.o
 .ARM.attributes
                0x0000000000000052       0x34 ./Common/Src/system_stm32h7xx_dualcore_boot_cm4_cm7.o
 .ARM.attributes
                0x0000000000000086       0x34 ./Core/Src/level_2/board_opener.o
 .ARM.attributes
                0x00000000000000ba       0x34 ./Core/Src/level_2/init_CM4.o
 .ARM.attributes
                0x00000000000000ee       0x34 ./Core/Src/level_2/task_manager.o
 .ARM.attributes
                0x0000000000000122       0x34 ./Core/Src/level_2/token_colour_separator.o
 .ARM.attributes
                0x0000000000000156       0x34 ./Core/Src/level_2/user_detector.o
 .ARM.attributes
                0x000000000000018a       0x34 ./Core/Src/level_3/colour_sensor.o
 .ARM.attributes
                0x00000000000001be       0x34 ./Core/Src/level_3/motor_master.o
 .ARM.attributes
                0x00000000000001f2       0x34 ./Core/Src/level_3/motor_x.o
 .ARM.attributes
                0x0000000000000226       0x34 ./Core/Src/level_3/motor_z.o
 .ARM.attributes
                0x000000000000025a       0x34 ./Core/Src/level_3/servo_controller.o
 .ARM.attributes
                0x000000000000028e       0x34 ./Core/Src/main.o
 .ARM.attributes
                0x00000000000002c2       0x34 ./Core/Src/stm32h7xx_hal_msp.o
 .ARM.attributes
                0x00000000000002f6       0x34 ./Core/Src/stm32h7xx_it.o
 .ARM.attributes
                0x000000000000032a       0x34 ./Core/Src/vars.o
 .ARM.attributes
                0x000000000000035e       0x34 ./Core/Src/peripheral_devices/adc.o
 .ARM.attributes
                0x0000000000000392       0x34 ./Core/Src/peripheral_devices/gpio.o
 .ARM.attributes
                0x00000000000003c6       0x34 ./Core/Src/peripheral_devices/i2c.o
 .ARM.attributes
                0x00000000000003fa       0x34 ./Core/Src/peripheral_devices/tim.o
 .ARM.attributes
                0x000000000000042e       0x34 ./Core/Src/peripheral_devices/usart.o
 .ARM.attributes
                0x0000000000000462       0x21 ./Core/Startup/startup_stm32h755zitx.o
 .ARM.attributes
                0x0000000000000483       0x34 ./Drivers/STM32H7xx_HAL_Driver/stm32h7xx_hal.o
 .ARM.attributes
                0x00000000000004b7       0x34 ./Drivers/STM32H7xx_HAL_Driver/stm32h7xx_hal_adc.o
 .ARM.attributes
                0x00000000000004eb       0x34 ./Drivers/STM32H7xx_HAL_Driver/stm32h7xx_hal_adc_ex.o
 .ARM.attributes
                0x000000000000051f       0x34 ./Drivers/STM32H7xx_HAL_Driver/stm32h7xx_hal_cortex.o
 .ARM.attributes
                0x0000000000000553       0x34 ./Drivers/STM32H7xx_HAL_Driver/stm32h7xx_hal_gpio.o
 .ARM.attributes
                0x0000000000000587       0x34 ./Drivers/STM32H7xx_HAL_Driver/stm32h7xx_hal_hsem.o
 .ARM.attributes
                0x00000000000005bb       0x34 ./Drivers/STM32H7xx_HAL_Driver/stm32h7xx_hal_i2c.o
 .ARM.attributes
                0x00000000000005ef       0x34 ./Drivers/STM32H7xx_HAL_Driver/stm32h7xx_hal_i2c_ex.o
 .ARM.attributes
                0x0000000000000623       0x34 ./Drivers/STM32H7xx_HAL_Driver/stm32h7xx_hal_pwr_ex.o
 .ARM.attributes
                0x0000000000000657       0x34 ./Drivers/STM32H7xx_HAL_Driver/stm32h7xx_hal_rcc.o
 .ARM.attributes
                0x000000000000068b       0x34 ./Drivers/STM32H7xx_HAL_Driver/stm32h7xx_hal_rcc_ex.o
 .ARM.attributes
                0x00000000000006bf       0x34 ./Drivers/STM32H7xx_HAL_Driver/stm32h7xx_hal_tim.o
 .ARM.attributes
                0x00000000000006f3       0x34 ./Drivers/STM32H7xx_HAL_Driver/stm32h7xx_hal_tim_ex.o
 .ARM.attributes
                0x0000000000000727       0x34 ./Drivers/STM32H7xx_HAL_Driver/stm32h7xx_hal_uart.o
 .ARM.attributes
                0x000000000000075b       0x34 ./Drivers/STM32H7xx_HAL_Driver/stm32h7xx_hal_uart_ex.o
 .ARM.attributes
                0x000000000000078f       0x34 c:/st/stm32cubeide_1.11.2/stm32cubeide/plugins/com.st.stm32cube.ide.mcu.externaltools.gnu-tools-for-stm32.10.3-2021.10.win32_1.0.200.202301161003/tools/bin/../lib/gcc/arm-none-eabi/10.3.1/../../../../arm-none-eabi/lib/thumb/v7e-m+fp/hard\libc_nano.a(lib_a-impure.o)
 .ARM.attributes
                0x00000000000007c3       0x34 c:/st/stm32cubeide_1.11.2/stm32cubeide/plugins/com.st.stm32cube.ide.mcu.externaltools.gnu-tools-for-stm32.10.3-2021.10.win32_1.0.200.202301161003/tools/bin/../lib/gcc/arm-none-eabi/10.3.1/../../../../arm-none-eabi/lib/thumb/v7e-m+fp/hard\libc_nano.a(lib_a-init.o)
 .ARM.attributes
                0x00000000000007f7       0x34 c:/st/stm32cubeide_1.11.2/stm32cubeide/plugins/com.st.stm32cube.ide.mcu.externaltools.gnu-tools-for-stm32.10.3-2021.10.win32_1.0.200.202301161003/tools/bin/../lib/gcc/arm-none-eabi/10.3.1/../../../../arm-none-eabi/lib/thumb/v7e-m+fp/hard\libc_nano.a(lib_a-memset.o)
 .ARM.attributes
                0x000000000000082b       0x34 c:/st/stm32cubeide_1.11.2/stm32cubeide/plugins/com.st.stm32cube.ide.mcu.externaltools.gnu-tools-for-stm32.10.3-2021.10.win32_1.0.200.202301161003/tools/bin/../lib/gcc/arm-none-eabi/10.3.1/../../../../arm-none-eabi/lib/thumb/v7e-m+fp/hard\libc_nano.a(lib_a-sprintf.o)
 .ARM.attributes
                0x000000000000085f       0x34 c:/st/stm32cubeide_1.11.2/stm32cubeide/plugins/com.st.stm32cube.ide.mcu.externaltools.gnu-tools-for-stm32.10.3-2021.10.win32_1.0.200.202301161003/tools/bin/../lib/gcc/arm-none-eabi/10.3.1/../../../../arm-none-eabi/lib/thumb/v7e-m+fp/hard\libc_nano.a(lib_a-nano-svfprintf.o)
 .ARM.attributes
                0x0000000000000893       0x34 c:/st/stm32cubeide_1.11.2/stm32cubeide/plugins/com.st.stm32cube.ide.mcu.externaltools.gnu-tools-for-stm32.10.3-2021.10.win32_1.0.200.202301161003/tools/bin/../lib/gcc/arm-none-eabi/10.3.1/../../../../arm-none-eabi/lib/thumb/v7e-m+fp/hard\libc_nano.a(lib_a-nano-vfprintf_i.o)
 .ARM.attributes
                0x00000000000008c7       0x1c c:/st/stm32cubeide_1.11.2/stm32cubeide/plugins/com.st.stm32cube.ide.mcu.externaltools.gnu-tools-for-stm32.10.3-2021.10.win32_1.0.200.202301161003/tools/bin/../lib/gcc/arm-none-eabi/10.3.1/../../../../arm-none-eabi/lib/thumb/v7e-m+fp/hard\libc_nano.a(lib_a-memchr.o)
 .ARM.attributes
                0x00000000000008e3       0x34 c:/st/stm32cubeide_1.11.2/stm32cubeide/plugins/com.st.stm32cube.ide.mcu.externaltools.gnu-tools-for-stm32.10.3-2021.10.win32_1.0.200.202301161003/tools/bin/../lib/gcc/arm-none-eabi/10.3.1/../../../../arm-none-eabi/lib/thumb/v7e-m+fp/hard\libc_nano.a(lib_a-memcpy-stub.o)
 .ARM.attributes
                0x0000000000000917       0x34 c:/st/stm32cubeide_1.11.2/stm32cubeide/plugins/com.st.stm32cube.ide.mcu.externaltools.gnu-tools-for-stm32.10.3-2021.10.win32_1.0.200.202301161003/tools/bin/../lib/gcc/arm-none-eabi/10.3.1/../../../../arm-none-eabi/lib/thumb/v7e-m+fp/hard\libc_nano.a(lib_a-memmove.o)
 .ARM.attributes
                0x000000000000094b       0x34 c:/st/stm32cubeide_1.11.2/stm32cubeide/plugins/com.st.stm32cube.ide.mcu.externaltools.gnu-tools-for-stm32.10.3-2021.10.win32_1.0.200.202301161003/tools/bin/../lib/gcc/arm-none-eabi/10.3.1/../../../../arm-none-eabi/lib/thumb/v7e-m+fp/hard\libc_nano.a(lib_a-nano-freer.o)
 .ARM.attributes
                0x000000000000097f       0x34 c:/st/stm32cubeide_1.11.2/stm32cubeide/plugins/com.st.stm32cube.ide.mcu.externaltools.gnu-tools-for-stm32.10.3-2021.10.win32_1.0.200.202301161003/tools/bin/../lib/gcc/arm-none-eabi/10.3.1/../../../../arm-none-eabi/lib/thumb/v7e-m+fp/hard\libc_nano.a(lib_a-nano-mallocr.o)
 .ARM.attributes
                0x00000000000009b3       0x34 c:/st/stm32cubeide_1.11.2/stm32cubeide/plugins/com.st.stm32cube.ide.mcu.externaltools.gnu-tools-for-stm32.10.3-2021.10.win32_1.0.200.202301161003/tools/bin/../lib/gcc/arm-none-eabi/10.3.1/../../../../arm-none-eabi/lib/thumb/v7e-m+fp/hard\libc_nano.a(lib_a-nano-reallocr.o)
 .ARM.attributes
                0x00000000000009e7       0x34 c:/st/stm32cubeide_1.11.2/stm32cubeide/plugins/com.st.stm32cube.ide.mcu.externaltools.gnu-tools-for-stm32.10.3-2021.10.win32_1.0.200.202301161003/tools/bin/../lib/gcc/arm-none-eabi/10.3.1/../../../../arm-none-eabi/lib/thumb/v7e-m+fp/hard\libc_nano.a(lib_a-sbrkr.o)
 .ARM.attributes
                0x0000000000000a1b       0x34 c:/st/stm32cubeide_1.11.2/stm32cubeide/plugins/com.st.stm32cube.ide.mcu.externaltools.gnu-tools-for-stm32.10.3-2021.10.win32_1.0.200.202301161003/tools/bin/../lib/gcc/arm-none-eabi/10.3.1/../../../../arm-none-eabi/lib/thumb/v7e-m+fp/hard\libc_nano.a(lib_a-mlock.o)
 .ARM.attributes
                0x0000000000000a4f       0x34 c:/st/stm32cubeide_1.11.2/stm32cubeide/plugins/com.st.stm32cube.ide.mcu.externaltools.gnu-tools-for-stm32.10.3-2021.10.win32_1.0.200.202301161003/tools/bin/../lib/gcc/arm-none-eabi/10.3.1/../../../../arm-none-eabi/lib/thumb/v7e-m+fp/hard\libc_nano.a(lib_a-nano-msizer.o)
 .ARM.attributes
                0x0000000000000a83       0x34 c:/st/stm32cubeide_1.11.2/stm32cubeide/plugins/com.st.stm32cube.ide.mcu.externaltools.gnu-tools-for-stm32.10.3-2021.10.win32_1.0.200.202301161003/tools/bin/../lib/gcc/arm-none-eabi/10.3.1/../../../../arm-none-eabi/lib/thumb/v7e-m+fp/hard\libc_nano.a(lib_a-reent.o)
 .ARM.attributes
                0x0000000000000ab7       0x34 c:/st/stm32cubeide_1.11.2/stm32cubeide/plugins/com.st.stm32cube.ide.mcu.externaltools.gnu-tools-for-stm32.10.3-2021.10.win32_1.0.200.202301161003/tools/bin/../lib/gcc/arm-none-eabi/10.3.1/../../../../arm-none-eabi/lib/thumb/v7e-m+fp/hard\libc_nano.a(lib_a-lock.o)
 .ARM.attributes
                0x0000000000000aeb       0x34 c:/st/stm32cubeide_1.11.2/stm32cubeide/plugins/com.st.stm32cube.ide.mcu.externaltools.gnu-tools-for-stm32.10.3-2021.10.win32_1.0.200.202301161003/tools/bin/../lib/gcc/arm-none-eabi/10.3.1/../../../../arm-none-eabi/lib/thumb/v7e-m+fp/hard\libm.a(lib_a-sf_round.o)
 .ARM.attributes
                0x0000000000000b1f       0x1e c:/st/stm32cubeide_1.11.2/stm32cubeide/plugins/com.st.stm32cube.ide.mcu.externaltools.gnu-tools-for-stm32.10.3-2021.10.win32_1.0.200.202301161003/tools/bin/../lib/gcc/arm-none-eabi/10.3.1/thumb/v7e-m+fp/hard\libgcc.a(_aeabi_uldivmod.o)
 .ARM.attributes
                0x0000000000000b3d       0x34 c:/st/stm32cubeide_1.11.2/stm32cubeide/plugins/com.st.stm32cube.ide.mcu.externaltools.gnu-tools-for-stm32.10.3-2021.10.win32_1.0.200.202301161003/tools/bin/../lib/gcc/arm-none-eabi/10.3.1/thumb/v7e-m+fp/hard\libgcc.a(_udivmoddi4.o)
 .ARM.attributes
                0x0000000000000b71       0x1e c:/st/stm32cubeide_1.11.2/stm32cubeide/plugins/com.st.stm32cube.ide.mcu.externaltools.gnu-tools-for-stm32.10.3-2021.10.win32_1.0.200.202301161003/tools/bin/../lib/gcc/arm-none-eabi/10.3.1/thumb/v7e-m+fp/hard\libgcc.a(_dvmd_tls.o)
 .ARM.attributes
                0x0000000000000b8f       0x34 c:/st/stm32cubeide_1.11.2/stm32cubeide/plugins/com.st.stm32cube.ide.mcu.externaltools.gnu-tools-for-stm32.10.3-2021.10.win32_1.0.200.202301161003/tools/bin/../lib/gcc/arm-none-eabi/10.3.1/../../../../arm-none-eabi/lib/thumb/v7e-m+fp/hard\libnosys.a(sbrk.o)
 .ARM.attributes
                0x0000000000000bc3       0x1e c:/st/stm32cubeide_1.11.2/stm32cubeide/plugins/com.st.stm32cube.ide.mcu.externaltools.gnu-tools-for-stm32.10.3-2021.10.win32_1.0.200.202301161003/tools/bin/../lib/gcc/arm-none-eabi/10.3.1/thumb/v7e-m+fp/hard/crtn.o
OUTPUT(Dual_Core__High_Level_Arch_CM4.elf elf32-littlearm)
LOAD linker stubs
LOAD c:/st/stm32cubeide_1.11.2/stm32cubeide/plugins/com.st.stm32cube.ide.mcu.externaltools.gnu-tools-for-stm32.10.3-2021.10.win32_1.0.200.202301161003/tools/bin/../lib/gcc/arm-none-eabi/10.3.1/../../../../arm-none-eabi/lib/thumb/v7e-m+fp/hard\libc.a
LOAD c:/st/stm32cubeide_1.11.2/stm32cubeide/plugins/com.st.stm32cube.ide.mcu.externaltools.gnu-tools-for-stm32.10.3-2021.10.win32_1.0.200.202301161003/tools/bin/../lib/gcc/arm-none-eabi/10.3.1/../../../../arm-none-eabi/lib/thumb/v7e-m+fp/hard\libm.a
LOAD c:/st/stm32cubeide_1.11.2/stm32cubeide/plugins/com.st.stm32cube.ide.mcu.externaltools.gnu-tools-for-stm32.10.3-2021.10.win32_1.0.200.202301161003/tools/bin/../lib/gcc/arm-none-eabi/10.3.1/thumb/v7e-m+fp/hard\libgcc.a

.debug_info     0x0000000000000000    0x247ef
 .debug_info    0x0000000000000000      0x779 ./Common/Src/system_stm32h7xx_dualcore_boot_cm4_cm7.o
 .debug_info    0x0000000000000779      0x1ad ./Core/Src/level_2/board_opener.o
 .debug_info    0x0000000000000926      0x93f ./Core/Src/level_2/init_CM4.o
 .debug_info    0x0000000000001265      0x256 ./Core/Src/level_2/task_manager.o
 .debug_info    0x00000000000014bb      0x7b0 ./Core/Src/level_2/token_colour_separator.o
 .debug_info    0x0000000000001c6b      0x997 ./Core/Src/level_2/user_detector.o
 .debug_info    0x0000000000002602      0xadd ./Core/Src/level_3/colour_sensor.o
 .debug_info    0x00000000000030df      0x1ef ./Core/Src/level_3/motor_master.o
 .debug_info    0x00000000000032ce      0x93b ./Core/Src/level_3/motor_x.o
 .debug_info    0x0000000000003c09      0x93b ./Core/Src/level_3/motor_z.o
 .debug_info    0x0000000000004544      0x2ca ./Core/Src/level_3/servo_controller.o
 .debug_info    0x000000000000480e      0xfdb ./Core/Src/main.o
 .debug_info    0x00000000000057e9      0x88b ./Core/Src/stm32h7xx_hal_msp.o
 .debug_info    0x0000000000006074      0x87f ./Core/Src/stm32h7xx_it.o
 .debug_info    0x00000000000068f3      0x16e ./Core/Src/vars.o
 .debug_info    0x0000000000006a61     0x1346 ./Core/Src/peripheral_devices/adc.o
 .debug_info    0x0000000000007da7      0xa3d ./Core/Src/peripheral_devices/gpio.o
 .debug_info    0x00000000000087e4     0x1231 ./Core/Src/peripheral_devices/i2c.o
 .debug_info    0x0000000000009a15     0x1781 ./Core/Src/peripheral_devices/tim.o
 .debug_info    0x000000000000b196     0x12e7 ./Core/Src/peripheral_devices/usart.o
 .debug_info    0x000000000000c47d       0x22 ./Core/Startup/startup_stm32h755zitx.o
 .debug_info    0x000000000000c49f     0x186b ./Drivers/STM32H7xx_HAL_Driver/stm32h7xx_hal.o
 .debug_info    0x000000000000dd0a     0x1fbb ./Drivers/STM32H7xx_HAL_Driver/stm32h7xx_hal_adc.o
 .debug_info    0x000000000000fcc5     0x20ee ./Drivers/STM32H7xx_HAL_Driver/stm32h7xx_hal_adc_ex.o
 .debug_info    0x0000000000011db3      0xfb2 ./Drivers/STM32H7xx_HAL_Driver/stm32h7xx_hal_cortex.o
 .debug_info    0x0000000000012d65      0xde0 ./Drivers/STM32H7xx_HAL_Driver/stm32h7xx_hal_gpio.o
 .debug_info    0x0000000000013b45      0x3fd ./Drivers/STM32H7xx_HAL_Driver/stm32h7xx_hal_hsem.o
 .debug_info    0x0000000000013f42     0x23b3 ./Drivers/STM32H7xx_HAL_Driver/stm32h7xx_hal_i2c.o
 .debug_info    0x00000000000162f5      0xe39 ./Drivers/STM32H7xx_HAL_Driver/stm32h7xx_hal_i2c_ex.o
 .debug_info    0x000000000001712e     0x10d3 ./Drivers/STM32H7xx_HAL_Driver/stm32h7xx_hal_pwr_ex.o
 .debug_info    0x0000000000018201      0xf48 ./Drivers/STM32H7xx_HAL_Driver/stm32h7xx_hal_rcc.o
 .debug_info    0x0000000000019149     0x1394 ./Drivers/STM32H7xx_HAL_Driver/stm32h7xx_hal_rcc_ex.o
 .debug_info    0x000000000001a4dd     0x2dd1 ./Drivers/STM32H7xx_HAL_Driver/stm32h7xx_hal_tim.o
 .debug_info    0x000000000001d2ae     0x18f4 ./Drivers/STM32H7xx_HAL_Driver/stm32h7xx_hal_tim_ex.o
 .debug_info    0x000000000001eba2     0x4c42 ./Drivers/STM32H7xx_HAL_Driver/stm32h7xx_hal_uart.o