../Core/Src/level_2/task_generator.c:29:6:initTaskGenerator	8	static
../Core/Src/level_2/task_generator.c:40:6:taskToDo	16	static
../Core/Src/level_2/task_generator.c:76:6:HAL_HSEM_FreeCallback	16	static
../Core/Src/level_2/task_generator.c:123:6:gameplay_loop_CM7	16	static
../Core/Src/level_2/task_generator.c:166:6:exec_state_init	8	static
../Core/Src/level_2/task_generator.c:173:6:exec_state_idle	4	static
../Core/Src/level_2/task_generator.c:192:6:exec_state_robot_move	8	static
../Core/Src/level_2/task_generator.c:199:6:exec_state_user_move	8	static
../Core/Src/level_2/task_generator.c:205:6:exec_state_clean_up	8	static
../Core/Src/level_2/task_generator.c:210:6:exec_state_cheat_detected	4	static
../Core/Src/level_2/task_generator.c:215:6:exec_state_game_end	8	static
../Core/Src/level_2/task_generator.c:220:6:exec_state_start_game	8	static
../Core/Src/level_2/task_generator.c:238:5:check_state	4	static
