Archive member included to satisfy reference by file (symbol)

c:/st/stm32cubeide_1.11.2/stm32cubeide/plugins/com.st.stm32cube.ide.mcu.externaltools.gnu-tools-for-stm32.10.3-2021.10.win32_1.0.200.202301161003/tools/bin/../lib/gcc/arm-none-eabi/10.3.1/../../../../arm-none-eabi/lib/thumb/v7e-m+dp/hard\libc_nano.a(lib_a-exit.o)
                              c:/st/stm32cubeide_1.11.2/stm32cubeide/plugins/com.st.stm32cube.ide.mcu.externaltools.gnu-tools-for-stm32.10.3-2021.10.win32_1.0.200.202301161003/tools/bin/../lib/gcc/arm-none-eabi/10.3.1/../../../../arm-none-eabi/lib/thumb/v7e-m+dp/hard/crt0.o (exit)
c:/st/stm32cubeide_1.11.2/stm32cubeide/plugins/com.st.stm32cube.ide.mcu.externaltools.gnu-tools-for-stm32.10.3-2021.10.win32_1.0.200.202301161003/tools/bin/../lib/gcc/arm-none-eabi/10.3.1/../../../../arm-none-eabi/lib/thumb/v7e-m+dp/hard\libc_nano.a(lib_a-impure.o)
                              c:/st/stm32cubeide_1.11.2/stm32cubeide/plugins/com.st.stm32cube.ide.mcu.externaltools.gnu-tools-for-stm32.10.3-2021.10.win32_1.0.200.202301161003/tools/bin/../lib/gcc/arm-none-eabi/10.3.1/../../../../arm-none-eabi/lib/thumb/v7e-m+dp/hard\libc_nano.a(lib_a-exit.o) (_global_impure_ptr)
c:/st/stm32cubeide_1.11.2/stm32cubeide/plugins/com.st.stm32cube.ide.mcu.externaltools.gnu-tools-for-stm32.10.3-2021.10.win32_1.0.200.202301161003/tools/bin/../lib/gcc/arm-none-eabi/10.3.1/../../../../arm-none-eabi/lib/thumb/v7e-m+dp/hard\libc_nano.a(lib_a-init.o)
                              c:/st/stm32cubeide_1.11.2/stm32cubeide/plugins/com.st.stm32cube.ide.mcu.externaltools.gnu-tools-for-stm32.10.3-2021.10.win32_1.0.200.202301161003/tools/bin/../lib/gcc/arm-none-eabi/10.3.1/../../../../arm-none-eabi/lib/thumb/v7e-m+dp/hard/crt0.o (__libc_init_array)
c:/st/stm32cubeide_1.11.2/stm32cubeide/plugins/com.st.stm32cube.ide.mcu.externaltools.gnu-tools-for-stm32.10.3-2021.10.win32_1.0.200.202301161003/tools/bin/../lib/gcc/arm-none-eabi/10.3.1/../../../../arm-none-eabi/lib/thumb/v7e-m+dp/hard\libc_nano.a(lib_a-memset.o)
                              c:/st/stm32cubeide_1.11.2/stm32cubeide/plugins/com.st.stm32cube.ide.mcu.externaltools.gnu-tools-for-stm32.10.3-2021.10.win32_1.0.200.202301161003/tools/bin/../lib/gcc/arm-none-eabi/10.3.1/../../../../arm-none-eabi/lib/thumb/v7e-m+dp/hard/crt0.o (memset)
c:/st/stm32cubeide_1.11.2/stm32cubeide/plugins/com.st.stm32cube.ide.mcu.externaltools.gnu-tools-for-stm32.10.3-2021.10.win32_1.0.200.202301161003/tools/bin/../lib/gcc/arm-none-eabi/10.3.1/../../../../arm-none-eabi/lib/thumb/v7e-m+dp/hard\libnosys.a(_exit.o)
                              c:/st/stm32cubeide_1.11.2/stm32cubeide/plugins/com.st.stm32cube.ide.mcu.externaltools.gnu-tools-for-stm32.10.3-2021.10.win32_1.0.200.202301161003/tools/bin/../lib/gcc/arm-none-eabi/10.3.1/../../../../arm-none-eabi/lib/thumb/v7e-m+dp/hard\libc_nano.a(lib_a-exit.o) (_exit)

Discarded input sections

 .text          0x0000000000000000        0x0 c:/st/stm32cubeide_1.11.2/stm32cubeide/plugins/com.st.stm32cube.ide.mcu.externaltools.gnu-tools-for-stm32.10.3-2021.10.win32_1.0.200.202301161003/tools/bin/../lib/gcc/arm-none-eabi/10.3.1/thumb/v7e-m+dp/hard/crti.o
 .data          0x0000000000000000        0x0 c:/st/stm32cubeide_1.11.2/stm32cubeide/plugins/com.st.stm32cube.ide.mcu.externaltools.gnu-tools-for-stm32.10.3-2021.10.win32_1.0.200.202301161003/tools/bin/../lib/gcc/arm-none-eabi/10.3.1/thumb/v7e-m+dp/hard/crti.o
 .bss           0x0000000000000000        0x0 c:/st/stm32cubeide_1.11.2/stm32cubeide/plugins/com.st.stm32cube.ide.mcu.externaltools.gnu-tools-for-stm32.10.3-2021.10.win32_1.0.200.202301161003/tools/bin/../lib/gcc/arm-none-eabi/10.3.1/thumb/v7e-m+dp/hard/crti.o
 .data          0x0000000000000000        0x4 c:/st/stm32cubeide_1.11.2/stm32cubeide/plugins/com.st.stm32cube.ide.mcu.externaltools.gnu-tools-for-stm32.10.3-2021.10.win32_1.0.200.202301161003/tools/bin/../lib/gcc/arm-none-eabi/10.3.1/thumb/v7e-m+dp/hard/crtbegin.o
 .rodata        0x0000000000000000       0x24 c:/st/stm32cubeide_1.11.2/stm32cubeide/plugins/com.st.stm32cube.ide.mcu.externaltools.gnu-tools-for-stm32.10.3-2021.10.win32_1.0.200.202301161003/tools/bin/../lib/gcc/arm-none-eabi/10.3.1/thumb/v7e-m+dp/hard/crtbegin.o
 .text          0x0000000000000000       0x7c c:/st/stm32cubeide_1.11.2/stm32cubeide/plugins/com.st.stm32cube.ide.mcu.externaltools.gnu-tools-for-stm32.10.3-2021.10.win32_1.0.200.202301161003/tools/bin/../lib/gcc/arm-none-eabi/10.3.1/../../../../arm-none-eabi/lib/thumb/v7e-m+dp/hard/crt0.o
 .data          0x0000000000000000        0x0 c:/st/stm32cubeide_1.11.2/stm32cubeide/plugins/com.st.stm32cube.ide.mcu.externaltools.gnu-tools-for-stm32.10.3-2021.10.win32_1.0.200.202301161003/tools/bin/../lib/gcc/arm-none-eabi/10.3.1/../../../../arm-none-eabi/lib/thumb/v7e-m+dp/hard/crt0.o
[...]
Memory Configuration

Name             Origin             Length             Attributes
RAM_D1           0x0000000024000000 0x0000000000080000 xrw
FLASH            0x0000000008000000 0x0000000000100000 xr
DTCMRAM          0x0000000020000000 0x0000000000020000 xrw
RAM_D2           0x0000000030000000 0x0000000000048000 xrw
RAM_D3           0x0000000038000000 0x0000000000010000 xrw
ITCMRAM          0x0000000000000000 0x0000000000010000 xrw
*default*        0x0000000000000000 0xffffffffffffffff

Linker script and memory map

LOAD c:/st/stm32cubeide_1.11.2/stm32cubeide/plugins/com.st.stm32cube.ide.mcu.externaltools.gnu-tools-for-stm32.10.3-2021.10.win32_1.0.200.202301161003/tools/bin/../lib/gcc/arm-none-eabi/10.3.1/thumb/v7e-m+dp/hard/crti.o
LOAD c:/st/stm32cubeide_1.11.2/stm32cubeide/plugins/com.st.stm32cube.ide.mcu.externaltools.gnu-tools-for-stm32.10.3-2021.10.win32_1.0.200.202301161003/tools/bin/../lib/gcc/arm-none-eabi/10.3.1/thumb/v7e-m+dp/hard/crtbegin.o
LOAD c:/st/stm32cubeide_1.11.2/stm32cubeide/plugins/com.st.stm32cube.ide.mcu.externaltools.gnu-tools-for-stm32.10.3-2021.10.win32_1.0.200.202301161003/tools/bin/../lib/gcc/arm-none-eabi/10.3.1/../../../../arm-none-eabi/lib/thumb/v7e-m+dp/hard/crt0.o
LOAD ./Common/Src/system_stm32h7xx_dualcore_boot_cm4_cm7.o
LOAD ./Core/Src/gpio.o
LOAD ./Core/Src/main.o
LOAD ./Core/Src/stm32h7xx_hal_msp.o
LOAD ./Core/Src/stm32h7xx_it.o
LOAD ./Core/Src/usb_otg.o
LOAD ./Core/Src/level_2/UART_controller.o
LOAD ./Core/Src/level_2/game_controller.o
LOAD ./Core/Src/level_2/game_end.o
LOAD ./Core/Src/level_2/init_CM7.o
LOAD ./Core/Src/level_2/task_generator.o
LOAD ./Core/Startup/startup_stm32h755zitx.o
LOAD ./Drivers/STM32H7xx_HAL_Driver/stm32h7xx_hal.o
LOAD ./Drivers/STM32H7xx_HAL_Driver/stm32h7xx_hal_cortex.o
LOAD ./Drivers/STM32H7xx_HAL_Driver/stm32h7xx_hal_dma.o
LOAD ./Drivers/STM32H7xx_HAL_Driver/stm32h7xx_hal_dma_ex.o
LOAD ./Drivers/STM32H7xx_HAL_Driver/stm32h7xx_hal_exti.o
LOAD ./Drivers/STM32H7xx_HAL_Driver/stm32h7xx_hal_flash.o
LOAD ./Drivers/STM32H7xx_HAL_Driver/stm32h7xx_hal_flash_ex.o
LOAD ./Drivers/STM32H7xx_HAL_Driver/stm32h7xx_hal_gpio.o
LOAD ./Drivers/STM32H7xx_HAL_Driver/stm32h7xx_hal_hsem.o
LOAD ./Drivers/STM32H7xx_HAL_Driver/stm32h7xx_hal_i2c.o
LOAD ./Drivers/STM32H7xx_HAL_Driver/stm32h7xx_hal_i2c_ex.o
LOAD ./Drivers/STM32H7xx_HAL_Driver/stm32h7xx_hal_mdma.o
LOAD ./Drivers/STM32H7xx_HAL_Driver/stm32h7xx_hal_pcd.o
LOAD ./Drivers/STM32H7xx_HAL_Driver/stm32h7xx_hal_pcd_ex.o
LOAD ./Drivers/STM32H7xx_HAL_Driver/stm32h7xx_hal_pwr.o
LOAD ./Drivers/STM32H7xx_HAL_Driver/stm32h7xx_hal_pwr_ex.o
LOAD ./Drivers/STM32H7xx_HAL_Driver/stm32h7xx_hal_rcc.o
LOAD ./Drivers/STM32H7xx_HAL_Driver/stm32h7xx_hal_rcc_ex.o
LOAD ./Drivers/STM32H7xx_HAL_Driver/stm32h7xx_hal_tim.o
LOAD ./Drivers/STM32H7xx_HAL_Driver/stm32h7xx_hal_tim_ex.o
LOAD ./Drivers/STM32H7xx_HAL_Driver/stm32h7xx_ll_usb.o
START GROUP
LOAD c:/st/stm32cubeide_1.11.2/stm32cubeide/plugins/com.st.stm32cube.ide.mcu.externaltools.gnu-tools-for-stm32.10.3-2021.10.win32_1.0.200.202301161003/tools/bin/../lib/gcc/arm-none-eabi/10.3.1/../../../../arm-none-eabi/lib/thumb/v7e-m+dp/hard\libc_nano.a
LOAD c:/st/stm32cubeide_1.11.2/stm32cubeide/plugins/com.st.stm32cube.ide.mcu.externaltools.gnu-tools-for-stm32.10.3-2021.10.win32_1.0.200.202301161003/tools/bin/../lib/gcc/arm-none-eabi/10.3.1/../../../../arm-none-eabi/lib/thumb/v7e-m+dp/hard\libm.a
END GROUP
START GROUP
LOAD c:/st/stm32cubeide_1.11.2/stm32cubeide/plugins/com.st.stm32cube.ide.mcu.externaltools.gnu-tools-for-stm32.10.3-2021.10.win32_1.0.200.202301161003/tools/bin/../lib/gcc/arm-none-eabi/10.3.1/thumb/v7e-m+dp/hard\libgcc.a
LOAD c:/st/stm32cubeide_1.11.2/stm32cubeide/plugins/com.st.stm32cube.ide.mcu.externaltools.gnu-tools-for-stm32.10.3-2021.10.win32_1.0.200.202301161003/tools/bin/../lib/gcc/arm-none-eabi/10.3.1/../../../../arm-none-eabi/lib/thumb/v7e-m+dp/hard\libc_nano.a
END GROUP
START GROUP
LOAD c:/st/stm32cubeide_1.11.2/stm32cubeide/plugins/com.st.stm32cube.ide.mcu.externaltools.gnu-tools-for-stm32.10.3-2021.10.win32_1.0.200.202301161003/tools/bin/../lib/gcc/arm-none-eabi/10.3.1/thumb/v7e-m+dp/hard\libgcc.a
LOAD c:/st/stm32cubeide_1.11.2/stm32cubeide/plugins/com.st.stm32cube.ide.mcu.externaltools.gnu-tools-for-stm32.10.3-2021.10.win32_1.0.200.202301161003/tools/bin/../lib/gcc/arm-none-eabi/10.3.1/../../../../arm-none-eabi/lib/thumb/v7e-m+dp/hard\libc_nano.a
LOAD c:/st/stm32cubeide_1.11.2/stm32cubeide/plugins/com.st.stm32cube.ide.mcu.externaltools.gnu-tools-for-stm32.10.3-2021.10.win32_1.0.200.202301161003/tools/bin/../lib/gcc/arm-none-eabi/10.3.1/../../../../arm-none-eabi/lib/thumb/v7e-m+dp/hard\libnosys.a
END GROUP
START GROUP
LOAD c:/st/stm32cubeide_1.11.2/stm32cubeide/plugins/com.st.stm32cube.ide.mcu.externaltools.gnu-tools-for-stm32.10.3-2021.10.win32_1.0.200.202301161003/tools/bin/../lib/gcc/arm-none-eabi/10.3.1/thumb/v7e-m+dp/hard\libgcc.a
LOAD c:/st/stm32cubeide_1.11.2/stm32cubeide/plugins/com.st.stm32cube.ide.mcu.externaltools.gnu-tools-for-stm32.10.3-2021.10.win32_1.0.200.202301161003/tools/bin/../lib/gcc/arm-none-eabi/10.3.1/../../../../arm-none-eabi/lib/thumb/v7e-m+dp/hard\libc_nano.a
LOAD c:/st/stm32cubeide_1.11.2/stm32cubeide/plugins/com.st.stm32cube.ide.mcu.externaltools.gnu-tools-for-stm32.10.3-2021.10.win32_1.0.200.202301161003/tools/bin/../lib/gcc/arm-none-eabi/10.3.1/../../../../arm-none-eabi/lib/thumb/v7e-m+dp/hard\libnosys.a
END GROUP
LOAD c:/st/stm32cubeide_1.11.2/stm32cubeide/plugins/com.st.stm32cube.ide.mcu.externaltools.gnu-tools-for-stm32.10.3-2021.10.win32_1.0.200.202301161003/tools/bin/../lib/gcc/arm-none-eabi/10.3.1/thumb/v7e-m+dp/hard/crtend.o
LOAD c:/st/stm32cubeide_1.11.2/stm32cubeide/plugins/com.st.stm32cube.ide.mcu.externaltools.gnu-tools-for-stm32.10.3-2021.10.win32_1.0.200.202301161003/tools/bin/../lib/gcc/arm-none-eabi/10.3.1/thumb/v7e-m+dp/hard/crtn.o
                0x0000000024080000                _estack = (ORIGIN (RAM_D1) + LENGTH (RAM_D1))
                0x0000000000000200                _Min_Heap_Size = 0x200
                0x0000000000000400                _Min_Stack_Size = 0x400

.isr_vector     0x0000000008000000      0x298
                0x0000000008000000                . = ALIGN (0x4)
 *(.isr_vector)
 .isr_vector    0x0000000008000000      0x298 ./Core/Startup/startup_stm32h755zitx.o
                0x0000000008000000                g_pfnVectors
                0x0000000008000298                . = ALIGN (0x4)

.text           0x0000000008000298     0x3938
                0x0000000008000298                . = ALIGN (0x4)
 *(.text)
 .text          0x0000000008000298       0x40 c:/st/stm32cubeide_1.11.2/stm32cubeide/plugins/com.st.stm32cube.ide.mcu.externaltools.gnu-tools-for-stm32.10.3-2021.10.win32_1.0.200.202301161003/tools/bin/../lib/gcc/arm-none-eabi/10.3.1/thumb/v7e-m+dp/hard/crtbegin.o
 *(.text*)
 .text.SystemInit
                0x00000000080002d8      0x12c ./Common/Src/system_stm32h7xx_dualcore_boot_cm4_cm7.o
                0x00000000080002d8                SystemInit
 .text.MX_GPIO_Init
                0x0000000008000404       0x70 ./Core/Src/gpio.o
                0x0000000008000404                MX_GPIO_Init
 .text.main     0x0000000008000474      0x178 ./Core/Src/main.o
                0x0000000008000474                main
 .text.SystemClock_Config
                0x00000000080005ec      0x10c ./Core/Src/main.o
                0x00000000080005ec                SystemClock_Config
 .text.Error_Handler
                0x00000000080006f8        0xa ./Core/Src/main.o
                0x00000000080006f8                Error_Handler
 *fill*         0x0000000008000702        0x2 
 .text.HAL_MspInit
                0x0000000008000704       0x40 ./Core/Src/stm32h7xx_hal_msp.o
                0x0000000008000704                HAL_MspInit
 .text.NMI_Handler
                0x0000000008000744        0x6 ./Core/Src/stm32h7xx_it.o
                0x0000000008000744                NMI_Handler
 .text.HardFault_Handler
                0x000000000800074a        0x6 ./Core/Src/stm32h7xx_it.o
                0x000000000800074a                HardFault_Handler
 .text.MemManage_Handler
                0x0000000008000750        0x6 ./Core/Src/stm32h7xx_it.o
                0x0000000008000750                MemManage_Handler
 .text.BusFault_Handler
                0x0000000008000756        0x6 ./Core/Src/stm32h7xx_it.o
                0x0000000008000756                BusFault_Handler
 .text.UsageFault_Handler
                0x000000000800075c        0x6 ./Core/Src/stm32h7xx_it.o
                0x000000000800075c                UsageFault_Handler
 .text.SVC_Handler
                0x0000000008000762        0xe ./Core/Src/stm32h7xx_it.o
                0x0000000008000762                SVC_Handler
 .text.DebugMon_Handler
                0x0000000008000770        0xe ./Core/Src/stm32h7xx_it.o
                0x0000000008000770                DebugMon_Handler
 .text.PendSV_Handler
                0x000000000800077e        0xe ./Core/Src/stm32h7xx_it.o
                0x000000000800077e                PendSV_Handler
 .text.SysTick_Handler
                0x000000000800078c        0xc ./Core/Src/stm32h7xx_it.o
                0x000000000800078c                SysTick_Handler
 .text.HSEM1_IRQHandler
                0x0000000008000798        0xc ./Core/Src/stm32h7xx_it.o
                0x0000000008000798                HSEM1_IRQHandler
 .text.MX_USB_OTG_FS_PCD_Init
                0x00000000080007a4       0x64 ./Core/Src/usb_otg.o
                0x00000000080007a4                MX_USB_OTG_FS_PCD_Init
 .text.HAL_PCD_MspInit
                0x0000000008000808       0xf4 ./Core/Src/usb_otg.o
                0x0000000008000808                HAL_PCD_MspInit
 .text.taskToDo
                0x00000000080008fc       0x88 ./Core/Src/level_2/task_generator.o
                0x00000000080008fc                taskToDo
 .text.HAL_HSEM_FreeCallback
                0x0000000008000984       0x48 ./Core/Src/level_2/task_generator.o
                0x0000000008000984                HAL_HSEM_FreeCallback
 .text.Reset_Handler
                0x00000000080009cc       0x50 ./Core/Startup/startup_stm32h755zitx.o
                0x00000000080009cc                Reset_Handler
 .text.Default_Handler
                0x0000000008000a1c        0x2 ./Core/Startup/startup_stm32h755zitx.o
                0x0000000008000a1c                RTC_Alarm_IRQHandler
                0x0000000008000a1c                HASH_RNG_IRQHandler
                0x0000000008000a1c                EXTI2_IRQHandler
                0x0000000008000a1c                TIM8_CC_IRQHandler
                0x0000000008000a1c                HRTIM1_Master_IRQHandler
                0x0000000008000a1c                UART8_IRQHandler
                0x0000000008000a1c                SPI4_IRQHandler
                0x0000000008000a1c                TIM1_CC_IRQHandler
                0x0000000008000a1c                BDMA_Channel6_IRQHandler
                0x0000000008000a1c                DMA2_Stream5_IRQHandler
                0x0000000008000a1c                HRTIM1_FLT_IRQHandler
                0x0000000008000a1c                JPEG_IRQHandler
                0x0000000008000a1c                DMA1_Stream5_IRQHandler
                0x0000000008000a1c                BDMA_Channel1_IRQHandler
                0x0000000008000a1c                HRTIM1_TIMD_IRQHandler
                0x0000000008000a1c                TAMP_STAMP_IRQHandler
                0x0000000008000a1c                EXTI3_IRQHandler
                0x0000000008000a1c                LPTIM4_IRQHandler
                0x0000000008000a1c                TIM8_TRG_COM_TIM14_IRQHandler
                0x0000000008000a1c                LPTIM2_IRQHandler
                0x0000000008000a1c                DFSDM1_FLT1_IRQHandler
                0x0000000008000a1c                DMAMUX2_OVR_IRQHandler
                0x0000000008000a1c                TIM8_UP_TIM13_IRQHandler
                0x0000000008000a1c                I2C3_ER_IRQHandler
                0x0000000008000a1c                DFSDM1_FLT2_IRQHandler
                0x0000000008000a1c                MDMA_IRQHandler
                0x0000000008000a1c                LPTIM3_IRQHandler
                0x0000000008000a1c                EXTI0_IRQHandler
                0x0000000008000a1c                I2C2_EV_IRQHandler
                0x0000000008000a1c                DMA1_Stream2_IRQHandler
                0x0000000008000a1c                FPU_IRQHandler
                0x0000000008000a1c                OTG_HS_WKUP_IRQHandler
                0x0000000008000a1c                FDCAN1_IT1_IRQHandler
                0x0000000008000a1c                LTDC_ER_IRQHandler
                0x0000000008000a1c                DMA2_Stream2_IRQHandler
                0x0000000008000a1c                HRTIM1_TIME_IRQHandler
                0x0000000008000a1c                SPI1_IRQHandler
                0x0000000008000a1c                TIM6_DAC_IRQHandler
                0x0000000008000a1c                DCMI_IRQHandler
                0x0000000008000a1c                HRTIM1_TIMC_IRQHandler
                0x0000000008000a1c                DMA2_Stream3_IRQHandler
                0x0000000008000a1c                SAI2_IRQHandler
                0x0000000008000a1c                DFSDM1_FLT3_IRQHandler
                0x0000000008000a1c                USART6_IRQHandler
                0x0000000008000a1c                TIM17_IRQHandler
                0x0000000008000a1c                USART3_IRQHandler
                0x0000000008000a1c                BDMA_Channel7_IRQHandler
                0x0000000008000a1c                CRYP_IRQHandler
                0x0000000008000a1c                LPTIM5_IRQHandler
                0x0000000008000a1c                UART5_IRQHandler
                0x0000000008000a1c                ADC3_IRQHandler
                0x0000000008000a1c                DMA2_Stream0_IRQHandler
                0x0000000008000a1c                TIM4_IRQHandler
                0x0000000008000a1c                BDMA_Channel2_IRQHandler
                0x0000000008000a1c                QUADSPI_IRQHandler
                0x0000000008000a1c                I2C1_EV_IRQHandler
                0x0000000008000a1c                DMA1_Stream6_IRQHandler
                0x0000000008000a1c                DMAMUX1_OVR_IRQHandler
                0x0000000008000a1c                DMA1_Stream1_IRQHandler
                0x0000000008000a1c                TIM16_IRQHandler
                0x0000000008000a1c                UART4_IRQHandler
                0x0000000008000a1c                BDMA_Channel5_IRQHandler
                0x0000000008000a1c                TIM3_IRQHandler
                0x0000000008000a1c                RCC_IRQHandler
                0x0000000008000a1c                TIM8_BRK_TIM12_IRQHandler
                0x0000000008000a1c                TIM1_TRG_COM_IRQHandler
                0x0000000008000a1c                Default_Handler
                0x0000000008000a1c                ECC_IRQHandler
                0x0000000008000a1c                CEC_IRQHandler
                0x0000000008000a1c                EXTI15_10_IRQHandler
                0x0000000008000a1c                BDMA_Channel0_IRQHandler
                0x0000000008000a1c                ADC_IRQHandler
                0x0000000008000a1c                DMA1_Stream7_IRQHandler
                0x0000000008000a1c                HRTIM1_TIMA_IRQHandler
                0x0000000008000a1c                SPI5_IRQHandler
                0x0000000008000a1c                TIM7_IRQHandler
                0x0000000008000a1c                SDMMC1_IRQHandler
                0x0000000008000a1c                TIM5_IRQHandler
                0x0000000008000a1c                DMA2_Stream7_IRQHandler
                0x0000000008000a1c                TIM15_IRQHandler
                0x0000000008000a1c                PVD_AVD_IRQHandler
                0x0000000008000a1c                I2C3_EV_IRQHandler
                0x0000000008000a1c                EXTI9_5_IRQHandler
                0x0000000008000a1c                RTC_WKUP_IRQHandler
                0x0000000008000a1c                LTDC_IRQHandler
                0x0000000008000a1c                SAI3_IRQHandler
                0x0000000008000a1c                ETH_WKUP_IRQHandler
                0x0000000008000a1c                SPDIF_RX_IRQHandler
                0x0000000008000a1c                SPI2_IRQHandler
                0x0000000008000a1c                OTG_HS_EP1_IN_IRQHandler
                0x0000000008000a1c                DMA1_Stream0_IRQHandler
                0x0000000008000a1c                CRS_IRQHandler
                0x0000000008000a1c                CM7_SEV_IRQHandler
                0x0000000008000a1c                EXTI4_IRQHandler
                0x0000000008000a1c                CM4_SEV_IRQHandler
                0x0000000008000a1c                HRTIM1_TIMB_IRQHandler
                0x0000000008000a1c                FDCAN2_IT1_IRQHandler
                0x0000000008000a1c                ETH_IRQHandler
                0x0000000008000a1c                TIM1_UP_IRQHandler
                0x0000000008000a1c                WWDG_RST_IRQHandler
                0x0000000008000a1c                BDMA_Channel4_IRQHandler
                0x0000000008000a1c                OTG_HS_EP1_OUT_IRQHandler
                0x0000000008000a1c                WWDG_IRQHandler
                0x0000000008000a1c                SPI6_IRQHandler
                0x0000000008000a1c                MDIOS_IRQHandler
                0x0000000008000a1c                I2C4_EV_IRQHandler
                0x0000000008000a1c                FDCAN2_IT0_IRQHandler
                0x0000000008000a1c                LPUART1_IRQHandler
                0x0000000008000a1c                FDCAN1_IT0_IRQHandler
                0x0000000008000a1c                TIM2_IRQHandler
                0x0000000008000a1c                OTG_FS_WKUP_IRQHandler
                0x0000000008000a1c                OTG_HS_IRQHandler
                0x0000000008000a1c                HSEM2_IRQHandler
                0x0000000008000a1c                DMA2D_IRQHandler
                0x0000000008000a1c                TIM1_BRK_IRQHandler
                0x0000000008000a1c                EXTI1_IRQHandler
                0x0000000008000a1c                SDMMC2_IRQHandler
                0x0000000008000a1c                OTG_FS_EP1_OUT_IRQHandler
                0x0000000008000a1c                BDMA_Channel3_IRQHandler
                0x0000000008000a1c                HOLD_CORE_IRQHandler
                0x0000000008000a1c                UART7_IRQHandler
                0x0000000008000a1c                MDIOS_WKUP_IRQHandler
                0x0000000008000a1c                USART2_IRQHandler
                0x0000000008000a1c                DFSDM1_FLT0_IRQHandler
                0x0000000008000a1c                SAI4_IRQHandler
                0x0000000008000a1c                I2C2_ER_IRQHandler
                0x0000000008000a1c                DMA2_Stream1_IRQHandler
                0x0000000008000a1c                FLASH_IRQHandler
                0x0000000008000a1c                DMA2_Stream4_IRQHandler
                0x0000000008000a1c                USART1_IRQHandler
                0x0000000008000a1c                OTG_FS_IRQHandler
                0x0000000008000a1c                SPI3_IRQHandler
                0x0000000008000a1c                WAKEUP_PIN_IRQHandler
                0x0000000008000a1c                DMA1_Stream4_IRQHandler
                0x0000000008000a1c                OTG_FS_EP1_IN_IRQHandler
                0x0000000008000a1c                I2C1_ER_IRQHandler
                0x0000000008000a1c                FMC_IRQHandler
                0x0000000008000a1c                FDCAN_CAL_IRQHandler
                0x0000000008000a1c                SWPMI1_IRQHandler
                0x0000000008000a1c                COMP1_IRQHandler
                0x0000000008000a1c                LPTIM1_IRQHandler
                0x0000000008000a1c                I2C4_ER_IRQHandler
                0x0000000008000a1c                DMA2_Stream6_IRQHandler
                0x0000000008000a1c                SAI1_IRQHandler
                0x0000000008000a1c                DMA1_Stream3_IRQHandler
 *fill*         0x0000000008000a1e        0x2 
 .text.HAL_Init
                0x0000000008000a20       0x78 ./Drivers/STM32H7xx_HAL_Driver/stm32h7xx_hal.o
                0x0000000008000a20                HAL_Init
 .text.HAL_InitTick
                0x0000000008000a98       0x6c ./Drivers/STM32H7xx_HAL_Driver/stm32h7xx_hal.o
                0x0000000008000a98                HAL_InitTick
 .text.HAL_IncTick
                0x0000000008000b04       0x28 ./Drivers/STM32H7xx_HAL_Driver/stm32h7xx_hal.o
                0x0000000008000b04                HAL_IncTick
 .text.HAL_GetTick
                0x0000000008000b2c       0x18 ./Drivers/STM32H7xx_HAL_Driver/stm32h7xx_hal.o
                0x0000000008000b2c                HAL_GetTick
 .text.HAL_Delay
                0x0000000008000b44       0x48 ./Drivers/STM32H7xx_HAL_Driver/stm32h7xx_hal.o
                0x0000000008000b44                HAL_Delay
 .text.HAL_GetREVID
                0x0000000008000b8c       0x18 ./Drivers/STM32H7xx_HAL_Driver/stm32h7xx_hal.o
                0x0000000008000b8c                HAL_GetREVID
 .text.__NVIC_SetPriorityGrouping
                0x0000000008000ba4       0x48 ./Drivers/STM32H7xx_HAL_Driver/stm32h7xx_hal_cortex.o
 .text.__NVIC_GetPriorityGrouping
                0x0000000008000bec       0x1c ./Drivers/STM32H7xx_HAL_Driver/stm32h7xx_hal_cortex.o
 .text.__NVIC_EnableIRQ
                0x0000000008000c08       0x3c ./Drivers/STM32H7xx_HAL_Driver/stm32h7xx_hal_cortex.o
 .text.__NVIC_SetPriority
                0x0000000008000c44       0x54 ./Drivers/STM32H7xx_HAL_Driver/stm32h7xx_hal_cortex.o
 .text.NVIC_EncodePriority
                0x0000000008000c98       0x66 ./Drivers/STM32H7xx_HAL_Driver/stm32h7xx_hal_cortex.o
 *fill*         0x0000000008000cfe        0x2 
 .text.SysTick_Config
                0x0000000008000d00       0x44 ./Drivers/STM32H7xx_HAL_Driver/stm32h7xx_hal_cortex.o
 .text.HAL_NVIC_SetPriorityGrouping
                0x0000000008000d44       0x16 ./Drivers/STM32H7xx_HAL_Driver/stm32h7xx_hal_cortex.o
                0x0000000008000d44                HAL_NVIC_SetPriorityGrouping
 .text.HAL_NVIC_SetPriority
                0x0000000008000d5a       0x34 ./Drivers/STM32H7xx_HAL_Driver/stm32h7xx_hal_cortex.o
                0x0000000008000d5a                HAL_NVIC_SetPriority
 .text.HAL_NVIC_EnableIRQ
                0x0000000008000d8e       0x1c ./Drivers/STM32H7xx_HAL_Driver/stm32h7xx_hal_cortex.o
                0x0000000008000d8e                HAL_NVIC_EnableIRQ
 .text.HAL_SYSTICK_Config
                0x0000000008000daa       0x18 ./Drivers/STM32H7xx_HAL_Driver/stm32h7xx_hal_cortex.o
                0x0000000008000daa                HAL_SYSTICK_Config
 *fill*         0x0000000008000dc2        0x2 
 .text.HAL_GPIO_Init
                0x0000000008000dc4      0x360 ./Drivers/STM32H7xx_HAL_Driver/stm32h7xx_hal_gpio.o
                0x0000000008000dc4                HAL_GPIO_Init
 .text.HAL_HSEM_FastTake
                0x0000000008001124       0x34 ./Drivers/STM32H7xx_HAL_Driver/stm32h7xx_hal_hsem.o
                0x0000000008001124                HAL_HSEM_FastTake
 .text.HAL_HSEM_Release
                0x0000000008001158       0x28 ./Drivers/STM32H7xx_HAL_Driver/stm32h7xx_hal_hsem.o
                0x0000000008001158                HAL_HSEM_Release
 .text.HAL_HSEM_ActivateNotification
                0x0000000008001180       0x24 ./Drivers/STM32H7xx_HAL_Driver/stm32h7xx_hal_hsem.o
                0x0000000008001180                HAL_HSEM_ActivateNotification
 .text.HAL_HSEM_IRQHandler
                0x00000000080011a4       0x34 ./Drivers/STM32H7xx_HAL_Driver/stm32h7xx_hal_hsem.o
                0x00000000080011a4                HAL_HSEM_IRQHandler
 .text.HAL_PCD_Init
                0x00000000080011d8      0x248 ./Drivers/STM32H7xx_HAL_Driver/stm32h7xx_hal_pcd.o
                0x00000000080011d8                HAL_PCD_Init
 .text.HAL_PCDEx_ActivateLPM
                0x0000000008001420       0x48 ./Drivers/STM32H7xx_HAL_Driver/stm32h7xx_hal_pcd_ex.o
                0x0000000008001420                HAL_PCDEx_ActivateLPM
 .text.HAL_PWREx_ConfigSupply
                0x0000000008001468       0xb4 ./Drivers/STM32H7xx_HAL_Driver/stm32h7xx_hal_pwr_ex.o
                0x0000000008001468                HAL_PWREx_ConfigSupply
 .text.HAL_PWREx_EnableUSBVoltageDetector
                0x000000000800151c       0x20 ./Drivers/STM32H7xx_HAL_Driver/stm32h7xx_hal_pwr_ex.o
                0x000000000800151c                HAL_PWREx_EnableUSBVoltageDetector
 .text.HAL_RCC_OscConfig
                0x000000000800153c      0x85c ./Drivers/STM32H7xx_HAL_Driver/stm32h7xx_hal_rcc.o
                0x000000000800153c                HAL_RCC_OscConfig
 .text.HAL_RCC_ClockConfig
                0x0000000008001d98      0x36c ./Drivers/STM32H7xx_HAL_Driver/stm32h7xx_hal_rcc.o
                0x0000000008001d98                HAL_RCC_ClockConfig
 .text.HAL_RCC_GetSysClockFreq
                0x0000000008002104      0x2f4 ./Drivers/STM32H7xx_HAL_Driver/stm32h7xx_hal_rcc.o
                0x0000000008002104                HAL_RCC_GetSysClockFreq
 .text.HAL_RCCEx_PeriphCLKConfig
                0x00000000080023f8      0xe8c ./Drivers/STM32H7xx_HAL_Driver/stm32h7xx_hal_rcc_ex.o
                0x00000000080023f8                HAL_RCCEx_PeriphCLKConfig
 .text.RCCEx_PLL2_Config
                0x0000000008003284      0x164 ./Drivers/STM32H7xx_HAL_Driver/stm32h7xx_hal_rcc_ex.o
 .text.RCCEx_PLL3_Config
                0x00000000080033e8      0x164 ./Drivers/STM32H7xx_HAL_Driver/stm32h7xx_hal_rcc_ex.o
 .text.USB_CoreInit
                0x000000000800354c       0xdc ./Drivers/STM32H7xx_HAL_Driver/stm32h7xx_ll_usb.o
                0x000000000800354c                USB_CoreInit
 .text.USB_DisableGlobalInt
                0x0000000008003628       0x22 ./Drivers/STM32H7xx_HAL_Driver/stm32h7xx_ll_usb.o
                0x0000000008003628                USB_DisableGlobalInt
 .text.USB_SetCurrentMode
                0x000000000800364a       0x98 ./Drivers/STM32H7xx_HAL_Driver/stm32h7xx_ll_usb.o
                0x000000000800364a                USB_SetCurrentMode
 *fill*         0x00000000080036e2        0x2 
 .text.USB_DevInit
                0x00000000080036e4      0x2bc ./Drivers/STM32H7xx_HAL_Driver/stm32h7xx_ll_usb.o
                0x00000000080036e4                USB_DevInit
 .text.USB_FlushTxFifo
                0x00000000080039a0       0x68 ./Drivers/STM32H7xx_HAL_Driver/stm32h7xx_ll_usb.o
                0x00000000080039a0                USB_FlushTxFifo
 .text.USB_FlushRxFifo
                0x0000000008003a08       0x60 ./Drivers/STM32H7xx_HAL_Driver/stm32h7xx_ll_usb.o
                0x0000000008003a08                USB_FlushRxFifo
 .text.USB_SetDevSpeed
                0x0000000008003a68       0x32 ./Drivers/STM32H7xx_HAL_Driver/stm32h7xx_ll_usb.o
                0x0000000008003a68                USB_SetDevSpeed
 .text.USB_DevDisconnect
                0x0000000008003a9a       0x42 ./Drivers/STM32H7xx_HAL_Driver/stm32h7xx_ll_usb.o
                0x0000000008003a9a                USB_DevDisconnect
 .text.USB_GetMode
                0x0000000008003adc       0x1c ./Drivers/STM32H7xx_HAL_Driver/stm32h7xx_ll_usb.o
                0x0000000008003adc                USB_GetMode
 .text.USB_CoreReset
                0x0000000008003af8       0x68 ./Drivers/STM32H7xx_HAL_Driver/stm32h7xx_ll_usb.o
 .text.__libc_init_array
                0x0000000008003b60       0x48 c:/st/stm32cubeide_1.11.2/stm32cubeide/plugins/com.st.stm32cube.ide.mcu.externaltools.gnu-tools-for-stm32.10.3-2021.10.win32_1.0.200.202301161003/tools/bin/../lib/gcc/arm-none-eabi/10.3.1/../../../../arm-none-eabi/lib/thumb/v7e-m+dp/hard\libc_nano.a(lib_a-init.o)
                0x0000000008003b60                __libc_init_array
 .text.memset   0x0000000008003ba8       0x10 c:/st/stm32cubeide_1.11.2/stm32cubeide/plugins/com.st.stm32cube.ide.mcu.externaltools.gnu-tools-for-stm32.10.3-2021.10.win32_1.0.200.202301161003/tools/bin/../lib/gcc/arm-none-eabi/10.3.1/../../../../arm-none-eabi/lib/thumb/v7e-m+dp/hard\libc_nano.a(lib_a-memset.o)
                0x0000000008003ba8                memset
 *(.glue_7)
 .glue_7        0x0000000008003bb8        0x0 linker stubs
 *(.glue_7t)
 .glue_7t       0x0000000008003bb8        0x0 linker stubs
 *(.eh_frame)
 .eh_frame      0x0000000008003bb8        0x0 c:/st/stm32cubeide_1.11.2/stm32cubeide/plugins/com.st.stm32cube.ide.mcu.externaltools.gnu-tools-for-stm32.10.3-2021.10.win32_1.0.200.202301161003/tools/bin/../lib/gcc/arm-none-eabi/10.3.1/thumb/v7e-m+dp/hard/crtbegin.o
 *(.init)
 .init          0x0000000008003bb8        0x4 c:/st/stm32cubeide_1.11.2/stm32cubeide/plugins/com.st.stm32cube.ide.mcu.externaltools.gnu-tools-for-stm32.10.3-2021.10.win32_1.0.200.202301161003/tools/bin/../lib/gcc/arm-none-eabi/10.3.1/thumb/v7e-m+dp/hard/crti.o
                0x0000000008003bb8                _init
 .init          0x0000000008003bbc        0x8 c:/st/stm32cubeide_1.11.2/stm32cubeide/plugins/com.st.stm32cube.ide.mcu.externaltools.gnu-tools-for-stm32.10.3-2021.10.win32_1.0.200.202301161003/tools/bin/../lib/gcc/arm-none-eabi/10.3.1/thumb/v7e-m+dp/hard/crtn.o
 *(.fini)
 .fini          0x0000000008003bc4        0x4 c:/st/stm32cubeide_1.11.2/stm32cubeide/plugins/com.st.stm32cube.ide.mcu.externaltools.gnu-tools-for-stm32.10.3-2021.10.win32_1.0.200.202301161003/tools/bin/../lib/gcc/arm-none-eabi/10.3.1/thumb/v7e-m+dp/hard/crti.o
                0x0000000008003bc4                _fini
 .fini          0x0000000008003bc8        0x8 c:/st/stm32cubeide_1.11.2/stm32cubeide/plugins/com.st.stm32cube.ide.mcu.externaltools.gnu-tools-for-stm32.10.3-2021.10.win32_1.0.200.202301161003/tools/bin/../lib/gcc/arm-none-eabi/10.3.1/thumb/v7e-m+dp/hard/crtn.o
                0x0000000008003bd0                . = ALIGN (0x4)
                0x0000000008003bd0                _etext = .

.vfp11_veneer   0x0000000008003bd0        0x0
 .vfp11_veneer  0x0000000008003bd0        0x0 linker stubs

.v4_bx          0x0000000008003bd0        0x0
 .v4_bx         0x0000000008003bd0        0x0 linker stubs

.iplt           0x0000000008003bd0        0x0
 .iplt          0x0000000008003bd0        0x0 c:/st/stm32cubeide_1.11.2/stm32cubeide/plugins/com.st.stm32cube.ide.mcu.externaltools.gnu-tools-for-stm32.10.3-2021.10.win32_1.0.200.202301161003/tools/bin/../lib/gcc/arm-none-eabi/10.3.1/thumb/v7e-m+dp/hard/crtbegin.o

.rodata         0x0000000008003bd0       0x10
                0x0000000008003bd0                . = ALIGN (0x4)
 *(.rodata)
 *(.rodata*)
 .rodata.D1CorePrescTable
                0x0000000008003bd0       0x10 ./Common/Src/system_stm32h7xx_dualcore_boot_cm4_cm7.o
                0x0000000008003bd0                D1CorePrescTable
                0x0000000008003be0                . = ALIGN (0x4)

.rel.dyn        0x0000000008003be0        0x0
 .rel.iplt      0x0000000008003be0        0x0 c:/st/stm32cubeide_1.11.2/stm32cubeide/plugins/com.st.stm32cube.ide.mcu.externaltools.gnu-tools-for-stm32.10.3-2021.10.win32_1.0.200.202301161003/tools/bin/../lib/gcc/arm-none-eabi/10.3.1/thumb/v7e-m+dp/hard/crtbegin.o

.ARM.extab      0x0000000008003be0        0x0
                0x0000000008003be0                . = ALIGN (0x4)
 *(.ARM.extab* .gnu.linkonce.armextab.*)
                0x0000000008003be0                . = ALIGN (0x4)

.ARM            0x0000000008003be0        0x0
                0x0000000008003be0                . = ALIGN (0x4)
                0x0000000008003be0                __exidx_start = .
 *(.ARM.exidx*)
                0x0000000008003be0                __exidx_end = .
                0x0000000008003be0                . = ALIGN (0x4)

.preinit_array  0x0000000008003be0        0x0
                0x0000000008003be0                . = ALIGN (0x4)
                0x0000000008003be0                PROVIDE (__preinit_array_start = .)
 *(.preinit_array*)
                0x0000000008003be0                PROVIDE (__preinit_array_end = .)
                0x0000000008003be0                . = ALIGN (0x4)

.init_array     0x0000000008003be0        0x4
                0x0000000008003be0                . = ALIGN (0x4)
                0x0000000008003be0                PROVIDE (__init_array_start = .)
 *(SORT_BY_NAME(.init_array.*))
 *(.init_array*)
 .init_array    0x0000000008003be0        0x4 c:/st/stm32cubeide_1.11.2/stm32cubeide/plugins/com.st.stm32cube.ide.mcu.externaltools.gnu-tools-for-stm32.10.3-2021.10.win32_1.0.200.202301161003/tools/bin/../lib/gcc/arm-none-eabi/10.3.1/thumb/v7e-m+dp/hard/crtbegin.o
                0x0000000008003be4                PROVIDE (__init_array_end = .)
                0x0000000008003be4                . = ALIGN (0x4)

.fini_array     0x0000000008003be4        0x4
                0x0000000008003be4                . = ALIGN (0x4)
                [!provide]                        PROVIDE (__fini_array_start = .)
 *(SORT_BY_NAME(.fini_array.*))
 *(.fini_array*)
 .fini_array    0x0000000008003be4        0x4 c:/st/stm32cubeide_1.11.2/stm32cubeide/plugins/com.st.stm32cube.ide.mcu.externaltools.gnu-tools-for-stm32.10.3-2021.10.win32_1.0.200.202301161003/tools/bin/../lib/gcc/arm-none-eabi/10.3.1/thumb/v7e-m+dp/hard/crtbegin.o
                [!provide]                        PROVIDE (__fini_array_end = .)
                0x0000000008003be8                . = ALIGN (0x4)
                0x0000000008003be8                _sidata = LOADADDR (.data)

.data           0x0000000024000000       0x10 load address 0x0000000008003be8
                0x0000000024000000                . = ALIGN (0x4)
                0x0000000024000000                _sdata = .
 *(.data)
 *(.data*)
 .data.SystemCoreClock
                0x0000000024000000        0x4 ./Common/Src/system_stm32h7xx_dualcore_boot_cm4_cm7.o
                0x0000000024000000                SystemCoreClock
 .data.SystemD2Clock
                0x0000000024000004        0x4 ./Common/Src/system_stm32h7xx_dualcore_boot_cm4_cm7.o
                0x0000000024000004                SystemD2Clock
 .data.uwTickPrio
                0x0000000024000008        0x4 ./Drivers/STM32H7xx_HAL_Driver/stm32h7xx_hal.o
                0x0000000024000008                uwTickPrio
 .data.uwTickFreq
                0x000000002400000c        0x1 ./Drivers/STM32H7xx_HAL_Driver/stm32h7xx_hal.o
                0x000000002400000c                uwTickFreq
 *(.RamFunc)
 *(.RamFunc*)
                0x0000000024000010                . = ALIGN (0x4)
 *fill*         0x000000002400000d        0x3 
                0x0000000024000010                _edata = .

.igot.plt       0x0000000024000010        0x0 load address 0x0000000008003bf8
 .igot.plt      0x0000000024000010        0x0 c:/st/stm32cubeide_1.11.2/stm32cubeide/plugins/com.st.stm32cube.ide.mcu.externaltools.gnu-tools-for-stm32.10.3-2021.10.win32_1.0.200.202301161003/tools/bin/../lib/gcc/arm-none-eabi/10.3.1/thumb/v7e-m+dp/hard/crtbegin.o
                0x0000000024000010                . = ALIGN (0x4)

.bss            0x0000000024000010      0x534 load address 0x0000000008003bf8
                0x0000000024000010                _sbss = .
                0x0000000024000010                __bss_start__ = _sbss
 *(.bss)
 .bss           0x0000000024000010       0x1c c:/st/stm32cubeide_1.11.2/stm32cubeide/plugins/com.st.stm32cube.ide.mcu.externaltools.gnu-tools-for-stm32.10.3-2021.10.win32_1.0.200.202301161003/tools/bin/../lib/gcc/arm-none-eabi/10.3.1/thumb/v7e-m+dp/hard/crtbegin.o
 *(.bss*)
 .bss.hpcd_USB_OTG_FS
                0x000000002400002c      0x50c ./Core/Src/usb_otg.o
                0x000000002400002c                hpcd_USB_OTG_FS
 .bss.subRobotM
                0x0000000024000538        0x4 ./Core/Src/level_2/task_generator.o
                0x0000000024000538                subRobotM
 .bss.st        0x000000002400053c        0x4 ./Core/Src/level_2/task_generator.o
                0x000000002400053c                st
 .bss.uwTick    0x0000000024000540        0x4 ./Drivers/STM32H7xx_HAL_Driver/stm32h7xx_hal.o
                0x0000000024000540                uwTick
 *(COMMON)
                0x0000000024000544                . = ALIGN (0x4)
                0x0000000024000544                _ebss = .
                0x0000000024000544                __bss_end__ = _ebss

._user_heap_stack
                0x0000000024000544      0x604 load address 0x0000000008003bf8
                0x0000000024000548                . = ALIGN (0x8)
 *fill*         0x0000000024000544        0x4 
                [!provide]                        PROVIDE (end = .)
                [!provide]                        PROVIDE (_end = .)
                0x0000000024000748                . = (. + _Min_Heap_Size)
 *fill*         0x0000000024000548      0x200 
                0x0000000024000b48                . = (. + _Min_Stack_Size)
 *fill*         0x0000000024000748      0x400 
                0x0000000024000b48                . = ALIGN (0x8)

/DISCARD/
 libc.a(*)
 libm.a(*)
 libgcc.a(*)

.ARM.attributes
                0x0000000000000000       0x2e
 *(.ARM.attributes)
 .ARM.attributes
                0x0000000000000000       0x1e c:/st/stm32cubeide_1.11.2/stm32cubeide/plugins/com.st.stm32cube.ide.mcu.externaltools.gnu-tools-for-stm32.10.3-2021.10.win32_1.0.200.202301161003/tools/bin/../lib/gcc/arm-none-eabi/10.3.1/thumb/v7e-m+dp/hard/crti.o
 .ARM.attributes
                0x000000000000001e       0x32 c:/st/stm32cubeide_1.11.2/stm32cubeide/plugins/com.st.stm32cube.ide.mcu.externaltools.gnu-tools-for-stm32.10.3-2021.10.win32_1.0.200.202301161003/tools/bin/../lib/gcc/arm-none-eabi/10.3.1/thumb/v7e-m+dp/hard/crtbegin.o
 .ARM.attributes
                0x0000000000000050       0x32 ./Common/Src/system_stm32h7xx_dualcore_boot_cm4_cm7.o
 .ARM.attributes
                0x0000000000000082       0x32 ./Core/Src/gpio.o
 .ARM.attributes
                0x00000000000000b4       0x32 ./Core/Src/main.o
 .ARM.attributes
                0x00000000000000e6       0x32 ./Core/Src/stm32h7xx_hal_msp.o
 .ARM.attributes
                0x0000000000000118       0x32 ./Core/Src/stm32h7xx_it.o
 .ARM.attributes
                0x000000000000014a       0x32 ./Core/Src/usb_otg.o
 .ARM.attributes
                0x000000000000017c       0x32 ./Core/Src/level_2/task_generator.o
 .ARM.attributes
                0x00000000000001ae       0x21 ./Core/Startup/startup_stm32h755zitx.o
 .ARM.attributes
                0x00000000000001cf       0x32 ./Drivers/STM32H7xx_HAL_Driver/stm32h7xx_hal.o
 .ARM.attributes
                0x0000000000000201       0x32 ./Drivers/STM32H7xx_HAL_Driver/stm32h7xx_hal_cortex.o
 .ARM.attributes
                0x0000000000000233       0x32 ./Drivers/STM32H7xx_HAL_Driver/stm32h7xx_hal_gpio.o
 .ARM.attributes
                0x0000000000000265       0x32 ./Drivers/STM32H7xx_HAL_Driver/stm32h7xx_hal_hsem.o
 .ARM.attributes
                0x0000000000000297       0x32 ./Drivers/STM32H7xx_HAL_Driver/stm32h7xx_hal_pcd.o
 .ARM.attributes
                0x00000000000002c9       0x32 ./Drivers/STM32H7xx_HAL_Driver/stm32h7xx_hal_pcd_ex.o
 .ARM.attributes
                0x00000000000002fb       0x32 ./Drivers/STM32H7xx_HAL_Driver/stm32h7xx_hal_pwr_ex.o
 .ARM.attributes
                0x000000000000032d       0x32 ./Drivers/STM32H7xx_HAL_Driver/stm32h7xx_hal_rcc.o
 .ARM.attributes
                0x000000000000035f       0x32 ./Drivers/STM32H7xx_HAL_Driver/stm32h7xx_hal_rcc_ex.o
 .ARM.attributes
                0x0000000000000391       0x32 ./Drivers/STM32H7xx_HAL_Driver/stm32h7xx_ll_usb.o
 .ARM.attributes
                0x00000000000003c3       0x32 c:/st/stm32cubeide_1.11.2/stm32cubeide/plugins/com.st.stm32cube.ide.mcu.externaltools.gnu-tools-for-stm32.10.3-2021.10.win32_1.0.200.202301161003/tools/bin/../lib/gcc/arm-none-eabi/10.3.1/../../../../arm-none-eabi/lib/thumb/v7e-m+dp/hard\libc_nano.a(lib_a-init.o)
 .ARM.attributes
                0x00000000000003f5       0x32 c:/st/stm32cubeide_1.11.2/stm32cubeide/plugins/com.st.stm32cube.ide.mcu.externaltools.gnu-tools-for-stm32.10.3-2021.10.win32_1.0.200.202301161003/tools/bin/../lib/gcc/arm-none-eabi/10.3.1/../../../../arm-none-eabi/lib/thumb/v7e-m+dp/hard\libc_nano.a(lib_a-memset.o)
 .ARM.attributes
                0x0000000000000427       0x1e c:/st/stm32cubeide_1.11.2/stm32cubeide/plugins/com.st.stm32cube.ide.mcu.externaltools.gnu-tools-for-stm32.10.3-2021.10.win32_1.0.200.202301161003/tools/bin/../lib/gcc/arm-none-eabi/10.3.1/thumb/v7e-m+dp/hard/crtn.o
OUTPUT(Dual_Core__High_Level_Arch_CM7.elf elf32-littlearm)
LOAD linker stubs
LOAD c:/st/stm32cubeide_1.11.2/stm32cubeide/plugins/com.st.stm32cube.ide.mcu.externaltools.gnu-tools-for-stm32.10.3-2021.10.win32_1.0.200.202301161003/tools/bin/../lib/gcc/arm-none-eabi/10.3.1/../../../../arm-none-eabi/lib/thumb/v7e-m+dp/hard\libc.a
LOAD c:/st/stm32cubeide_1.11.2/stm32cubeide/plugins/com.st.stm32cube.ide.mcu.externaltools.gnu-tools-for-stm32.10.3-2021.10.win32_1.0.200.202301161003/tools/bin/../lib/gcc/arm-none-eabi/10.3.1/../../../../arm-none-eabi/lib/thumb/v7e-m+dp/hard\libm.a
LOAD c:/st/stm32cubeide_1.11.2/stm32cubeide/plugins/com.st.stm32cube.ide.mcu.externaltools.gnu-tools-for-stm32.10.3-2021.10.win32_1.0.200.202301161003/tools/bin/../lib/gcc/arm-none-eabi/10.3.1/thumb/v7e-m+dp/hard\libgcc.a

.debug_info     0x0000000000000000     0xea1f
 .debug_info    0x0000000000000000      0xdca ./Common/Src/system_stm32h7xx_dualcore_boot_cm4_cm7.o
 .debug_info    0x0000000000000dca      0x4de ./Core/Src/gpio.o
 .debug_info    0x00000000000012a8      0xfdd ./Core/Src/main.o
 .debug_info    0x0000000000002285      0x88b ./Core/Src/stm32h7xx_hal_msp.o
 .debug_info    0x0000000000002b10      0x151 ./Core/Src/stm32h7xx_it.o
 .debug_info    0x0000000000002c61      0xf3d ./Core/Src/usb_otg.o
 .debug_info    0x0000000000003b9e      0x266 ./Core/Src/level_2/task_generator.o
 .debug_info    0x0000000000003e04       0x22 ./Core/Startup/startup_stm32h755zitx.o
 .debug_info    0x0000000000003e26     0x182c ./Drivers/STM32H7xx_HAL_Driver/stm32h7xx_hal.o
 .debug_info    0x0000000000005652     0x1191 ./Drivers/STM32H7xx_HAL_Driver/stm32h7xx_hal_cortex.o
 .debug_info    0x00000000000067e3      0xde0 ./Drivers/STM32H7xx_HAL_Driver/stm32h7xx_hal_gpio.o
 .debug_info    0x00000000000075c3      0x3fd ./Drivers/STM32H7xx_HAL_Driver/stm32h7xx_hal_hsem.o
 .debug_info    0x00000000000079c0     0x169b ./Drivers/STM32H7xx_HAL_Driver/stm32h7xx_hal_pcd.o
 .debug_info    0x000000000000905b      0x8fb ./Drivers/STM32H7xx_HAL_Driver/stm32h7xx_hal_pcd_ex.o
 .debug_info    0x0000000000009956     0x12c2 ./Drivers/STM32H7xx_HAL_Driver/stm32h7xx_hal_pwr_ex.o
 .debug_info    0x000000000000ac18      0xf48 ./Drivers/STM32H7xx_HAL_Driver/stm32h7xx_hal_rcc.o
 .debug_info    0x000000000000bb60     0x1394 ./Drivers/STM32H7xx_HAL_Driver/stm32h7xx_hal_rcc_ex.o
 .debug_info    0x000000000000cef4     0x1b2b ./Drivers/STM32H7xx_HAL_Driver/stm32h7xx_ll_usb.o

.debug_abbrev   0x0000000000000000     0x22ec
 .debug_abbrev  0x0000000000000000      0x147 ./Common/Src/system_stm32h7xx_dualcore_boot_cm4_cm7.o
 .debug_abbrev  0x0000000000000147       0xe5 ./Core/Src/gpio.o
 .debug_abbrev  0x000000000000022c      0x2ac ./Core/Src/main.o
 .debug_abbrev  0x00000000000004d8      0x11b ./Core/Src/stm32h7xx_hal_msp.o
 .debug_abbrev  0x00000000000005f3       0x87 ./Core/Src/stm32h7xx_it.o
 .debug_abbrev  0x000000000000067a      0x245 ./Core/Src/usb_otg.o
 .debug_abbrev  0x00000000000008bf      0x12b ./Core/Src/level_2/task_generator.o
 .debug_abbrev  0x00000000000009ea       0x12 ./Core/Startup/startup_stm32h755zitx.o
 .debug_abbrev  0x00000000000009fc      0x289 ./Drivers/STM32H7xx_HAL_Driver/stm32h7xx_hal.o
 .debug_abbrev  0x0000000000000c85      0x329 ./Drivers/STM32H7xx_HAL_Driver/stm32h7xx_hal_cortex.o
 .debug_abbrev  0x0000000000000fae      0x1ec ./Drivers/STM32H7xx_HAL_Driver/stm32h7xx_hal_gpio.o
 .debug_abbrev  0x000000000000119a      0x1d0 ./Drivers/STM32H7xx_HAL_Driver/stm32h7xx_hal_hsem.o
 .debug_abbrev  0x000000000000136a      0x2d2 ./Drivers/STM32H7xx_HAL_Driver/stm32h7xx_hal_pcd.o
 .debug_abbrev  0x000000000000163c      0x24a ./Drivers/STM32H7xx_HAL_Driver/stm32h7xx_hal_pcd_ex.o
 .debug_abbrev  0x0000000000001886      0x2bc ./Drivers/STM32H7xx_HAL_Driver/stm32h7xx_hal_pwr_ex.o
 .debug_abbrev  0x0000000000001b42      0x2b8 ./Drivers/STM32H7xx_HAL_Driver/stm32h7xx_hal_rcc.o
 .debug_abbrev  0x0000000000001dfa      0x25c ./Drivers/STM32H7xx_HAL_Driver/stm32h7xx_hal_rcc_ex.o
 .debug_abbrev  0x0000000000002056      0x296 ./Drivers/STM32H7xx_HAL_Driver/stm32h7xx_ll_usb.o

.debug_aranges  0x0000000000000000      0xba8
 .debug_aranges
                0x0000000000000000       0x28 ./Common/Src/system_stm32h7xx_dualcore_boot_cm4_cm7.o
 .debug_aranges
                0x0000000000000028       0x20 ./Core/Src/gpio.o
 .debug_aranges
                0x0000000000000048       0x30 ./Core/Src/main.o
 .debug_aranges
                0x0000000000000078       0x20 ./Core/Src/stm32h7xx_hal_msp.o
 .debug_aranges
                0x0000000000000098       0x68 ./Core/Src/stm32h7xx_it.o
 .debug_aranges
                0x0000000000000100       0x30 ./Core/Src/usb_otg.o
 .debug_aranges
                0x0000000000000130       0x30 ./Core/Src/level_2/task_generator.o
 .debug_aranges
                0x0000000000000160       0x28 ./Core/Startup/startup_stm32h755zitx.o
 .debug_aranges
                0x0000000000000188      0x200 ./Drivers/STM32H7xx_HAL_Driver/stm32h7xx_hal.o
 .debug_aranges
                0x0000000000000388      0x120 ./Drivers/STM32H7xx_HAL_Driver/stm32h7xx_hal_cortex.o
 .debug_aranges
                0x00000000000004a8       0x58 ./Drivers/STM32H7xx_HAL_Driver/stm32h7xx_hal_gpio.o
 .debug_aranges
                0x0000000000000500       0x70 ./Drivers/STM32H7xx_HAL_Driver/stm32h7xx_hal_hsem.o
 .debug_aranges
                0x0000000000000570      0x140 ./Drivers/STM32H7xx_HAL_Driver/stm32h7xx_hal_pcd.o
 .debug_aranges
                0x00000000000006b0       0x60 ./Drivers/STM32H7xx_HAL_Driver/stm32h7xx_hal_pcd_ex.o
 .debug_aranges
                0x0000000000000710      0x170 ./Drivers/STM32H7xx_HAL_Driver/stm32h7xx_hal_pwr_ex.o
 .debug_aranges
                0x0000000000000880       0x88 ./Drivers/STM32H7xx_HAL_Driver/stm32h7xx_hal_rcc.o
 .debug_aranges
                0x0000000000000908      0x100 ./Drivers/STM32H7xx_HAL_Driver/stm32h7xx_hal_rcc_ex.o
 .debug_aranges
                0x0000000000000a08      0x1a0 ./Drivers/STM32H7xx_HAL_Driver/stm32h7xx_ll_usb.o

.debug_ranges   0x0000000000000000      0xa90
 .debug_ranges  0x0000000000000000       0x18 ./Common/Src/system_stm32h7xx_dualcore_boot_cm4_cm7.o
 .debug_ranges  0x0000000000000018       0x10 ./Core/Src/gpio.o
 .debug_ranges  0x0000000000000028       0x20 ./Core/Src/main.o
 .debug_ranges  0x0000000000000048       0x10 ./Core/Src/stm32h7xx_hal_msp.o
 .debug_ranges  0x0000000000000058       0x58 ./Core/Src/stm32h7xx_it.o
 .debug_ranges  0x00000000000000b0       0x20 ./Core/Src/usb_otg.o
 .debug_ranges  0x00000000000000d0       0x20 ./Core/Src/level_2/task_generator.o
 .debug_ranges  0x00000000000000f0       0x20 ./Core/Startup/startup_stm32h755zitx.o
 .debug_ranges  0x0000000000000110      0x1f0 ./Drivers/STM32H7xx_HAL_Driver/stm32h7xx_hal.o
 .debug_ranges  0x0000000000000300      0x110 ./Drivers/STM32H7xx_HAL_Driver/stm32h7xx_hal_cortex.o
 .debug_ranges  0x0000000000000410       0x48 ./Drivers/STM32H7xx_HAL_Driver/stm32h7xx_hal_gpio.o
 .debug_ranges  0x0000000000000458       0x60 ./Drivers/STM32H7xx_HAL_Driver/stm32h7xx_hal_hsem.o
 .debug_ranges  0x00000000000004b8      0x130 ./Drivers/STM32H7xx_HAL_Driver/stm32h7xx_hal_pcd.o
 .debug_ranges  0x00000000000005e8       0x50 ./Drivers/STM32H7xx_HAL_Driver/stm32h7xx_hal_pcd_ex.o
 .debug_ranges  0x0000000000000638      0x160 ./Drivers/STM32H7xx_HAL_Driver/stm32h7xx_hal_pwr_ex.o
 .debug_ranges  0x0000000000000798       0x78 ./Drivers/STM32H7xx_HAL_Driver/stm32h7xx_hal_rcc.o
 .debug_ranges  0x0000000000000810       0xf0 ./Drivers/STM32H7xx_HAL_Driver/stm32h7xx_hal_rcc_ex.o
 .debug_ranges  0x0000000000000900      0x190 ./Drivers/STM32H7xx_HAL_Driver/stm32h7xx_ll_usb.o

.debug_macro    0x0000000000000000    0x39529
 .debug_macro   0x0000000000000000      0x2a4 ./Common/Src/system_stm32h7xx_dualcore_boot_cm4_cm7.o
 .debug_macro   0x00000000000002a4      0xa96 ./Common/Src/system_stm32h7xx_dualcore_boot_cm4_cm7.o
 .debug_macro   0x0000000000000d3a       0x2e ./Common/Src/system_stm32h7xx_dualcore_boot_cm4_cm7.o
 .debug_macro   0x0000000000000d68       0x49 ./Common/Src/system_stm32h7xx_dualcore_boot_cm4_cm7.o
 .debug_macro   0x0000000000000db1       0x22 ./Common/Src/system_stm32h7xx_dualcore_boot_cm4_cm7.o
 .debug_macro   0x0000000000000dd3       0x8e ./Common/Src/system_stm32h7xx_dualcore_boot_cm4_cm7.o
 .debug_macro   0x0000000000000e61       0x51 ./Common/Src/system_stm32h7xx_dualcore_boot_cm4_cm7.o
 .debug_macro   0x0000000000000eb2      0x103 ./Common/Src/system_stm32h7xx_dualcore_boot_cm4_cm7.o
 .debug_macro   0x0000000000000fb5       0x6a ./Common/Src/system_stm32h7xx_dualcore_boot_cm4_cm7.o
 .debug_macro   0x000000000000101f      0x1df ./Common/Src/system_stm32h7xx_dualcore_boot_cm4_cm7.o
 .debug_macro   0x00000000000011fe       0x1c ./Common/Src/system_stm32h7xx_dualcore_boot_cm4_cm7.o
 .debug_macro   0x000000000000121a       0x22 ./Common/Src/system_stm32h7xx_dualcore_boot_cm4_cm7.o
 .debug_macro   0x000000000000123c       0xfb ./Common/Src/system_stm32h7xx_dualcore_boot_cm4_cm7.o
 .debug_macro   0x0000000000001337     0x1305 ./Common/Src/system_stm32h7xx_dualcore_boot_cm4_cm7.o
 .debug_macro   0x000000000000263c      0x11f ./Common/Src/system_stm32h7xx_dualcore_boot_cm4_cm7.o
 .debug_macro   0x000000000000275b       0x27 ./Common/Src/system_stm32h7xx_dualcore_boot_cm4_cm7.o
 .debug_macro   0x0000000000002782    0x27373 ./Common/Src/system_stm32h7xx_dualcore_boot_cm4_cm7.o
 .debug_macro   0x0000000000029af5       0x6d ./Common/Src/system_stm32h7xx_dualcore_boot_cm4_cm7.o
 .debug_macro   0x0000000000029b62      0x232 ./Common/Src/system_stm32h7xx_dualcore_boot_cm4_cm7.o
 .debug_macro   0x0000000000029d94     0x3d22 ./Common/Src/system_stm32h7xx_dualcore_boot_cm4_cm7.o
 .debug_macro   0x000000000002dab6      0x174 ./Common/Src/system_stm32h7xx_dualcore_boot_cm4_cm7.o
 .debug_macro   0x000000000002dc2a       0x52 ./Common/Src/system_stm32h7xx_dualcore_boot_cm4_cm7.o
 .debug_macro   0x000000000002dc7c       0x1d ./Common/Src/system_stm32h7xx_dualcore_boot_cm4_cm7.o
 .debug_macro   0x000000000002dc99       0x3c ./Common/Src/system_stm32h7xx_dualcore_boot_cm4_cm7.o
 .debug_macro   0x000000000002dcd5       0x34 ./Common/Src/system_stm32h7xx_dualcore_boot_cm4_cm7.o
 .debug_macro   0x000000000002dd09       0x16 ./Common/Src/system_stm32h7xx_dualcore_boot_cm4_cm7.o
 .debug_macro   0x000000000002dd1f       0x43 ./Common/Src/system_stm32h7xx_dualcore_boot_cm4_cm7.o
 .debug_macro   0x000000000002dd62       0x34 ./Common/Src/system_stm32h7xx_dualcore_boot_cm4_cm7.o
 .debug_macro   0x000000000002dd96       0x10 ./Common/Src/system_stm32h7xx_dualcore_boot_cm4_cm7.o
 .debug_macro   0x000000000002dda6       0x58 ./Common/Src/system_stm32h7xx_dualcore_boot_cm4_cm7.o
 .debug_macro   0x000000000002ddfe       0x71 ./Common/Src/system_stm32h7xx_dualcore_boot_cm4_cm7.o
 .debug_macro   0x000000000002de6f       0x1c ./Common/Src/system_stm32h7xx_dualcore_boot_cm4_cm7.o
 .debug_macro   0x000000000002de8b      0x12a ./Common/Src/system_stm32h7xx_dualcore_boot_cm4_cm7.o
 .debug_macro   0x000000000002dfb5      0x341 ./Common/Src/system_stm32h7xx_dualcore_boot_cm4_cm7.o
 .debug_macro   0x000000000002e2f6      0x19b ./Common/Src/system_stm32h7xx_dualcore_boot_cm4_cm7.o
 .debug_macro   0x000000000002e491       0x5d ./Common/Src/system_stm32h7xx_dualcore_boot_cm4_cm7.o
 .debug_macro   0x000000000002e4ee     0x3b99 ./Common/Src/system_stm32h7xx_dualcore_boot_cm4_cm7.o
 .debug_macro   0x0000000000032087     0x1048 ./Common/Src/system_stm32h7xx_dualcore_boot_cm4_cm7.o
 .debug_macro   0x00000000000330cf      0x14d ./Common/Src/system_stm32h7xx_dualcore_boot_cm4_cm7.o
 .debug_macro   0x000000000003321c      0x130 ./Common/Src/system_stm32h7xx_dualcore_boot_cm4_cm7.o
 .debug_macro   0x000000000003334c      0x3be ./Common/Src/system_stm32h7xx_dualcore_boot_cm4_cm7.o
 .debug_macro   0x000000000003370a       0xac ./Common/Src/system_stm32h7xx_dualcore_boot_cm4_cm7.o
 .debug_macro   0x00000000000337b6      0x72d ./Common/Src/system_stm32h7xx_dualcore_boot_cm4_cm7.o
 .debug_macro   0x0000000000033ee3      0x228 ./Common/Src/system_stm32h7xx_dualcore_boot_cm4_cm7.o
 .debug_macro   0x000000000003410b       0x66 ./Common/Src/system_stm32h7xx_dualcore_boot_cm4_cm7.o
 .debug_macro   0x0000000000034171      0x3bb ./Common/Src/system_stm32h7xx_dualcore_boot_cm4_cm7.o
 .debug_macro   0x000000000003452c      0x407 ./Common/Src/system_stm32h7xx_dualcore_boot_cm4_cm7.o
 .debug_macro   0x0000000000034933      0x27c ./Common/Src/system_stm32h7xx_dualcore_boot_cm4_cm7.o
 .debug_macro   0x0000000000034baf      0x3ca ./Common/Src/system_stm32h7xx_dualcore_boot_cm4_cm7.o
 .debug_macro   0x0000000000034f79      0x4a2 ./Common/Src/system_stm32h7xx_dualcore_boot_cm4_cm7.o
 .debug_macro   0x000000000003541b       0x51 ./Common/Src/system_stm32h7xx_dualcore_boot_cm4_cm7.o
 .debug_macro   0x000000000003546c       0x4a ./Common/Src/system_stm32h7xx_dualcore_boot_cm4_cm7.o
 .debug_macro   0x00000000000354b6      0x22c ./Common/Src/system_stm32h7xx_dualcore_boot_cm4_cm7.o
 .debug_macro   0x00000000000356e2       0x67 ./Common/Src/system_stm32h7xx_dualcore_boot_cm4_cm7.o
 .debug_macro   0x0000000000035749       0xa5 ./Common/Src/system_stm32h7xx_dualcore_boot_cm4_cm7.o
 .debug_macro   0x00000000000357ee      0x218 ./Common/Src/system_stm32h7xx_dualcore_boot_cm4_cm7.o
 .debug_macro   0x0000000000035a06      0x2ea ./Common/Src/system_stm32h7xx_dualcore_boot_cm4_cm7.o
 .debug_macro   0x0000000000035cf0       0x35 ./Common/Src/system_stm32h7xx_dualcore_boot_cm4_cm7.o
 .debug_macro   0x0000000000035d25      0x248 ./Common/Src/system_stm32h7xx_dualcore_boot_cm4_cm7.o
 .debug_macro   0x0000000000035f6d       0x90 ./Common/Src/system_stm32h7xx_dualcore_boot_cm4_cm7.o
 .debug_macro   0x0000000000035ffd      0x798 ./Common/Src/system_stm32h7xx_dualcore_boot_cm4_cm7.o
 .debug_macro   0x0000000000036795      0x2b8 ./Core/Src/gpio.o
 .debug_macro   0x0000000000036a4d      0x314 ./Core/Src/main.o
 .debug_macro   0x0000000000036d61       0x16 ./Core/Src/main.o
 .debug_macro   0x0000000000036d77       0x35 ./Core/Src/main.o
 .debug_macro   0x0000000000036dac       0x20 ./Core/Src/main.o
 .debug_macro   0x0000000000036dcc       0x94 ./Core/Src/main.o
 .debug_macro   0x0000000000036e60       0x76 ./Core/Src/main.o
 .debug_macro   0x0000000000036ed6      0x2ae ./Core/Src/stm32h7xx_hal_msp.o
 .debug_macro   0x0000000000037184      0x2b8 ./Core/Src/stm32h7xx_it.o
 .debug_macro   0x000000000003743c      0x2b8 ./Core/Src/usb_otg.o
 .debug_macro   0x00000000000376f4      0x2f6 ./Core/Src/level_2/task_generator.o
 .debug_macro   0x00000000000379ea      0x2ce ./Drivers/STM32H7xx_HAL_Driver/stm32h7xx_hal.o
 .debug_macro   0x0000000000037cb8      0x2a4 ./Drivers/STM32H7xx_HAL_Driver/stm32h7xx_hal_cortex.o
 .debug_macro   0x0000000000037f5c      0x2b8 ./Drivers/STM32H7xx_HAL_Driver/stm32h7xx_hal_gpio.o
 .debug_macro   0x0000000000038214      0x2b6 ./Drivers/STM32H7xx_HAL_Driver/stm32h7xx_hal_hsem.o
 .debug_macro   0x00000000000384ca      0x2b0 ./Drivers/STM32H7xx_HAL_Driver/stm32h7xx_hal_pcd.o
 .debug_macro   0x000000000003877a      0x2a4 ./Drivers/STM32H7xx_HAL_Driver/stm32h7xx_hal_pcd_ex.o
 .debug_macro   0x0000000000038a1e      0x2dd ./Drivers/STM32H7xx_HAL_Driver/stm32h7xx_hal_pwr_ex.o
 .debug_macro   0x0000000000038cfb      0x2c8 ./Drivers/STM32H7xx_HAL_Driver/stm32h7xx_hal_rcc.o
 .debug_macro   0x0000000000038fc3      0x2c2 ./Drivers/STM32H7xx_HAL_Driver/stm32h7xx_hal_rcc_ex.o
 .debug_macro   0x0000000000039285      0x2a4 ./Drivers/STM32H7xx_HAL_Driver/stm32h7xx_ll_usb.o

.debug_line     0x0000000000000000     0xf728
 .debug_line    0x0000000000000000      0xab1 ./Common/Src/system_stm32h7xx_dualcore_boot_cm4_cm7.o
 .debug_line    0x0000000000000ab1      0x842 ./Core/Src/gpio.o
 .debug_line    0x00000000000012f3      0xb40 ./Core/Src/main.o
 .debug_line    0x0000000000001e33      0x845 ./Core/Src/stm32h7xx_hal_msp.o
 .debug_line    0x0000000000002678      0x91f ./Core/Src/stm32h7xx_it.o
 .debug_line    0x0000000000002f97      0x8d6 ./Core/Src/usb_otg.o
 .debug_line    0x000000000000386d      0x9bf ./Core/Src/level_2/task_generator.o
 .debug_line    0x000000000000422c       0x88 ./Core/Startup/startup_stm32h755zitx.o
 .debug_line    0x00000000000042b4      0xff0 ./Drivers/STM32H7xx_HAL_Driver/stm32h7xx_hal.o
 .debug_line    0x00000000000052a4      0xea3 ./Drivers/STM32H7xx_HAL_Driver/stm32h7xx_hal_cortex.o
 .debug_line    0x0000000000006147      0xd54 ./Drivers/STM32H7xx_HAL_Driver/stm32h7xx_hal_gpio.o
 .debug_line    0x0000000000006e9b      0xa53 ./Drivers/STM32H7xx_HAL_Driver/stm32h7xx_hal_hsem.o
 .debug_line    0x00000000000078ee     0x166b ./Drivers/STM32H7xx_HAL_Driver/stm32h7xx_hal_pcd.o
 .debug_line    0x0000000000008f59      0xab3 ./Drivers/STM32H7xx_HAL_Driver/stm32h7xx_hal_pcd_ex.o
 .debug_line    0x0000000000009a0c     0x10be ./Drivers/STM32H7xx_HAL_Driver/stm32h7xx_hal_pwr_ex.o
 .debug_line    0x000000000000aaca     0x13ff ./Drivers/STM32H7xx_HAL_Driver/stm32h7xx_hal_rcc.o
 .debug_line    0x000000000000bec9     0x1bd1 ./Drivers/STM32H7xx_HAL_Driver/stm32h7xx_hal_rcc_ex.o
 .debug_line    0x000000000000da9a     0x1c8e ./Drivers/STM32H7xx_HAL_Driver/stm32h7xx_ll_usb.o

.debug_str      0x0000000000000000   0x17556b
 .debug_str     0x0000000000000000   0x170702 ./Common/Src/system_stm32h7xx_dualcore_boot_cm4_cm7.o
                                     0x170b6c (size before relaxing)
 .debug_str     0x0000000000170702       0x3d ./Core/Src/gpio.o
                                     0x170712 (size before relaxing)
 .debug_str     0x000000000017073f      0x962 ./Core/Src/main.o
                                     0x1711a8 (size before relaxing)
 .debug_str     0x00000000001710a1      0x85c ./Core/Src/stm32h7xx_hal_msp.o
                                     0x170fb2 (size before relaxing)
 .debug_str     0x00000000001718fd       0xee ./Core/Src/stm32h7xx_it.o
                                     0x170596 (size before relaxing)
 .debug_str     0x00000000001719eb      0x7ee ./Core/Src/usb_otg.o
                                     0x170fe5 (size before relaxing)
 .debug_str     0x00000000001721d9       0xb5 ./Core/Src/level_2/task_generator.o
                                     0x170bc7 (size before relaxing)
 .debug_str     0x000000000017228e       0x36 ./Core/Startup/startup_stm32h755zitx.o
                                         0xe2 (size before relaxing)
 .debug_str     0x00000000001722c4      0xa12 ./Drivers/STM32H7xx_HAL_Driver/stm32h7xx_hal.o
                                     0x171c1f (size before relaxing)
 .debug_str     0x0000000000172cd6      0x3d5 ./Drivers/STM32H7xx_HAL_Driver/stm32h7xx_hal_cortex.o
                                     0x17144e (size before relaxing)
 .debug_str     0x00000000001730ab      0x1fc ./Drivers/STM32H7xx_HAL_Driver/stm32h7xx_hal_gpio.o
                                     0x170b11 (size before relaxing)
 .debug_str     0x00000000001732a7      0x235 ./Drivers/STM32H7xx_HAL_Driver/stm32h7xx_hal_hsem.o
                                     0x17079c (size before relaxing)
 .debug_str     0x00000000001734dc      0x8be ./Drivers/STM32H7xx_HAL_Driver/stm32h7xx_hal_pcd.o
                                     0x171233 (size before relaxing)
 .debug_str     0x0000000000173d9a      0x213 ./Drivers/STM32H7xx_HAL_Driver/stm32h7xx_hal_pcd_ex.o
                                     0x170bd0 (size before relaxing)
 .debug_str     0x0000000000173fad      0x702 ./Drivers/STM32H7xx_HAL_Driver/stm32h7xx_hal_pwr_ex.o
                                     0x17101c (size before relaxing)
 .debug_str     0x00000000001746af      0x2b9 ./Drivers/STM32H7xx_HAL_Driver/stm32h7xx_hal_rcc.o
                                     0x170e92 (size before relaxing)
 .debug_str     0x0000000000174968      0x720 ./Drivers/STM32H7xx_HAL_Driver/stm32h7xx_hal_rcc_ex.o
                                     0x17139e (size before relaxing)
 .debug_str     0x0000000000175088      0x4e3 ./Drivers/STM32H7xx_HAL_Driver/stm32h7xx_ll_usb.o
                                     0x1710ba (size before relaxing)

.comment        0x0000000000000000       0x50
 .comment       0x0000000000000000       0x50 ./Common/Src/system_stm32h7xx_dualcore_boot_cm4_cm7.o
                                         0x51 (size before relaxing)
 .comment       0x0000000000000050       0x51 ./Core/Src/gpio.o
 .comment       0x0000000000000050       0x51 ./Core/Src/main.o
 .comment       0x0000000000000050       0x51 ./Core/Src/stm32h7xx_hal_msp.o
 .comment       0x0000000000000050       0x51 ./Core/Src/stm32h7xx_it.o
 .comment       0x0000000000000050       0x51 ./Core/Src/usb_otg.o
 .comment       0x0000000000000050       0x51 ./Core/Src/level_2/task_generator.o
 .comment       0x0000000000000050       0x51 ./Drivers/STM32H7xx_HAL_Driver/stm32h7xx_hal.o
 .comment       0x0000000000000050       0x51 ./Drivers/STM32H7xx_HAL_Driver/stm32h7xx_hal_cortex.o
 .comment       0x0000000000000050       0x51 ./Drivers/STM32H7xx_HAL_Driver/stm32h7xx_hal_gpio.o
 .comment       0x0000000000000050       0x51 ./Drivers/STM32H7xx_HAL_Driver/stm32h7xx_hal_hsem.o
 .comment       0x0000000000000050       0x51 ./Drivers/STM32H7xx_HAL_Driver/stm32h7xx_hal_pcd.o
 .comment       0x0000000000000050       0x51 ./Drivers/STM32H7xx_HAL_Driver/stm32h7xx_hal_pcd_ex.o
 .comment       0x0000000000000050       0x51 ./Drivers/STM32H7xx_HAL_Driver/stm32h7xx_hal_pwr_ex.o
 .comment       0x0000000000000050       0x51 ./Drivers/STM32H7xx_HAL_Driver/stm32h7xx_hal_rcc.o
 .comment       0x0000000000000050       0x51 ./Drivers/STM32H7xx_HAL_Driver/stm32h7xx_hal_rcc_ex.o
 .comment       0x0000000000000050       0x51 ./Drivers/STM32H7xx_HAL_Driver/stm32h7xx_ll_usb.o

.debug_frame    0x0000000000000000     0x2e60
 .debug_frame   0x0000000000000000       0x58 ./Common/Src/system_stm32h7xx_dualcore_boot_cm4_cm7.o
 .debug_frame   0x0000000000000058       0x38 ./Core/Src/gpio.o
 .debug_frame   0x0000000000000090       0x6c ./Core/Src/main.o
 .debug_frame   0x00000000000000fc       0x34 ./Core/Src/stm32h7xx_hal_msp.o
 .debug_frame   0x0000000000000130      0x120 ./Core/Src/stm32h7xx_it.o
 .debug_frame   0x0000000000000250       0x78 ./Core/Src/usb_otg.o
 .debug_frame   0x00000000000002c8       0x7c ./Core/Src/level_2/task_generator.o
 .debug_frame   0x0000000000000344      0x848 ./Drivers/STM32H7xx_HAL_Driver/stm32h7xx_hal.o
 .debug_frame   0x0000000000000b8c      0x4b8 ./Drivers/STM32H7xx_HAL_Driver/stm32h7xx_hal_cortex.o
 .debug_frame   0x0000000000001044      0x14c ./Drivers/STM32H7xx_HAL_Driver/stm32h7xx_hal_gpio.o
 .debug_frame   0x0000000000001190      0x1bc ./Drivers/STM32H7xx_HAL_Driver/stm32h7xx_hal_hsem.o
 .debug_frame   0x000000000000134c      0x594 ./Drivers/STM32H7xx_HAL_Driver/stm32h7xx_hal_pcd.o
 .debug_frame   0x00000000000018e0      0x174 ./Drivers/STM32H7xx_HAL_Driver/stm32h7xx_hal_pcd_ex.o
 .debug_frame   0x0000000000001a54      0x5ec ./Drivers/STM32H7xx_HAL_Driver/stm32h7xx_hal_pwr_ex.o
 .debug_frame   0x0000000000002040      0x1f8 ./Drivers/STM32H7xx_HAL_Driver/stm32h7xx_hal_rcc.o
 .debug_frame   0x0000000000002238      0x41c ./Drivers/STM32H7xx_HAL_Driver/stm32h7xx_hal_rcc_ex.o
 .debug_frame   0x0000000000002654      0x7c0 ./Drivers/STM32H7xx_HAL_Driver/stm32h7xx_ll_usb.o
 .debug_frame   0x0000000000002e14       0x2c c:/st/stm32cubeide_1.11.2/stm32cubeide/plugins/com.st.stm32cube.ide.mcu.externaltools.gnu-tools-for-stm32.10.3-2021.10.win32_1.0.200.202301161003/tools/bin/../lib/gcc/arm-none-eabi/10.3.1/../../../../arm-none-eabi/lib/thumb/v7e-m+dp/hard\libc_nano.a(lib_a-init.o)
 .debug_frame   0x0000000000002e40       0x20 c:/st/stm32cubeide_1.11.2/stm32cubeide/plugins/com.st.stm32cube.ide.mcu.externaltools.gnu-tools-for-stm32.10.3-2021.10.win32_1.0.200.202301161003/tools/bin/../lib/gcc/arm-none-eabi/10.3.1/../../../../arm-none-eabi/lib/thumb/v7e-m+dp/hard\libc_nano.a(lib_a-memset.o)
